Archive member included because of file (symbol)

/usr/lib/gcc/avr/4.8.2/../../../avr/lib/avr5/libm.a(fixsfsi.o)
                              Crash.o (__fixsfsi)
/usr/lib/gcc/avr/4.8.2/../../../avr/lib/avr5/libm.a(fixunssfsi.o)
                              Crash.o (__fixunssfsi)
/usr/lib/gcc/avr/4.8.2/../../../avr/lib/avr5/libm.a(floatsisf.o)
                              Crash.o (__floatunsisf)
/usr/lib/gcc/avr/4.8.2/../../../avr/lib/avr5/libm.a(fp_split3.o)
                              /usr/lib/gcc/avr/4.8.2/../../../avr/lib/avr5/libm.a(fixunssfsi.o) (__fp_splitA)
/usr/lib/gcc/avr/4.8.2/../../../avr/lib/avr5/libm.a(fp_zero.o)
                              /usr/lib/gcc/avr/4.8.2/../../../avr/lib/avr5/libm.a(fixunssfsi.o) (__fp_zero)
/usr/lib/gcc/avr/4.8.2/../../../avr/lib/avr5/libm.a(mulsf3.o)
                              Crash.o (__mulsf3)
/usr/lib/gcc/avr/4.8.2/../../../avr/lib/avr5/libm.a(mulsf3x.o)
                              /usr/lib/gcc/avr/4.8.2/../../../avr/lib/avr5/libm.a(mulsf3.o) (__mulsf3x)
/usr/lib/gcc/avr/4.8.2/../../../avr/lib/avr5/libm.a(fp_inf.o)
                              /usr/lib/gcc/avr/4.8.2/../../../avr/lib/avr5/libm.a(mulsf3x.o) (__fp_inf)
/usr/lib/gcc/avr/4.8.2/../../../avr/lib/avr5/libm.a(fp_nan.o)
                              /usr/lib/gcc/avr/4.8.2/../../../avr/lib/avr5/libm.a(mulsf3x.o) (__fp_nan)
/usr/lib/gcc/avr/4.8.2/../../../avr/lib/avr5/libm.a(fp_pscA.o)
                              /usr/lib/gcc/avr/4.8.2/../../../avr/lib/avr5/libm.a(mulsf3x.o) (__fp_pscA)
/usr/lib/gcc/avr/4.8.2/../../../avr/lib/avr5/libm.a(fp_pscB.o)
                              /usr/lib/gcc/avr/4.8.2/../../../avr/lib/avr5/libm.a(mulsf3x.o) (__fp_pscB)
/usr/lib/gcc/avr/4.8.2/../../../avr/lib/avr5/libm.a(fp_round.o)
                              /usr/lib/gcc/avr/4.8.2/../../../avr/lib/avr5/libm.a(mulsf3.o) (__fp_round)
/usr/lib/gcc/avr/4.8.2/avr5/libgcc.a(_umulhisi3.o)
                              ../../../RP6Lib/RP6base/RP6RobotBaseLib.o (__umulhisi3)
/usr/lib/gcc/avr/4.8.2/avr5/libgcc.a(_udivmodhi4.o)
                              Drive.o (__udivmodhi4)
/usr/lib/gcc/avr/4.8.2/avr5/libgcc.a(_udivmodsi4.o)
                              ../../../RP6Lib/RP6base/RP6RobotBaseLib.o (__udivmodsi4)
/usr/lib/gcc/avr/4.8.2/avr5/libgcc.a(_exit.o)
                              /usr/lib/gcc/avr/4.8.2/../../../avr/lib/avr5/crtm32.o (exit)
/usr/lib/gcc/avr/4.8.2/avr5/libgcc.a(_tablejump.o)
                              ../../../RP6Lib/RP6base/RP6RobotBaseLib.o (__tablejump2__)
/usr/lib/gcc/avr/4.8.2/avr5/libgcc.a(_copy_data.o)
                              Drive.o (__do_copy_data)
/usr/lib/gcc/avr/4.8.2/avr5/libgcc.a(_clear_bss.o)
                              main.o (__do_clear_bss)
/usr/lib/gcc/avr/4.8.2/../../../avr/lib/avr5/libc.a(itoa.o)
                              ../../../RP6Lib/RP6common/RP6uart.o (itoa)
/usr/lib/gcc/avr/4.8.2/../../../avr/lib/avr5/libc.a(strrev.o)
                              /usr/lib/gcc/avr/4.8.2/../../../avr/lib/avr5/libc.a(itoa.o) (strrev)

Allocating common symbols
Common symbol       size              file

bumper_left         0x1               ../../../RP6Lib/RP6base/RP6RobotBaseLib.o
preStop_R           0x2               ../../../RP6Lib/RP6base/RP6RobotBaseLib.o
mright_des_speed    0x2               ../../../RP6Lib/RP6base/RP6RobotBaseLib.o
timer               0x2               main.o
mleft_des_speed     0x2               ../../../RP6Lib/RP6base/RP6RobotBaseLib.o
mleft_des_speed_tmp
                    0x2               ../../../RP6Lib/RP6base/RP6RobotBaseLib.o
uart_status         0x1               ../../../RP6Lib/RP6common/RP6uart.o
motion_status       0x1               main.o
sysStatACS          0x1               ../../../RP6Lib/RP6base/RP6RobotBaseLib.o
ircomm_send         0x1               ../../../RP6Lib/RP6base/RP6RobotBaseLib.o
overcurrent_error_clear
                    0x1               ../../../RP6Lib/RP6base/RP6RobotBaseLib.o
distanceToMove_R    0x2               ../../../RP6Lib/RP6base/RP6RobotBaseLib.o
acs_pulse           0x1               ../../../RP6Lib/RP6base/RP6RobotBaseLib.o
left_i              0x2               ../../../RP6Lib/RP6base/RP6RobotBaseLib.o
gDataArray          0x5a              MPU9250.o
IRCOMM_RC5_data     0x2               ../../../RP6Lib/RP6base/RP6RobotBaseLib.o
crashInfoToSend     0xd               Crash.o
motor_control       0x1               ../../../RP6Lib/RP6base/RP6RobotBaseLib.o
leds_on             0x1               ../../../RP6Lib/RP6base/RP6RobotBaseLib.o
mleft_power         0x2               ../../../RP6Lib/RP6base/RP6RobotBaseLib.o
mleft_speed         0x2               ../../../RP6Lib/RP6base/RP6RobotBaseLib.o
preDecelerate_R     0x2               ../../../RP6Lib/RP6base/RP6RobotBaseLib.o
sData               0x2               Drive.o
mright_des_speed_tmp
                    0x2               ../../../RP6Lib/RP6base/RP6RobotBaseLib.o
adc1                0x2               ../../../RP6Lib/RP6base/RP6RobotBaseLib.o
adcLSL              0x2               ../../../RP6Lib/RP6base/RP6RobotBaseLib.o
acs_timer           0x2               ../../../RP6Lib/RP6base/RP6RobotBaseLib.o
preStop_L           0x2               ../../../RP6Lib/RP6base/RP6RobotBaseLib.o
mright_power        0x2               ../../../RP6Lib/RP6base/RP6RobotBaseLib.o
mright_counter      0x2               ../../../RP6Lib/RP6base/RP6RobotBaseLib.o
ircomm_data_tmp     0x2               ../../../RP6Lib/RP6base/RP6RobotBaseLib.o
distanceToMove_L    0x2               ../../../RP6Lib/RP6base/RP6RobotBaseLib.o
stopwatches         0x11              ../../../RP6Lib/RP6base/RP6RobotBaseLib.o
overcurrent_timeout
                    0x1               ../../../RP6Lib/RP6base/RP6RobotBaseLib.o
obstacle_left       0x1               ../../../RP6Lib/RP6base/RP6RobotBaseLib.o
overcurrent_errors  0x1               ../../../RP6Lib/RP6base/RP6RobotBaseLib.o
overcurrent_timer   0x1               ../../../RP6Lib/RP6base/RP6RobotBaseLib.o
statusLEDs          0x1               main.o
mright_ptmp         0x1               ../../../RP6Lib/RP6base/RP6RobotBaseLib.o
sDataArray          0x1e              main.o
ircomm_data         0x2               ../../../RP6Lib/RP6base/RP6RobotBaseLib.o
adcLSR              0x2               ../../../RP6Lib/RP6base/RP6RobotBaseLib.o
speed_adjust_timer  0x1               ../../../RP6Lib/RP6base/RP6RobotBaseLib.o
obstacle_right      0x1               ../../../RP6Lib/RP6base/RP6RobotBaseLib.o
speed_timer         0x1               ../../../RP6Lib/RP6base/RP6RobotBaseLib.o
right_i             0x2               ../../../RP6Lib/RP6base/RP6RobotBaseLib.o
bumper_timer        0x1               ../../../RP6Lib/RP6base/RP6RobotBaseLib.o
mright_dist         0x2               ../../../RP6Lib/RP6base/RP6RobotBaseLib.o
preDecelerate_L     0x2               ../../../RP6Lib/RP6base/RP6RobotBaseLib.o
mleft_counter       0x2               ../../../RP6Lib/RP6base/RP6RobotBaseLib.o
adc0                0x2               ../../../RP6Lib/RP6base/RP6RobotBaseLib.o
delay_timer         0x1               ../../../RP6Lib/RP6base/RP6RobotBaseLib.o
adcMotorCurrentRight
                    0x2               ../../../RP6Lib/RP6base/RP6RobotBaseLib.o
ms_timer            0x1               ../../../RP6Lib/RP6base/RP6RobotBaseLib.o
mleft_dist          0x2               ../../../RP6Lib/RP6base/RP6RobotBaseLib.o
mright_speed        0x2               ../../../RP6Lib/RP6base/RP6RobotBaseLib.o
bumper_right        0x1               ../../../RP6Lib/RP6base/RP6RobotBaseLib.o
acs_event_counter   0x1               ../../../RP6Lib/RP6base/RP6RobotBaseLib.o
motion_status_tmp   0x1               ../../../RP6Lib/RP6base/RP6RobotBaseLib.o
adcBat              0x2               ../../../RP6Lib/RP6base/RP6RobotBaseLib.o
uart_receive_buffer
                    0x21              ../../../RP6Lib/RP6common/RP6uart.o
IRCOMM_RC5_data_ok  0x2               ../../../RP6Lib/RP6base/RP6RobotBaseLib.o
mleft_ptmp          0x1               ../../../RP6Lib/RP6base/RP6RobotBaseLib.o
adcMotorCurrentLeft
                    0x2               ../../../RP6Lib/RP6base/RP6RobotBaseLib.o

Memory Configuration

Name             Origin             Length             Attributes
text             0x00000000         0x00020000         xr
data             0x00800060         0x0000ffa0         rw !x
eeprom           0x00810000         0x00010000         rw !x
fuse             0x00820000         0x00000400         rw !x
lock             0x00830000         0x00000400         rw !x
signature        0x00840000         0x00000400         rw !x
user_signatures  0x00850000         0x00000400         rw !x
*default*        0x00000000         0xffffffff

Linker script and memory map

LOAD /usr/lib/gcc/avr/4.8.2/../../../avr/lib/avr5/crtm32.o
LOAD main.o
LOAD Drive.o
LOAD MPU9250.o
LOAD Crash.o
LOAD ../../../RP6Lib/RP6base/RP6RobotBaseLib.o
LOAD ../../../RP6Lib/RP6common/RP6uart.o
LOAD ../../../RP6Lib/RP6common/RP6I2CmasterTWI.o
LOAD /usr/lib/gcc/avr/4.8.2/../../../avr/lib/avr5/libm.a
START GROUP
LOAD /usr/lib/gcc/avr/4.8.2/avr5/libgcc.a
LOAD /usr/lib/gcc/avr/4.8.2/../../../avr/lib/avr5/libm.a
LOAD /usr/lib/gcc/avr/4.8.2/../../../avr/lib/avr5/libc.a
END GROUP

.hash
 *(.hash)

.dynsym
 *(.dynsym)

.dynstr
 *(.dynstr)

.gnu.version
 *(.gnu.version)

.gnu.version_d
 *(.gnu.version_d)

.gnu.version_r
 *(.gnu.version_r)

.rel.init
 *(.rel.init)

.rela.init
 *(.rela.init)

.rel.text
 *(.rel.text)
 *(.rel.text.*)
 *(.rel.gnu.linkonce.t*)

.rela.text
 *(.rela.text)
 *(.rela.text.*)
 *(.rela.gnu.linkonce.t*)

.rel.fini
 *(.rel.fini)

.rela.fini
 *(.rela.fini)

.rel.rodata
 *(.rel.rodata)
 *(.rel.rodata.*)
 *(.rel.gnu.linkonce.r*)

.rela.rodata
 *(.rela.rodata)
 *(.rela.rodata.*)
 *(.rela.gnu.linkonce.r*)

.rel.data
 *(.rel.data)
 *(.rel.data.*)
 *(.rel.gnu.linkonce.d*)

.rela.data
 *(.rela.data)
 *(.rela.data.*)
 *(.rela.gnu.linkonce.d*)

.rel.ctors
 *(.rel.ctors)

.rela.ctors
 *(.rela.ctors)

.rel.dtors
 *(.rel.dtors)

.rela.dtors
 *(.rela.dtors)

.rel.got
 *(.rel.got)

.rela.got
 *(.rela.got)

.rel.bss
 *(.rel.bss)

.rela.bss
 *(.rela.bss)

.rel.plt
 *(.rel.plt)

.rela.plt
 *(.rela.plt)

.text           0x00000000     0x26f8
 *(.vectors)
 .vectors       0x00000000       0x54 /usr/lib/gcc/avr/4.8.2/../../../avr/lib/avr5/crtm32.o
                0x00000000                __vectors
                0x00000000                __vector_default
 *(.vectors)
 *(.progmem.gcc*)
 .progmem.gcc_sw_table
                0x00000054        0xe ../../../RP6Lib/RP6base/RP6RobotBaseLib.o
 *(.progmem*)
 .progmem.data  0x00000062       0x1b main.o
 .progmem.data  0x0000007d      0x1be ../../../RP6Lib/RP6base/RP6RobotBaseLib.o
                0x0000023c                . = ALIGN (0x2)
 *fill*         0x0000023b        0x1 
                0x0000023c                __trampolines_start = .
 *(.trampolines)
 .trampolines   0x0000023c        0x0 linker stubs
 *(.trampolines*)
                0x0000023c                __trampolines_end = .
 *(.jumptables)
 *(.jumptables*)
 *(.lowtext)
 *(.lowtext*)
                0x0000023c                __ctors_start = .
 *(.ctors)
                0x0000023c                __ctors_end = .
                0x0000023c                __dtors_start = .
 *(.dtors)
                0x0000023c                __dtors_end = .
 SORT(*)(.ctors)
 SORT(*)(.dtors)
 *(.init0)
 .init0         0x0000023c        0x0 /usr/lib/gcc/avr/4.8.2/../../../avr/lib/avr5/crtm32.o
                0x0000023c                __init
 *(.init0)
 *(.init1)
 *(.init1)
 *(.init2)
 .init2         0x0000023c        0xc /usr/lib/gcc/avr/4.8.2/../../../avr/lib/avr5/crtm32.o
 *(.init2)
 *(.init3)
 *(.init3)
 *(.init4)
 .init4         0x00000248       0x16 /usr/lib/gcc/avr/4.8.2/avr5/libgcc.a(_copy_data.o)
                0x00000248                __do_copy_data
 .init4         0x0000025e       0x10 /usr/lib/gcc/avr/4.8.2/avr5/libgcc.a(_clear_bss.o)
                0x0000025e                __do_clear_bss
 *(.init4)
 *(.init5)
 *(.init5)
 *(.init6)
 *(.init6)
 *(.init7)
 *(.init7)
 *(.init8)
 *(.init8)
 *(.init9)
 .init9         0x0000026e        0x8 /usr/lib/gcc/avr/4.8.2/../../../avr/lib/avr5/crtm32.o
 *(.init9)
 *(.text)
 .text          0x00000276        0x4 /usr/lib/gcc/avr/4.8.2/../../../avr/lib/avr5/crtm32.o
                0x00000276                __vector_12
                0x00000276                __bad_interrupt
                0x00000276                __vector_6
                0x00000276                __vector_11
                0x00000276                __vector_17
                0x00000276                __vector_7
                0x00000276                __vector_5
                0x00000276                __vector_9
                0x00000276                __vector_15
                0x00000276                __vector_8
                0x00000276                __vector_14
                0x00000276                __vector_16
                0x00000276                __vector_18
                0x00000276                __vector_20
 .text          0x0000027a       0x1e main.o
                0x0000027a                I2C_transmissionError
 .text          0x00000298      0x134 Drive.o
                0x00000298                saveSpeedData
                0x000002d2                calculateAverageLeftSpeed
                0x000002fa                calculateAverageRightSpeed
                0x00000322                writeSpeed
 .text          0x000003cc      0x1ea MPU9250.o
                0x000003cc                initMPU9250
                0x000003d6                getGyroData
                0x0000046e                saveGyroData
                0x000004d0                writeGyro
 .text          0x000005b6      0x1d2 Crash.o
                0x000005b6                assignCrashInfo
                0x000006fc                sendCrashInfo
                0x0000075e                buttenChanged
 .text          0x00000788     0x1360 ../../../RP6Lib/RP6base/RP6RobotBaseLib.o
                0x00000788                BUMPERS_stateChanged_DUMMY
                0x0000078a                MOTIONCONTROL_stateChanged_DUMMY
                0x0000078c                IRCOMM_RC5dataReady_DUMMY
                0x0000078e                ACS_stateChanged_DUMMY
                0x00000790                enablePowerOnWarning
                0x0000079e                disablePowerOnWarning
                0x000007a6                updateStatusLEDs
                0x00000824                setLEDs
                0x0000082c                getBumperLeft
                0x00000844                getBumperRight
                0x0000085c                BUMPERS_setStateChangedHandler
                0x00000866                task_Bumpers
                0x000008a4                readADC
                0x000008c2                startADC
                0x000008cc                task_ADC
                0x00000958                __vector_1
                0x00000998                __vector_2
                0x000009d8                MOTIONCONTROL_setStateChangedHandler
                0x000009e2                moveAtSpeed
                0x00000a04                changeDirection
                0x00000a28                moveAtSpeedDirection
                0x00000a4c                isMovementComplete
                0x00000a5a                stop
                0x00000a94                setMotorPower
                0x00000ab6                setMotorDir
                0x00000adc                IRCOMM_sendRC5
                0x00000b14                __vector_4
                0x00000bd4                __vector_3
                0x00000c22                IRCOMM_setRC5DataReadyHandler
                0x00000c2c                ACS_setStateChangedHandler
                0x00000c36                task_ACS
                0x00000ebe                disableACS
                0x00000ed8                enableACS
                0x00000ef4                setACSPwrOff
                0x00000f02                setACSPwrLow
                0x00000f0c                setACSPwrMed
                0x00000f16                setACSPwrHigh
                0x00000f20                powerON
                0x00000f32                powerOFF
                0x00000f56                __vector_10
                0x000012e4                sleep
                0x000012f2                mSleep
                0x0000130c                delayCycles
                0x00001316                emergencyShutdown
                0x000013ee                task_motionControl
                0x00001824                extIntON
                0x0000182a                extIntOFF
                0x00001830                task_RP6System
                0x00001840                move
                0x00001974                rotate
                0x00001a5e                initRobotBase
 .text          0x00001ae8      0x250 ../../../RP6Lib/RP6common/RP6uart.o
                0x00001ae8                writeChar
                0x00001af0                writeString
                0x00001b08                writeNStringP
                0x00001b26                writeStringLength
                0x00001b60                writeInteger
                0x00001b9c                writeIntegerLength
                0x00001c1a                __vector_13
                0x00001c88                readChar
                0x00001cc4                readChars
                0x00001d0c                getBufferLength
                0x00001d18                clearReceptionBuffer
 .text          0x00001d38      0x5c0 ../../../RP6Lib/RP6common/RP6I2CmasterTWI.o
                0x00001d38                I2CTWI_requestedDataReady_DUMMY
                0x00001d3a                I2CTWI_transmissionError_DUMMY
                0x00001d3c                __I2CTWI_initMaster
                0x00001d58                I2CTWI_setRequestedDataReadyHandler
                0x00001d62                I2CTWI_setTransmissionErrorHandler
                0x00001d6c                I2CTWI_delay
                0x00001d8e                I2CTWI_getReceivedData
                0x00001db4                I2CTWI_getState
                0x00001dc0                task_I2CTWI
                0x00001e84                I2CTWI_requestDataFromDevice
                0x00001ed4                I2CTWI_requestRegisterFromDevice
                0x00001f2e                I2CTWI_readRegisters
                0x00001fc0                I2CTWI_readBytes
                0x00002038                I2CTWI_readByte
                0x00002092                I2CTWI_transmitByte
                0x000020ce                I2CTWI_transmit2Bytes
                0x00002114                I2CTWI_transmit3Bytes
                0x00002164                I2CTWI_transmit4Bytes
                0x000021bc                I2CTWI_transmitBytes
                0x0000221a                __vector_19
 .text          0x000022f8        0x0 /usr/lib/gcc/avr/4.8.2/../../../avr/lib/avr5/libm.a(fixsfsi.o)
 .text          0x000022f8        0x0 /usr/lib/gcc/avr/4.8.2/../../../avr/lib/avr5/libm.a(fixunssfsi.o)
 .text          0x000022f8        0x0 /usr/lib/gcc/avr/4.8.2/../../../avr/lib/avr5/libm.a(floatsisf.o)
 .text          0x000022f8        0x0 /usr/lib/gcc/avr/4.8.2/../../../avr/lib/avr5/libm.a(fp_split3.o)
 .text          0x000022f8        0x0 /usr/lib/gcc/avr/4.8.2/../../../avr/lib/avr5/libm.a(fp_zero.o)
 .text          0x000022f8        0x0 /usr/lib/gcc/avr/4.8.2/../../../avr/lib/avr5/libm.a(mulsf3.o)
 .text          0x000022f8        0x0 /usr/lib/gcc/avr/4.8.2/../../../avr/lib/avr5/libm.a(mulsf3x.o)
 .text          0x000022f8        0x0 /usr/lib/gcc/avr/4.8.2/../../../avr/lib/avr5/libm.a(fp_inf.o)
 .text          0x000022f8        0x0 /usr/lib/gcc/avr/4.8.2/../../../avr/lib/avr5/libm.a(fp_nan.o)
 .text          0x000022f8        0x0 /usr/lib/gcc/avr/4.8.2/../../../avr/lib/avr5/libm.a(fp_pscA.o)
 .text          0x000022f8        0x0 /usr/lib/gcc/avr/4.8.2/../../../avr/lib/avr5/libm.a(fp_pscB.o)
 .text          0x000022f8        0x0 /usr/lib/gcc/avr/4.8.2/../../../avr/lib/avr5/libm.a(fp_round.o)
 .text          0x000022f8        0x0 /usr/lib/gcc/avr/4.8.2/avr5/libgcc.a(_umulhisi3.o)
 .text          0x000022f8        0x0 /usr/lib/gcc/avr/4.8.2/avr5/libgcc.a(_udivmodhi4.o)
 .text          0x000022f8        0x0 /usr/lib/gcc/avr/4.8.2/avr5/libgcc.a(_udivmodsi4.o)
 .text          0x000022f8        0x0 /usr/lib/gcc/avr/4.8.2/avr5/libgcc.a(_exit.o)
 .text          0x000022f8        0x0 /usr/lib/gcc/avr/4.8.2/avr5/libgcc.a(_tablejump.o)
 .text          0x000022f8        0x0 /usr/lib/gcc/avr/4.8.2/avr5/libgcc.a(_copy_data.o)
 .text          0x000022f8        0x0 /usr/lib/gcc/avr/4.8.2/avr5/libgcc.a(_clear_bss.o)
 .text          0x000022f8        0x0 /usr/lib/gcc/avr/4.8.2/../../../avr/lib/avr5/libc.a(itoa.o)
 .text          0x000022f8        0x0 /usr/lib/gcc/avr/4.8.2/../../../avr/lib/avr5/libc.a(strrev.o)
                0x000022f8                . = ALIGN (0x2)
 *(.text.*)
 .text.startup  0x000022f8       0xc0 main.o
                0x000022f8                main
 .text.avr-libc.fplib
                0x000023b8        0xa /usr/lib/gcc/avr/4.8.2/../../../avr/lib/avr5/libm.a(fixsfsi.o)
                0x000023b8                __fixsfsi
 .text.avr-libc.fplib
                0x000023c2       0x58 /usr/lib/gcc/avr/4.8.2/../../../avr/lib/avr5/libm.a(fixunssfsi.o)
                0x000023c2                __fixunssfsi
 .text.avr-libc.fplib
                0x0000241a       0x7a /usr/lib/gcc/avr/4.8.2/../../../avr/lib/avr5/libm.a(floatsisf.o)
                0x0000241a                __floatunsisf
                0x0000241e                __floatsisf
 .text.avr-libc.fplib
                0x00002494       0x44 /usr/lib/gcc/avr/4.8.2/../../../avr/lib/avr5/libm.a(fp_split3.o)
                0x00002494                __fp_split3
                0x000024a4                __fp_splitA
 .text.avr-libc.fplib
                0x000024d8        0xe /usr/lib/gcc/avr/4.8.2/../../../avr/lib/avr5/libm.a(fp_zero.o)
                0x000024d8                __fp_zero
                0x000024da                __fp_szero
 .text.avr-libc.fplib
                0x000024e6        0x4 /usr/lib/gcc/avr/4.8.2/../../../avr/lib/avr5/libm.a(mulsf3.o)
                0x000024e6                __mulsf3
 .text.avr-libc.fplib
                0x000024ea       0xc2 /usr/lib/gcc/avr/4.8.2/../../../avr/lib/avr5/libm.a(mulsf3x.o)
                0x000024fe                __mulsf3x
                0x00002502                __mulsf3_pse
 .text.avr-libc.fplib
                0x000025ac        0xc /usr/lib/gcc/avr/4.8.2/../../../avr/lib/avr5/libm.a(fp_inf.o)
                0x000025ac                __fp_inf
 .text.avr-libc.fplib
                0x000025b8        0x6 /usr/lib/gcc/avr/4.8.2/../../../avr/lib/avr5/libm.a(fp_nan.o)
                0x000025b8                __fp_nan
 .text.avr-libc.fplib
                0x000025be        0xe /usr/lib/gcc/avr/4.8.2/../../../avr/lib/avr5/libm.a(fp_pscA.o)
                0x000025be                __fp_pscA
 .text.avr-libc.fplib
                0x000025cc        0xe /usr/lib/gcc/avr/4.8.2/../../../avr/lib/avr5/libm.a(fp_pscB.o)
                0x000025cc                __fp_pscB
 .text.avr-libc.fplib
                0x000025da       0x22 /usr/lib/gcc/avr/4.8.2/../../../avr/lib/avr5/libm.a(fp_round.o)
                0x000025da                __fp_round
 .text.libgcc.mul
                0x000025fc       0x1e /usr/lib/gcc/avr/4.8.2/avr5/libgcc.a(_umulhisi3.o)
                0x000025fc                __umulhisi3
 .text.libgcc.div
                0x0000261a        0x0 /usr/lib/gcc/avr/4.8.2/avr5/libgcc.a(_umulhisi3.o)
 .text.libgcc   0x0000261a        0x0 /usr/lib/gcc/avr/4.8.2/avr5/libgcc.a(_umulhisi3.o)
 .text.libgcc.prologue
                0x0000261a        0x0 /usr/lib/gcc/avr/4.8.2/avr5/libgcc.a(_umulhisi3.o)
 .text.libgcc.builtins
                0x0000261a        0x0 /usr/lib/gcc/avr/4.8.2/avr5/libgcc.a(_umulhisi3.o)
 .text.libgcc.fmul
                0x0000261a        0x0 /usr/lib/gcc/avr/4.8.2/avr5/libgcc.a(_umulhisi3.o)
 .text.libgcc.fixed
                0x0000261a        0x0 /usr/lib/gcc/avr/4.8.2/avr5/libgcc.a(_umulhisi3.o)
 .text.libgcc.mul
                0x0000261a        0x0 /usr/lib/gcc/avr/4.8.2/avr5/libgcc.a(_udivmodhi4.o)
 .text.libgcc.div
                0x0000261a       0x28 /usr/lib/gcc/avr/4.8.2/avr5/libgcc.a(_udivmodhi4.o)
                0x0000261a                __udivmodhi4
 .text.libgcc   0x00002642        0x0 /usr/lib/gcc/avr/4.8.2/avr5/libgcc.a(_udivmodhi4.o)
 .text.libgcc.prologue
                0x00002642        0x0 /usr/lib/gcc/avr/4.8.2/avr5/libgcc.a(_udivmodhi4.o)
 .text.libgcc.builtins
                0x00002642        0x0 /usr/lib/gcc/avr/4.8.2/avr5/libgcc.a(_udivmodhi4.o)
 .text.libgcc.fmul
                0x00002642        0x0 /usr/lib/gcc/avr/4.8.2/avr5/libgcc.a(_udivmodhi4.o)
 .text.libgcc.fixed
                0x00002642        0x0 /usr/lib/gcc/avr/4.8.2/avr5/libgcc.a(_udivmodhi4.o)
 .text.libgcc.mul
                0x00002642        0x0 /usr/lib/gcc/avr/4.8.2/avr5/libgcc.a(_udivmodsi4.o)
 .text.libgcc.div
                0x00002642       0x44 /usr/lib/gcc/avr/4.8.2/avr5/libgcc.a(_udivmodsi4.o)
                0x00002642                __udivmodsi4
 .text.libgcc   0x00002686        0x0 /usr/lib/gcc/avr/4.8.2/avr5/libgcc.a(_udivmodsi4.o)
 .text.libgcc.prologue
                0x00002686        0x0 /usr/lib/gcc/avr/4.8.2/avr5/libgcc.a(_udivmodsi4.o)
 .text.libgcc.builtins
                0x00002686        0x0 /usr/lib/gcc/avr/4.8.2/avr5/libgcc.a(_udivmodsi4.o)
 .text.libgcc.fmul
                0x00002686        0x0 /usr/lib/gcc/avr/4.8.2/avr5/libgcc.a(_udivmodsi4.o)
 .text.libgcc.fixed
                0x00002686        0x0 /usr/lib/gcc/avr/4.8.2/avr5/libgcc.a(_udivmodsi4.o)
 .text.libgcc.mul
                0x00002686        0x0 /usr/lib/gcc/avr/4.8.2/avr5/libgcc.a(_exit.o)
 .text.libgcc.div
                0x00002686        0x0 /usr/lib/gcc/avr/4.8.2/avr5/libgcc.a(_exit.o)
 .text.libgcc   0x00002686        0x0 /usr/lib/gcc/avr/4.8.2/avr5/libgcc.a(_exit.o)
 .text.libgcc.prologue
                0x00002686        0x0 /usr/lib/gcc/avr/4.8.2/avr5/libgcc.a(_exit.o)
 .text.libgcc.builtins
                0x00002686        0x0 /usr/lib/gcc/avr/4.8.2/avr5/libgcc.a(_exit.o)
 .text.libgcc.fmul
                0x00002686        0x0 /usr/lib/gcc/avr/4.8.2/avr5/libgcc.a(_exit.o)
 .text.libgcc.fixed
                0x00002686        0x0 /usr/lib/gcc/avr/4.8.2/avr5/libgcc.a(_exit.o)
 .text.libgcc.mul
                0x00002686        0x0 /usr/lib/gcc/avr/4.8.2/avr5/libgcc.a(_tablejump.o)
 .text.libgcc.div
                0x00002686        0x0 /usr/lib/gcc/avr/4.8.2/avr5/libgcc.a(_tablejump.o)
 .text.libgcc   0x00002686        0xc /usr/lib/gcc/avr/4.8.2/avr5/libgcc.a(_tablejump.o)
                0x00002686                __tablejump2__
                0x0000268a                __tablejump__
 .text.libgcc.prologue
                0x00002692        0x0 /usr/lib/gcc/avr/4.8.2/avr5/libgcc.a(_tablejump.o)
 .text.libgcc.builtins
                0x00002692        0x0 /usr/lib/gcc/avr/4.8.2/avr5/libgcc.a(_tablejump.o)
 .text.libgcc.fmul
                0x00002692        0x0 /usr/lib/gcc/avr/4.8.2/avr5/libgcc.a(_tablejump.o)
 .text.libgcc.fixed
                0x00002692        0x0 /usr/lib/gcc/avr/4.8.2/avr5/libgcc.a(_tablejump.o)
 .text.libgcc.mul
                0x00002692        0x0 /usr/lib/gcc/avr/4.8.2/avr5/libgcc.a(_copy_data.o)
 .text.libgcc.div
                0x00002692        0x0 /usr/lib/gcc/avr/4.8.2/avr5/libgcc.a(_copy_data.o)
 .text.libgcc   0x00002692        0x0 /usr/lib/gcc/avr/4.8.2/avr5/libgcc.a(_copy_data.o)
 .text.libgcc.prologue
                0x00002692        0x0 /usr/lib/gcc/avr/4.8.2/avr5/libgcc.a(_copy_data.o)
 .text.libgcc.builtins
                0x00002692        0x0 /usr/lib/gcc/avr/4.8.2/avr5/libgcc.a(_copy_data.o)
 .text.libgcc.fmul
                0x00002692        0x0 /usr/lib/gcc/avr/4.8.2/avr5/libgcc.a(_copy_data.o)
 .text.libgcc.fixed
                0x00002692        0x0 /usr/lib/gcc/avr/4.8.2/avr5/libgcc.a(_copy_data.o)
 .text.libgcc.mul
                0x00002692        0x0 /usr/lib/gcc/avr/4.8.2/avr5/libgcc.a(_clear_bss.o)
 .text.libgcc.div
                0x00002692        0x0 /usr/lib/gcc/avr/4.8.2/avr5/libgcc.a(_clear_bss.o)
 .text.libgcc   0x00002692        0x0 /usr/lib/gcc/avr/4.8.2/avr5/libgcc.a(_clear_bss.o)
 .text.libgcc.prologue
                0x00002692        0x0 /usr/lib/gcc/avr/4.8.2/avr5/libgcc.a(_clear_bss.o)
 .text.libgcc.builtins
                0x00002692        0x0 /usr/lib/gcc/avr/4.8.2/avr5/libgcc.a(_clear_bss.o)
 .text.libgcc.fmul
                0x00002692        0x0 /usr/lib/gcc/avr/4.8.2/avr5/libgcc.a(_clear_bss.o)
 .text.libgcc.fixed
                0x00002692        0x0 /usr/lib/gcc/avr/4.8.2/avr5/libgcc.a(_clear_bss.o)
 .text.avr-libc
                0x00002692       0x42 /usr/lib/gcc/avr/4.8.2/../../../avr/lib/avr5/libc.a(itoa.o)
                0x00002692                itoa
 .text.avr-libc
                0x000026d4       0x20 /usr/lib/gcc/avr/4.8.2/../../../avr/lib/avr5/libc.a(strrev.o)
                0x000026d4                strrev
                0x000026f4                . = ALIGN (0x2)
 *(.fini9)
 .fini9         0x000026f4        0x0 /usr/lib/gcc/avr/4.8.2/avr5/libgcc.a(_exit.o)
                0x000026f4                exit
                0x000026f4                _exit
 *(.fini9)
 *(.fini8)
 *(.fini8)
 *(.fini7)
 *(.fini7)
 *(.fini6)
 *(.fini6)
 *(.fini5)
 *(.fini5)
 *(.fini4)
 *(.fini4)
 *(.fini3)
 *(.fini3)
 *(.fini2)
 *(.fini2)
 *(.fini1)
 *(.fini1)
 *(.fini0)
 .fini0         0x000026f4        0x4 /usr/lib/gcc/avr/4.8.2/avr5/libgcc.a(_exit.o)
 *(.fini0)
                0x000026f8                _etext = .

.data           0x00800060       0xae load address 0x000026f8
                0x00800060                PROVIDE (__data_start, .)
 *(.data)
 .data          0x00800060        0x0 /usr/lib/gcc/avr/4.8.2/../../../avr/lib/avr5/crtm32.o
 .data          0x00800060        0x0 main.o
 .data          0x00800060        0x1 Drive.o
                0x00800060                speedArraySize
 .data          0x00800061        0x1 MPU9250.o
                0x00800061                gyroArraySize
 .data          0x00800062        0x0 Crash.o
 .data          0x00800062        0x9 ../../../RP6Lib/RP6base/RP6RobotBaseLib.o
                0x00800066                acs_state
 .data          0x0080006b        0x0 ../../../RP6Lib/RP6common/RP6uart.o
 .data          0x0080006b        0x4 ../../../RP6Lib/RP6common/RP6I2CmasterTWI.o
 .data          0x0080006f        0x0 /usr/lib/gcc/avr/4.8.2/../../../avr/lib/avr5/libm.a(fixsfsi.o)
 .data          0x0080006f        0x0 /usr/lib/gcc/avr/4.8.2/../../../avr/lib/avr5/libm.a(fixunssfsi.o)
 .data          0x0080006f        0x0 /usr/lib/gcc/avr/4.8.2/../../../avr/lib/avr5/libm.a(floatsisf.o)
 .data          0x0080006f        0x0 /usr/lib/gcc/avr/4.8.2/../../../avr/lib/avr5/libm.a(fp_split3.o)
 .data          0x0080006f        0x0 /usr/lib/gcc/avr/4.8.2/../../../avr/lib/avr5/libm.a(fp_zero.o)
 .data          0x0080006f        0x0 /usr/lib/gcc/avr/4.8.2/../../../avr/lib/avr5/libm.a(mulsf3.o)
 .data          0x0080006f        0x0 /usr/lib/gcc/avr/4.8.2/../../../avr/lib/avr5/libm.a(mulsf3x.o)
 .data          0x0080006f        0x0 /usr/lib/gcc/avr/4.8.2/../../../avr/lib/avr5/libm.a(fp_inf.o)
 .data          0x0080006f        0x0 /usr/lib/gcc/avr/4.8.2/../../../avr/lib/avr5/libm.a(fp_nan.o)
 .data          0x0080006f        0x0 /usr/lib/gcc/avr/4.8.2/../../../avr/lib/avr5/libm.a(fp_pscA.o)
 .data          0x0080006f        0x0 /usr/lib/gcc/avr/4.8.2/../../../avr/lib/avr5/libm.a(fp_pscB.o)
 .data          0x0080006f        0x0 /usr/lib/gcc/avr/4.8.2/../../../avr/lib/avr5/libm.a(fp_round.o)
 .data          0x0080006f        0x0 /usr/lib/gcc/avr/4.8.2/avr5/libgcc.a(_umulhisi3.o)
 .data          0x0080006f        0x0 /usr/lib/gcc/avr/4.8.2/avr5/libgcc.a(_udivmodhi4.o)
 .data          0x0080006f        0x0 /usr/lib/gcc/avr/4.8.2/avr5/libgcc.a(_udivmodsi4.o)
 .data          0x0080006f        0x0 /usr/lib/gcc/avr/4.8.2/avr5/libgcc.a(_exit.o)
 .data          0x0080006f        0x0 /usr/lib/gcc/avr/4.8.2/avr5/libgcc.a(_tablejump.o)
 .data          0x0080006f        0x0 /usr/lib/gcc/avr/4.8.2/avr5/libgcc.a(_copy_data.o)
 .data          0x0080006f        0x0 /usr/lib/gcc/avr/4.8.2/avr5/libgcc.a(_clear_bss.o)
 .data          0x0080006f        0x0 /usr/lib/gcc/avr/4.8.2/../../../avr/lib/avr5/libc.a(itoa.o)
 .data          0x0080006f        0x0 /usr/lib/gcc/avr/4.8.2/../../../avr/lib/avr5/libc.a(strrev.o)
 *(.data*)
 *(.rodata)
 *(.rodata*)
 .rodata.str1.1
                0x0080006f       0x2a Drive.o
                                 0x31 (size before relaxing)
 .rodata.str1.1
                0x00800099       0x17 MPU9250.o
                                 0x2f (size before relaxing)
 .rodata.str1.1
                0x008000b0       0x5e Crash.o
 *(.gnu.linkonce.d*)
                0x0080010e                . = ALIGN (0x2)
                0x0080010e                _edata = .
                0x0080010e                PROVIDE (__data_end, .)

.bss            0x0080010e      0x17a
                0x0080010e                PROVIDE (__bss_start, .)
 *(.bss)
 .bss           0x0080010e        0x0 /usr/lib/gcc/avr/4.8.2/../../../avr/lib/avr5/crtm32.o
 .bss           0x0080010e        0x0 main.o
 .bss           0x0080010e        0x1 Drive.o
                0x0080010e                speedArrayIndexToWriteTo
 .bss           0x0080010f        0x1 MPU9250.o
                0x0080010f                gyroArrayIndexToWriteTo
 .bss           0x00800110        0x2 Crash.o
                0x00800110                crashInfoWasSend
                0x00800111                pressed
 .bss           0x00800112       0x12 ../../../RP6Lib/RP6base/RP6RobotBaseLib.o
                0x00800112                drive_dir
                0x00800113                mright_dir
                0x00800114                mleft_dir
                0x00800115                mright_des_dir
                0x00800116                mleft_des_dir
 .bss           0x00800124        0x6 ../../../RP6Lib/RP6common/RP6uart.o
                0x00800124                write_size
                0x00800125                read_size
                0x00800126                write_pos
                0x00800127                read_pos
 .bss           0x0080012a       0x4a ../../../RP6Lib/RP6common/RP6I2CmasterTWI.o
                0x0080012a                TWI_operation
                0x0080012b                I2CTWI_requestID
                0x0080012d                I2CTWI_request_size
                0x0080012e                I2CTWI_request_reg
                0x0080012f                I2CTWI_request_adr
                0x00800130                TWI_TWSR_state
                0x00800131                TWI_statusReg
 .bss           0x00800174        0x0 /usr/lib/gcc/avr/4.8.2/../../../avr/lib/avr5/libm.a(fixsfsi.o)
 .bss           0x00800174        0x0 /usr/lib/gcc/avr/4.8.2/../../../avr/lib/avr5/libm.a(fixunssfsi.o)
 .bss           0x00800174        0x0 /usr/lib/gcc/avr/4.8.2/../../../avr/lib/avr5/libm.a(floatsisf.o)
 .bss           0x00800174        0x0 /usr/lib/gcc/avr/4.8.2/../../../avr/lib/avr5/libm.a(fp_split3.o)
 .bss           0x00800174        0x0 /usr/lib/gcc/avr/4.8.2/../../../avr/lib/avr5/libm.a(fp_zero.o)
 .bss           0x00800174        0x0 /usr/lib/gcc/avr/4.8.2/../../../avr/lib/avr5/libm.a(mulsf3.o)
 .bss           0x00800174        0x0 /usr/lib/gcc/avr/4.8.2/../../../avr/lib/avr5/libm.a(mulsf3x.o)
 .bss           0x00800174        0x0 /usr/lib/gcc/avr/4.8.2/../../../avr/lib/avr5/libm.a(fp_inf.o)
 .bss           0x00800174        0x0 /usr/lib/gcc/avr/4.8.2/../../../avr/lib/avr5/libm.a(fp_nan.o)
 .bss           0x00800174        0x0 /usr/lib/gcc/avr/4.8.2/../../../avr/lib/avr5/libm.a(fp_pscA.o)
 .bss           0x00800174        0x0 /usr/lib/gcc/avr/4.8.2/../../../avr/lib/avr5/libm.a(fp_pscB.o)
 .bss           0x00800174        0x0 /usr/lib/gcc/avr/4.8.2/../../../avr/lib/avr5/libm.a(fp_round.o)
 .bss           0x00800174        0x0 /usr/lib/gcc/avr/4.8.2/avr5/libgcc.a(_umulhisi3.o)
 .bss           0x00800174        0x0 /usr/lib/gcc/avr/4.8.2/avr5/libgcc.a(_udivmodhi4.o)
 .bss           0x00800174        0x0 /usr/lib/gcc/avr/4.8.2/avr5/libgcc.a(_udivmodsi4.o)
 .bss           0x00800174        0x0 /usr/lib/gcc/avr/4.8.2/avr5/libgcc.a(_exit.o)
 .bss           0x00800174        0x0 /usr/lib/gcc/avr/4.8.2/avr5/libgcc.a(_tablejump.o)
 .bss           0x00800174        0x0 /usr/lib/gcc/avr/4.8.2/avr5/libgcc.a(_copy_data.o)
 .bss           0x00800174        0x0 /usr/lib/gcc/avr/4.8.2/avr5/libgcc.a(_clear_bss.o)
 .bss           0x00800174        0x0 /usr/lib/gcc/avr/4.8.2/../../../avr/lib/avr5/libc.a(itoa.o)
 .bss           0x00800174        0x0 /usr/lib/gcc/avr/4.8.2/../../../avr/lib/avr5/libc.a(strrev.o)
 *(.bss*)
 *(COMMON)
 COMMON         0x00800174       0x22 main.o
                0x00800174                timer
                0x00800176                motion_status
                0x00800177                statusLEDs
                0x00800178                sDataArray
 COMMON         0x00800196        0x2 Drive.o
                0x00800196                sData
 COMMON         0x00800198       0x5a MPU9250.o
                0x00800198                gDataArray
 COMMON         0x008001f2        0xd Crash.o
                0x008001f2                crashInfoToSend
 COMMON         0x008001ff       0x67 ../../../RP6Lib/RP6base/RP6RobotBaseLib.o
                0x008001ff                bumper_left
                0x00800200                preStop_R
                0x00800202                mright_des_speed
                0x00800204                mleft_des_speed
                0x00800206                mleft_des_speed_tmp
                0x00800208                sysStatACS
                0x00800209                ircomm_send
                0x0080020a                overcurrent_error_clear
                0x0080020b                distanceToMove_R
                0x0080020d                acs_pulse
                0x0080020e                left_i
                0x00800210                IRCOMM_RC5_data
                0x00800212                motor_control
                0x00800213                leds_on
                0x00800214                mleft_power
                0x00800216                mleft_speed
                0x00800218                preDecelerate_R
                0x0080021a                mright_des_speed_tmp
                0x0080021c                adc1
                0x0080021e                adcLSL
                0x00800220                acs_timer
                0x00800222                preStop_L
                0x00800224                mright_power
                0x00800226                mright_counter
                0x00800228                ircomm_data_tmp
                0x0080022a                distanceToMove_L
                0x0080022c                stopwatches
                0x0080023d                overcurrent_timeout
                0x0080023e                obstacle_left
                0x0080023f                overcurrent_errors
                0x00800240                overcurrent_timer
                0x00800241                mright_ptmp
                0x00800242                ircomm_data
                0x00800244                adcLSR
                0x00800246                speed_adjust_timer
                0x00800247                obstacle_right
                0x00800248                speed_timer
                0x00800249                right_i
                0x0080024b                bumper_timer
                0x0080024c                mright_dist
                0x0080024e                preDecelerate_L
                0x00800250                mleft_counter
                0x00800252                adc0
                0x00800254                delay_timer
                0x00800255                adcMotorCurrentRight
                0x00800257                ms_timer
                0x00800258                mleft_dist
                0x0080025a                mright_speed
                0x0080025c                bumper_right
                0x0080025d                acs_event_counter
                0x0080025e                motion_status_tmp
                0x0080025f                adcBat
                0x00800261                IRCOMM_RC5_data_ok
                0x00800263                mleft_ptmp
                0x00800264                adcMotorCurrentLeft
 COMMON         0x00800266       0x22 ../../../RP6Lib/RP6common/RP6uart.o
                0x00800266                uart_status
                0x00800267                uart_receive_buffer
                0x00800288                PROVIDE (__bss_end, .)
                0x000026f8                __data_load_start = LOADADDR (.data)
                0x000027a6                __data_load_end = (__data_load_start + SIZEOF (.data))

.noinit         0x00800288        0x0
                0x00800288                PROVIDE (__noinit_start, .)
 *(.noinit*)
                0x00800288                PROVIDE (__noinit_end, .)
                0x00800288                _end = .
                0x00800288                PROVIDE (__heap_start, .)

.eeprom         0x00810000        0x0
 *(.eeprom*)
                0x00810000                __eeprom_end = .

.fuse
 *(.fuse)
 *(.lfuse)
 *(.hfuse)
 *(.efuse)

.lock
 *(.lock*)

.signature
 *(.signature*)

.user_signatures
 *(.user_signatures*)

.stab           0x00000000     0x1968
 *(.stab)
 .stab          0x00000000      0x6cc /usr/lib/gcc/avr/4.8.2/../../../avr/lib/avr5/crtm32.o
 .stab          0x000006cc       0x6c /usr/lib/gcc/avr/4.8.2/../../../avr/lib/avr5/libm.a(fixsfsi.o)
                                 0x78 (size before relaxing)
 .stab          0x00000738      0x240 /usr/lib/gcc/avr/4.8.2/../../../avr/lib/avr5/libm.a(fixunssfsi.o)
                                0x24c (size before relaxing)
 .stab          0x00000978      0x318 /usr/lib/gcc/avr/4.8.2/../../../avr/lib/avr5/libm.a(floatsisf.o)
                                0x324 (size before relaxing)
 .stab          0x00000c90      0x1d4 /usr/lib/gcc/avr/4.8.2/../../../avr/lib/avr5/libm.a(fp_split3.o)
                                0x1e0 (size before relaxing)
 .stab          0x00000e64       0x90 /usr/lib/gcc/avr/4.8.2/../../../avr/lib/avr5/libm.a(fp_zero.o)
                                 0x9c (size before relaxing)
 .stab          0x00000ef4       0x48 /usr/lib/gcc/avr/4.8.2/../../../avr/lib/avr5/libm.a(mulsf3.o)
                                 0x54 (size before relaxing)
 .stab          0x00000f3c      0x4d4 /usr/lib/gcc/avr/4.8.2/../../../avr/lib/avr5/libm.a(mulsf3x.o)
                                0x4e0 (size before relaxing)
 .stab          0x00001410       0x78 /usr/lib/gcc/avr/4.8.2/../../../avr/lib/avr5/libm.a(fp_inf.o)
                                 0x84 (size before relaxing)
 .stab          0x00001488       0x54 /usr/lib/gcc/avr/4.8.2/../../../avr/lib/avr5/libm.a(fp_nan.o)
                                 0x60 (size before relaxing)
 .stab          0x000014dc       0x84 /usr/lib/gcc/avr/4.8.2/../../../avr/lib/avr5/libm.a(fp_pscA.o)
                                 0x90 (size before relaxing)
 .stab          0x00001560       0x84 /usr/lib/gcc/avr/4.8.2/../../../avr/lib/avr5/libm.a(fp_pscB.o)
                                 0x90 (size before relaxing)
 .stab          0x000015e4       0xfc /usr/lib/gcc/avr/4.8.2/../../../avr/lib/avr5/libm.a(fp_round.o)
                                0x108 (size before relaxing)
 .stab          0x000016e0      0x1b0 /usr/lib/gcc/avr/4.8.2/../../../avr/lib/avr5/libc.a(itoa.o)
                                0x1bc (size before relaxing)
 .stab          0x00001890       0xd8 /usr/lib/gcc/avr/4.8.2/../../../avr/lib/avr5/libc.a(strrev.o)
                                 0xe4 (size before relaxing)

.stabstr        0x00000000      0x2e1
 *(.stabstr)
 .stabstr       0x00000000      0x2e1 /usr/lib/gcc/avr/4.8.2/../../../avr/lib/avr5/crtm32.o

.stab.excl
 *(.stab.excl)

.stab.exclstr
 *(.stab.exclstr)

.stab.index
 *(.stab.index)

.stab.indexstr
 *(.stab.indexstr)

.comment        0x00000000       0x11
 *(.comment)
 .comment       0x00000000       0x11 main.o
                                 0x12 (size before relaxing)
 .comment       0x00000000       0x12 Drive.o
 .comment       0x00000000       0x12 MPU9250.o
 .comment       0x00000000       0x12 Crash.o
 .comment       0x00000000       0x12 ../../../RP6Lib/RP6base/RP6RobotBaseLib.o
 .comment       0x00000000       0x12 ../../../RP6Lib/RP6common/RP6uart.o
 .comment       0x00000000       0x12 ../../../RP6Lib/RP6common/RP6I2CmasterTWI.o

.debug
 *(.debug)

.line
 *(.line)

.debug_srcinfo
 *(.debug_srcinfo)

.debug_sfnames
 *(.debug_sfnames)

.debug_aranges  0x00000000       0xe8
 *(.debug_aranges)
 .debug_aranges
                0x00000000       0x28 main.o
 .debug_aranges
                0x00000028       0x20 Drive.o
 .debug_aranges
                0x00000048       0x20 MPU9250.o
 .debug_aranges
                0x00000068       0x20 Crash.o
 .debug_aranges
                0x00000088       0x20 ../../../RP6Lib/RP6base/RP6RobotBaseLib.o
 .debug_aranges
                0x000000a8       0x20 ../../../RP6Lib/RP6common/RP6uart.o
 .debug_aranges
                0x000000c8       0x20 ../../../RP6Lib/RP6common/RP6I2CmasterTWI.o

.debug_pubnames
 *(.debug_pubnames)

.debug_info     0x00000000     0x3828
 *(.debug_info)
 .debug_info    0x00000000      0x661 main.o
 .debug_info    0x00000661      0x3c2 Drive.o
 .debug_info    0x00000a23      0x551 MPU9250.o
 .debug_info    0x00000f74      0x6c0 Crash.o
 .debug_info    0x00001634     0x1538 ../../../RP6Lib/RP6base/RP6RobotBaseLib.o
 .debug_info    0x00002b6c      0x4aa ../../../RP6Lib/RP6common/RP6uart.o
 .debug_info    0x00003016      0x812 ../../../RP6Lib/RP6common/RP6I2CmasterTWI.o
 *(.gnu.linkonce.wi.*)

.debug_abbrev   0x00000000      0xf01
 *(.debug_abbrev)
 .debug_abbrev  0x00000000      0x1bb main.o
 .debug_abbrev  0x000001bb      0x17c Drive.o
 .debug_abbrev  0x00000337      0x168 MPU9250.o
 .debug_abbrev  0x0000049f      0x1ca Crash.o
 .debug_abbrev  0x00000669      0x413 ../../../RP6Lib/RP6base/RP6RobotBaseLib.o
 .debug_abbrev  0x00000a7c      0x1ea ../../../RP6Lib/RP6common/RP6uart.o
 .debug_abbrev  0x00000c66      0x29b ../../../RP6Lib/RP6common/RP6I2CmasterTWI.o

.debug_line     0x00000000      0xdb7
 *(.debug_line)
 .debug_line    0x00000000      0x198 main.o
 .debug_line    0x00000198       0xfc Drive.o
 .debug_line    0x00000294      0x114 MPU9250.o
 .debug_line    0x000003a8      0x156 Crash.o
 .debug_line    0x000004fe      0x56b ../../../RP6Lib/RP6base/RP6RobotBaseLib.o
 .debug_line    0x00000a69      0x108 ../../../RP6Lib/RP6common/RP6uart.o
 .debug_line    0x00000b71      0x246 ../../../RP6Lib/RP6common/RP6I2CmasterTWI.o

.debug_frame    0x00000000      0xa18
 *(.debug_frame)
 .debug_frame   0x00000000       0x50 main.o
 .debug_frame   0x00000050       0x74 Drive.o
 .debug_frame   0x000000c4       0xa4 MPU9250.o
 .debug_frame   0x00000168       0x94 Crash.o
 .debug_frame   0x000001fc      0x440 ../../../RP6Lib/RP6base/RP6RobotBaseLib.o
 .debug_frame   0x0000063c      0x168 ../../../RP6Lib/RP6common/RP6uart.o
 .debug_frame   0x000007a4      0x274 ../../../RP6Lib/RP6common/RP6I2CmasterTWI.o

.debug_str      0x00000000     0x1129
 *(.debug_str)
 .debug_str     0x00000000      0x3b6 main.o
                                0x405 (size before relaxing)
 .debug_str     0x000003b6       0x9a Drive.o
                                0x23c (size before relaxing)
 .debug_str     0x00000450       0x8b MPU9250.o
                                0x241 (size before relaxing)
 .debug_str     0x000004db       0x83 Crash.o
                                0x36f (size before relaxing)
 .debug_str     0x0000055e      0x7e4 ../../../RP6Lib/RP6base/RP6RobotBaseLib.o
                                0xaf5 (size before relaxing)
 .debug_str     0x00000d42      0x122 ../../../RP6Lib/RP6common/RP6uart.o
                                0x2bb (size before relaxing)
 .debug_str     0x00000e64      0x2c5 ../../../RP6Lib/RP6common/RP6I2CmasterTWI.o
                                0x4d1 (size before relaxing)

.debug_loc      0x00000000     0x1d10
 *(.debug_loc)
 .debug_loc     0x00000000       0x96 main.o
 .debug_loc     0x00000096      0x15f Drive.o
 .debug_loc     0x000001f5      0x149 MPU9250.o
 .debug_loc     0x0000033e      0x151 Crash.o
 .debug_loc     0x0000048f      0x98d ../../../RP6Lib/RP6base/RP6RobotBaseLib.o
 .debug_loc     0x00000e1c      0x4e1 ../../../RP6Lib/RP6common/RP6uart.o
 .debug_loc     0x000012fd      0xa13 ../../../RP6Lib/RP6common/RP6I2CmasterTWI.o

.debug_macinfo
 *(.debug_macinfo)

.debug_pubtypes
 *(.debug_pubtypes)

.debug_ranges   0x00000000       0x48
 *(.debug_ranges)
 .debug_ranges  0x00000000       0x18 main.o
 .debug_ranges  0x00000018       0x30 Drive.o

.debug_macro
 *(.debug_macro)
OUTPUT(main.elf elf32-avr)
LOAD linker stubs

Cross Reference Table

Symbol                                            File
ACS_setStateChangedHandler                        ../../../RP6Lib/RP6base/RP6RobotBaseLib.o
ACS_stateChanged_DUMMY                            ../../../RP6Lib/RP6base/RP6RobotBaseLib.o
BUMPERS_setStateChangedHandler                    ../../../RP6Lib/RP6base/RP6RobotBaseLib.o
                                                  main.o
BUMPERS_stateChanged_DUMMY                        ../../../RP6Lib/RP6base/RP6RobotBaseLib.o
I2CTWI_delay                                      ../../../RP6Lib/RP6common/RP6I2CmasterTWI.o
I2CTWI_getReceivedData                            ../../../RP6Lib/RP6common/RP6I2CmasterTWI.o
I2CTWI_getState                                   ../../../RP6Lib/RP6common/RP6I2CmasterTWI.o
I2CTWI_readByte                                   ../../../RP6Lib/RP6common/RP6I2CmasterTWI.o
                                                  MPU9250.o
I2CTWI_readBytes                                  ../../../RP6Lib/RP6common/RP6I2CmasterTWI.o
I2CTWI_readRegisters                              ../../../RP6Lib/RP6common/RP6I2CmasterTWI.o
I2CTWI_requestDataFromDevice                      ../../../RP6Lib/RP6common/RP6I2CmasterTWI.o
I2CTWI_requestID                                  ../../../RP6Lib/RP6common/RP6I2CmasterTWI.o
I2CTWI_requestRegisterFromDevice                  ../../../RP6Lib/RP6common/RP6I2CmasterTWI.o
I2CTWI_request_adr                                ../../../RP6Lib/RP6common/RP6I2CmasterTWI.o
I2CTWI_request_reg                                ../../../RP6Lib/RP6common/RP6I2CmasterTWI.o
I2CTWI_request_size                               ../../../RP6Lib/RP6common/RP6I2CmasterTWI.o
I2CTWI_requestedDataReady_DUMMY                   ../../../RP6Lib/RP6common/RP6I2CmasterTWI.o
I2CTWI_setRequestedDataReadyHandler               ../../../RP6Lib/RP6common/RP6I2CmasterTWI.o
I2CTWI_setTransmissionErrorHandler                ../../../RP6Lib/RP6common/RP6I2CmasterTWI.o
                                                  main.o
I2CTWI_transmissionError_DUMMY                    ../../../RP6Lib/RP6common/RP6I2CmasterTWI.o
I2CTWI_transmit2Bytes                             ../../../RP6Lib/RP6common/RP6I2CmasterTWI.o
                                                  Crash.o
                                                  MPU9250.o
I2CTWI_transmit3Bytes                             ../../../RP6Lib/RP6common/RP6I2CmasterTWI.o
I2CTWI_transmit4Bytes                             ../../../RP6Lib/RP6common/RP6I2CmasterTWI.o
I2CTWI_transmitByte                               ../../../RP6Lib/RP6common/RP6I2CmasterTWI.o
                                                  MPU9250.o
I2CTWI_transmitBytes                              ../../../RP6Lib/RP6common/RP6I2CmasterTWI.o
I2C_transmissionError                             main.o
IRCOMM_RC5_data                                   ../../../RP6Lib/RP6base/RP6RobotBaseLib.o
IRCOMM_RC5_data_ok                                ../../../RP6Lib/RP6base/RP6RobotBaseLib.o
IRCOMM_RC5dataReady_DUMMY                         ../../../RP6Lib/RP6base/RP6RobotBaseLib.o
IRCOMM_sendRC5                                    ../../../RP6Lib/RP6base/RP6RobotBaseLib.o
IRCOMM_setRC5DataReadyHandler                     ../../../RP6Lib/RP6base/RP6RobotBaseLib.o
MOTIONCONTROL_setStateChangedHandler              ../../../RP6Lib/RP6base/RP6RobotBaseLib.o
MOTIONCONTROL_stateChanged_DUMMY                  ../../../RP6Lib/RP6base/RP6RobotBaseLib.o
TWI_TWSR_state                                    ../../../RP6Lib/RP6common/RP6I2CmasterTWI.o
TWI_operation                                     ../../../RP6Lib/RP6common/RP6I2CmasterTWI.o
TWI_statusReg                                     ../../../RP6Lib/RP6common/RP6I2CmasterTWI.o
__I2CTWI_initMaster                               ../../../RP6Lib/RP6common/RP6I2CmasterTWI.o
                                                  main.o
__bad_interrupt                                   /usr/lib/gcc/avr/4.8.2/../../../avr/lib/avr5/crtm32.o
__bss_end                                         /usr/lib/gcc/avr/4.8.2/avr5/libgcc.a(_clear_bss.o)
__bss_start                                       /usr/lib/gcc/avr/4.8.2/avr5/libgcc.a(_clear_bss.o)
__data_end                                        /usr/lib/gcc/avr/4.8.2/avr5/libgcc.a(_copy_data.o)
__data_load_start                                 /usr/lib/gcc/avr/4.8.2/avr5/libgcc.a(_copy_data.o)
__data_start                                      /usr/lib/gcc/avr/4.8.2/avr5/libgcc.a(_copy_data.o)
__do_clear_bss                                    /usr/lib/gcc/avr/4.8.2/avr5/libgcc.a(_clear_bss.o)
                                                  ../../../RP6Lib/RP6common/RP6I2CmasterTWI.o
                                                  ../../../RP6Lib/RP6common/RP6uart.o
                                                  ../../../RP6Lib/RP6base/RP6RobotBaseLib.o
                                                  Crash.o
                                                  MPU9250.o
                                                  Drive.o
                                                  main.o
__do_copy_data                                    /usr/lib/gcc/avr/4.8.2/avr5/libgcc.a(_copy_data.o)
                                                  ../../../RP6Lib/RP6common/RP6I2CmasterTWI.o
                                                  ../../../RP6Lib/RP6base/RP6RobotBaseLib.o
                                                  Crash.o
                                                  MPU9250.o
                                                  Drive.o
__fixsfsi                                         /usr/lib/gcc/avr/4.8.2/../../../avr/lib/avr5/libm.a(fixsfsi.o)
                                                  Crash.o
__fixunssfsi                                      /usr/lib/gcc/avr/4.8.2/../../../avr/lib/avr5/libm.a(fixunssfsi.o)
                                                  /usr/lib/gcc/avr/4.8.2/../../../avr/lib/avr5/libm.a(fixsfsi.o)
                                                  Crash.o
__floatsisf                                       /usr/lib/gcc/avr/4.8.2/../../../avr/lib/avr5/libm.a(floatsisf.o)
__floatunsisf                                     /usr/lib/gcc/avr/4.8.2/../../../avr/lib/avr5/libm.a(floatsisf.o)
                                                  Crash.o
__fp_inf                                          /usr/lib/gcc/avr/4.8.2/../../../avr/lib/avr5/libm.a(fp_inf.o)
                                                  /usr/lib/gcc/avr/4.8.2/../../../avr/lib/avr5/libm.a(mulsf3x.o)
__fp_nan                                          /usr/lib/gcc/avr/4.8.2/../../../avr/lib/avr5/libm.a(fp_nan.o)
                                                  /usr/lib/gcc/avr/4.8.2/../../../avr/lib/avr5/libm.a(mulsf3x.o)
__fp_pscA                                         /usr/lib/gcc/avr/4.8.2/../../../avr/lib/avr5/libm.a(fp_pscA.o)
                                                  /usr/lib/gcc/avr/4.8.2/../../../avr/lib/avr5/libm.a(mulsf3x.o)
__fp_pscB                                         /usr/lib/gcc/avr/4.8.2/../../../avr/lib/avr5/libm.a(fp_pscB.o)
                                                  /usr/lib/gcc/avr/4.8.2/../../../avr/lib/avr5/libm.a(mulsf3x.o)
__fp_round                                        /usr/lib/gcc/avr/4.8.2/../../../avr/lib/avr5/libm.a(fp_round.o)
                                                  /usr/lib/gcc/avr/4.8.2/../../../avr/lib/avr5/libm.a(mulsf3.o)
__fp_split3                                       /usr/lib/gcc/avr/4.8.2/../../../avr/lib/avr5/libm.a(fp_split3.o)
                                                  /usr/lib/gcc/avr/4.8.2/../../../avr/lib/avr5/libm.a(mulsf3x.o)
__fp_splitA                                       /usr/lib/gcc/avr/4.8.2/../../../avr/lib/avr5/libm.a(fp_split3.o)
                                                  /usr/lib/gcc/avr/4.8.2/../../../avr/lib/avr5/libm.a(fixunssfsi.o)
__fp_szero                                        /usr/lib/gcc/avr/4.8.2/../../../avr/lib/avr5/libm.a(fp_zero.o)
                                                  /usr/lib/gcc/avr/4.8.2/../../../avr/lib/avr5/libm.a(mulsf3x.o)
                                                  /usr/lib/gcc/avr/4.8.2/../../../avr/lib/avr5/libm.a(fixsfsi.o)
__fp_zero                                         /usr/lib/gcc/avr/4.8.2/../../../avr/lib/avr5/libm.a(fp_zero.o)
                                                  /usr/lib/gcc/avr/4.8.2/../../../avr/lib/avr5/libm.a(fixunssfsi.o)
__heap_end                                        /usr/lib/gcc/avr/4.8.2/../../../avr/lib/avr5/crtm32.o
__init                                            /usr/lib/gcc/avr/4.8.2/../../../avr/lib/avr5/crtm32.o
__mulsf3                                          /usr/lib/gcc/avr/4.8.2/../../../avr/lib/avr5/libm.a(mulsf3.o)
                                                  Crash.o
__mulsf3_pse                                      /usr/lib/gcc/avr/4.8.2/../../../avr/lib/avr5/libm.a(mulsf3x.o)
__mulsf3x                                         /usr/lib/gcc/avr/4.8.2/../../../avr/lib/avr5/libm.a(mulsf3x.o)
                                                  /usr/lib/gcc/avr/4.8.2/../../../avr/lib/avr5/libm.a(mulsf3.o)
__stack                                           /usr/lib/gcc/avr/4.8.2/../../../avr/lib/avr5/crtm32.o
__tablejump2__                                    /usr/lib/gcc/avr/4.8.2/avr5/libgcc.a(_tablejump.o)
                                                  ../../../RP6Lib/RP6base/RP6RobotBaseLib.o
__tablejump__                                     /usr/lib/gcc/avr/4.8.2/avr5/libgcc.a(_tablejump.o)
__udivmodhi4                                      /usr/lib/gcc/avr/4.8.2/avr5/libgcc.a(_udivmodhi4.o)
                                                  /usr/lib/gcc/avr/4.8.2/../../../avr/lib/avr5/libc.a(itoa.o)
                                                  ../../../RP6Lib/RP6base/RP6RobotBaseLib.o
                                                  Drive.o
__udivmodsi4                                      /usr/lib/gcc/avr/4.8.2/avr5/libgcc.a(_udivmodsi4.o)
                                                  ../../../RP6Lib/RP6base/RP6RobotBaseLib.o
__umulhisi3                                       /usr/lib/gcc/avr/4.8.2/avr5/libgcc.a(_umulhisi3.o)
                                                  ../../../RP6Lib/RP6base/RP6RobotBaseLib.o
__vector_1                                        ../../../RP6Lib/RP6base/RP6RobotBaseLib.o
                                                  /usr/lib/gcc/avr/4.8.2/../../../avr/lib/avr5/crtm32.o
__vector_10                                       ../../../RP6Lib/RP6base/RP6RobotBaseLib.o
                                                  /usr/lib/gcc/avr/4.8.2/../../../avr/lib/avr5/crtm32.o
__vector_11                                       /usr/lib/gcc/avr/4.8.2/../../../avr/lib/avr5/crtm32.o
__vector_12                                       /usr/lib/gcc/avr/4.8.2/../../../avr/lib/avr5/crtm32.o
__vector_13                                       ../../../RP6Lib/RP6common/RP6uart.o
                                                  /usr/lib/gcc/avr/4.8.2/../../../avr/lib/avr5/crtm32.o
__vector_14                                       /usr/lib/gcc/avr/4.8.2/../../../avr/lib/avr5/crtm32.o
__vector_15                                       /usr/lib/gcc/avr/4.8.2/../../../avr/lib/avr5/crtm32.o
__vector_16                                       /usr/lib/gcc/avr/4.8.2/../../../avr/lib/avr5/crtm32.o
__vector_17                                       /usr/lib/gcc/avr/4.8.2/../../../avr/lib/avr5/crtm32.o
__vector_18                                       /usr/lib/gcc/avr/4.8.2/../../../avr/lib/avr5/crtm32.o
__vector_19                                       ../../../RP6Lib/RP6common/RP6I2CmasterTWI.o
                                                  /usr/lib/gcc/avr/4.8.2/../../../avr/lib/avr5/crtm32.o
__vector_2                                        ../../../RP6Lib/RP6base/RP6RobotBaseLib.o
                                                  /usr/lib/gcc/avr/4.8.2/../../../avr/lib/avr5/crtm32.o
__vector_20                                       /usr/lib/gcc/avr/4.8.2/../../../avr/lib/avr5/crtm32.o
__vector_3                                        ../../../RP6Lib/RP6base/RP6RobotBaseLib.o
                                                  /usr/lib/gcc/avr/4.8.2/../../../avr/lib/avr5/crtm32.o
__vector_4                                        ../../../RP6Lib/RP6base/RP6RobotBaseLib.o
                                                  /usr/lib/gcc/avr/4.8.2/../../../avr/lib/avr5/crtm32.o
__vector_5                                        /usr/lib/gcc/avr/4.8.2/../../../avr/lib/avr5/crtm32.o
__vector_6                                        /usr/lib/gcc/avr/4.8.2/../../../avr/lib/avr5/crtm32.o
__vector_7                                        /usr/lib/gcc/avr/4.8.2/../../../avr/lib/avr5/crtm32.o
__vector_8                                        /usr/lib/gcc/avr/4.8.2/../../../avr/lib/avr5/crtm32.o
__vector_9                                        /usr/lib/gcc/avr/4.8.2/../../../avr/lib/avr5/crtm32.o
__vector_default                                  /usr/lib/gcc/avr/4.8.2/../../../avr/lib/avr5/crtm32.o
__vectors                                         /usr/lib/gcc/avr/4.8.2/../../../avr/lib/avr5/crtm32.o
_exit                                             /usr/lib/gcc/avr/4.8.2/avr5/libgcc.a(_exit.o)
acs_event_counter                                 ../../../RP6Lib/RP6base/RP6RobotBaseLib.o
acs_pulse                                         ../../../RP6Lib/RP6base/RP6RobotBaseLib.o
acs_state                                         ../../../RP6Lib/RP6base/RP6RobotBaseLib.o
acs_timer                                         ../../../RP6Lib/RP6base/RP6RobotBaseLib.o
adc0                                              ../../../RP6Lib/RP6base/RP6RobotBaseLib.o
adc1                                              ../../../RP6Lib/RP6base/RP6RobotBaseLib.o
adcBat                                            ../../../RP6Lib/RP6base/RP6RobotBaseLib.o
adcLSL                                            ../../../RP6Lib/RP6base/RP6RobotBaseLib.o
adcLSR                                            ../../../RP6Lib/RP6base/RP6RobotBaseLib.o
adcMotorCurrentLeft                               ../../../RP6Lib/RP6base/RP6RobotBaseLib.o
adcMotorCurrentRight                              ../../../RP6Lib/RP6base/RP6RobotBaseLib.o
assignCrashInfo                                   Crash.o
                                                  main.o
bumper_left                                       ../../../RP6Lib/RP6base/RP6RobotBaseLib.o
bumper_right                                      ../../../RP6Lib/RP6base/RP6RobotBaseLib.o
bumper_timer                                      ../../../RP6Lib/RP6base/RP6RobotBaseLib.o
buttenChanged                                     Crash.o
                                                  main.o
calculateAverageLeftSpeed                         Drive.o
                                                  Crash.o
calculateAverageRightSpeed                        Drive.o
                                                  Crash.o
changeDirection                                   ../../../RP6Lib/RP6base/RP6RobotBaseLib.o
clearReceptionBuffer                              ../../../RP6Lib/RP6common/RP6uart.o
crashInfoToSend                                   Crash.o
crashInfoWasSend                                  Crash.o
                                                  main.o
delayCycles                                       ../../../RP6Lib/RP6base/RP6RobotBaseLib.o
delay_timer                                       ../../../RP6Lib/RP6base/RP6RobotBaseLib.o
disableACS                                        ../../../RP6Lib/RP6base/RP6RobotBaseLib.o
disablePowerOnWarning                             ../../../RP6Lib/RP6base/RP6RobotBaseLib.o
distanceToMove_L                                  ../../../RP6Lib/RP6base/RP6RobotBaseLib.o
distanceToMove_R                                  ../../../RP6Lib/RP6base/RP6RobotBaseLib.o
drive_dir                                         ../../../RP6Lib/RP6base/RP6RobotBaseLib.o
emergencyShutdown                                 ../../../RP6Lib/RP6base/RP6RobotBaseLib.o
enableACS                                         ../../../RP6Lib/RP6base/RP6RobotBaseLib.o
enablePowerOnWarning                              ../../../RP6Lib/RP6base/RP6RobotBaseLib.o
exit                                              /usr/lib/gcc/avr/4.8.2/avr5/libgcc.a(_exit.o)
                                                  /usr/lib/gcc/avr/4.8.2/../../../avr/lib/avr5/crtm32.o
extIntOFF                                         ../../../RP6Lib/RP6base/RP6RobotBaseLib.o
extIntON                                          ../../../RP6Lib/RP6base/RP6RobotBaseLib.o
gDataArray                                        MPU9250.o
getBufferLength                                   ../../../RP6Lib/RP6common/RP6uart.o
getBumperLeft                                     ../../../RP6Lib/RP6base/RP6RobotBaseLib.o
getBumperRight                                    ../../../RP6Lib/RP6base/RP6RobotBaseLib.o
getGyroData                                       MPU9250.o
gyroArrayIndexToWriteTo                           MPU9250.o
gyroArraySize                                     MPU9250.o
initMPU9250                                       MPU9250.o
                                                  main.o
initRobotBase                                     ../../../RP6Lib/RP6base/RP6RobotBaseLib.o
                                                  main.o
ircomm_data                                       ../../../RP6Lib/RP6base/RP6RobotBaseLib.o
ircomm_data_tmp                                   ../../../RP6Lib/RP6base/RP6RobotBaseLib.o
ircomm_send                                       ../../../RP6Lib/RP6base/RP6RobotBaseLib.o
isMovementComplete                                ../../../RP6Lib/RP6base/RP6RobotBaseLib.o
itoa                                              /usr/lib/gcc/avr/4.8.2/../../../avr/lib/avr5/libc.a(itoa.o)
                                                  ../../../RP6Lib/RP6common/RP6uart.o
leds_on                                           ../../../RP6Lib/RP6base/RP6RobotBaseLib.o
left_i                                            ../../../RP6Lib/RP6base/RP6RobotBaseLib.o
mSleep                                            ../../../RP6Lib/RP6base/RP6RobotBaseLib.o
main                                              main.o
                                                  /usr/lib/gcc/avr/4.8.2/../../../avr/lib/avr5/crtm32.o
mleft_counter                                     ../../../RP6Lib/RP6base/RP6RobotBaseLib.o
mleft_des_dir                                     ../../../RP6Lib/RP6base/RP6RobotBaseLib.o
mleft_des_speed                                   ../../../RP6Lib/RP6base/RP6RobotBaseLib.o
mleft_des_speed_tmp                               ../../../RP6Lib/RP6base/RP6RobotBaseLib.o
mleft_dir                                         ../../../RP6Lib/RP6base/RP6RobotBaseLib.o
mleft_dist                                        ../../../RP6Lib/RP6base/RP6RobotBaseLib.o
mleft_power                                       ../../../RP6Lib/RP6base/RP6RobotBaseLib.o
mleft_ptmp                                        ../../../RP6Lib/RP6base/RP6RobotBaseLib.o
mleft_speed                                       ../../../RP6Lib/RP6base/RP6RobotBaseLib.o
                                                  main.o
motion_status                                     ../../../RP6Lib/RP6base/RP6RobotBaseLib.o
                                                  Crash.o
                                                  main.o
motion_status_tmp                                 ../../../RP6Lib/RP6base/RP6RobotBaseLib.o
motor_control                                     ../../../RP6Lib/RP6base/RP6RobotBaseLib.o
move                                              ../../../RP6Lib/RP6base/RP6RobotBaseLib.o
moveAtSpeed                                       ../../../RP6Lib/RP6base/RP6RobotBaseLib.o
                                                  main.o
moveAtSpeedDirection                              ../../../RP6Lib/RP6base/RP6RobotBaseLib.o
mright_counter                                    ../../../RP6Lib/RP6base/RP6RobotBaseLib.o
mright_des_dir                                    ../../../RP6Lib/RP6base/RP6RobotBaseLib.o
mright_des_speed                                  ../../../RP6Lib/RP6base/RP6RobotBaseLib.o
mright_des_speed_tmp                              ../../../RP6Lib/RP6base/RP6RobotBaseLib.o
mright_dir                                        ../../../RP6Lib/RP6base/RP6RobotBaseLib.o
mright_dist                                       ../../../RP6Lib/RP6base/RP6RobotBaseLib.o
mright_power                                      ../../../RP6Lib/RP6base/RP6RobotBaseLib.o
mright_ptmp                                       ../../../RP6Lib/RP6base/RP6RobotBaseLib.o
mright_speed                                      ../../../RP6Lib/RP6base/RP6RobotBaseLib.o
                                                  main.o
ms_timer                                          ../../../RP6Lib/RP6base/RP6RobotBaseLib.o
obstacle_left                                     ../../../RP6Lib/RP6base/RP6RobotBaseLib.o
obstacle_right                                    ../../../RP6Lib/RP6base/RP6RobotBaseLib.o
overcurrent_error_clear                           ../../../RP6Lib/RP6base/RP6RobotBaseLib.o
overcurrent_errors                                ../../../RP6Lib/RP6base/RP6RobotBaseLib.o
overcurrent_timeout                               ../../../RP6Lib/RP6base/RP6RobotBaseLib.o
overcurrent_timer                                 ../../../RP6Lib/RP6base/RP6RobotBaseLib.o
powerOFF                                          ../../../RP6Lib/RP6base/RP6RobotBaseLib.o
powerON                                           ../../../RP6Lib/RP6base/RP6RobotBaseLib.o
                                                  main.o
preDecelerate_L                                   ../../../RP6Lib/RP6base/RP6RobotBaseLib.o
preDecelerate_R                                   ../../../RP6Lib/RP6base/RP6RobotBaseLib.o
preStop_L                                         ../../../RP6Lib/RP6base/RP6RobotBaseLib.o
preStop_R                                         ../../../RP6Lib/RP6base/RP6RobotBaseLib.o
pressed                                           Crash.o
                                                  main.o
readADC                                           ../../../RP6Lib/RP6base/RP6RobotBaseLib.o
readChar                                          ../../../RP6Lib/RP6common/RP6uart.o
readChars                                         ../../../RP6Lib/RP6common/RP6uart.o
read_pos                                          ../../../RP6Lib/RP6common/RP6uart.o
read_size                                         ../../../RP6Lib/RP6common/RP6uart.o
right_i                                           ../../../RP6Lib/RP6base/RP6RobotBaseLib.o
rotate                                            ../../../RP6Lib/RP6base/RP6RobotBaseLib.o
sData                                             Drive.o
sDataArray                                        Crash.o
                                                  Drive.o
                                                  main.o
saveGyroData                                      MPU9250.o
                                                  main.o
saveSpeedData                                     Drive.o
                                                  main.o
sendCrashInfo                                     Crash.o
                                                  main.o
setACSPwrHigh                                     ../../../RP6Lib/RP6base/RP6RobotBaseLib.o
setACSPwrLow                                      ../../../RP6Lib/RP6base/RP6RobotBaseLib.o
setACSPwrMed                                      ../../../RP6Lib/RP6base/RP6RobotBaseLib.o
setACSPwrOff                                      ../../../RP6Lib/RP6base/RP6RobotBaseLib.o
setLEDs                                           ../../../RP6Lib/RP6base/RP6RobotBaseLib.o
                                                  Crash.o
                                                  main.o
setMotorDir                                       ../../../RP6Lib/RP6base/RP6RobotBaseLib.o
                                                  main.o
setMotorPower                                     ../../../RP6Lib/RP6base/RP6RobotBaseLib.o
sleep                                             ../../../RP6Lib/RP6base/RP6RobotBaseLib.o
speedArrayIndexToWriteTo                          Drive.o
speedArraySize                                    Drive.o
speed_adjust_timer                                ../../../RP6Lib/RP6base/RP6RobotBaseLib.o
speed_timer                                       ../../../RP6Lib/RP6base/RP6RobotBaseLib.o
startADC                                          ../../../RP6Lib/RP6base/RP6RobotBaseLib.o
statusLEDs                                        ../../../RP6Lib/RP6base/RP6RobotBaseLib.o
                                                  Crash.o
                                                  main.o
stop                                              ../../../RP6Lib/RP6base/RP6RobotBaseLib.o
                                                  Crash.o
stopwatches                                       ../../../RP6Lib/RP6base/RP6RobotBaseLib.o
                                                  main.o
strrev                                            /usr/lib/gcc/avr/4.8.2/../../../avr/lib/avr5/libc.a(strrev.o)
                                                  /usr/lib/gcc/avr/4.8.2/../../../avr/lib/avr5/libc.a(itoa.o)
sysStatACS                                        ../../../RP6Lib/RP6base/RP6RobotBaseLib.o
task_ACS                                          ../../../RP6Lib/RP6base/RP6RobotBaseLib.o
task_ADC                                          ../../../RP6Lib/RP6base/RP6RobotBaseLib.o
task_Bumpers                                      ../../../RP6Lib/RP6base/RP6RobotBaseLib.o
                                                  main.o
task_I2CTWI                                       ../../../RP6Lib/RP6common/RP6I2CmasterTWI.o
                                                  main.o
task_RP6System                                    ../../../RP6Lib/RP6base/RP6RobotBaseLib.o
task_motionControl                                ../../../RP6Lib/RP6base/RP6RobotBaseLib.o
                                                  main.o
timer                                             ../../../RP6Lib/RP6base/RP6RobotBaseLib.o
                                                  main.o
uart_receive_buffer                               ../../../RP6Lib/RP6common/RP6uart.o
uart_status                                       ../../../RP6Lib/RP6common/RP6uart.o
updateStatusLEDs                                  ../../../RP6Lib/RP6base/RP6RobotBaseLib.o
writeChar                                         ../../../RP6Lib/RP6common/RP6uart.o
                                                  Crash.o
                                                  MPU9250.o
                                                  Drive.o
                                                  main.o
writeGyro                                         MPU9250.o
                                                  Crash.o
writeInteger                                      ../../../RP6Lib/RP6common/RP6uart.o
                                                  Crash.o
                                                  MPU9250.o
                                                  Drive.o
                                                  main.o
writeIntegerLength                                ../../../RP6Lib/RP6common/RP6uart.o
writeNStringP                                     ../../../RP6Lib/RP6common/RP6uart.o
                                                  ../../../RP6Lib/RP6base/RP6RobotBaseLib.o
                                                  main.o
writeSpeed                                        Drive.o
                                                  Crash.o
writeString                                       ../../../RP6Lib/RP6common/RP6uart.o
                                                  Crash.o
                                                  MPU9250.o
                                                  Drive.o
writeStringLength                                 ../../../RP6Lib/RP6common/RP6uart.o
write_pos                                         ../../../RP6Lib/RP6common/RP6uart.o
write_size                                        ../../../RP6Lib/RP6common/RP6uart.o
