Archive member included because of file (symbol)

/usr/lib/gcc/avr/4.8.2/avr5/libgcc.a(_exit.o)
                              /usr/lib/gcc/avr/4.8.2/../../../avr/lib/avr5/crtm32.o (exit)
/usr/lib/gcc/avr/4.8.2/avr5/libgcc.a(_copy_data.o)
                              main.o (__do_copy_data)
/usr/lib/gcc/avr/4.8.2/avr5/libgcc.a(_clear_bss.o)
                              main.o (__do_clear_bss)
/usr/lib/gcc/avr/4.8.2/../../../avr/lib/avr5/libc.a(itoa.o)
                              ../../../RP6Lib/RP6control/RP6ControlLib.o (itoa)
/usr/lib/gcc/avr/4.8.2/../../../avr/lib/avr5/libc.a(strrev.o)
                              /usr/lib/gcc/avr/4.8.2/../../../avr/lib/avr5/libc.a(itoa.o) (strrev)
/usr/lib/gcc/avr/4.8.2/avr5/libgcc.a(_udivmodhi4.o)
                              /usr/lib/gcc/avr/4.8.2/../../../avr/lib/avr5/libc.a(itoa.o) (__udivmodhi4)

Allocating common symbols
Common symbol       size              file

I2CTWI_genCallCMD   0x1               ../../../RP6Lib/RP6common/RP6I2CslaveTWI.o
timer               0x2               main.o
uart_status         0x1               ../../../RP6Lib/RP6common/RP6uart.o
I2CTWI_writeRegisters
                    0x10              ../../../RP6Lib/RP6common/RP6I2CslaveTWI.o
controlStatus       0x1               ../../../RP6Lib/RP6control/RP6ControlLib.o
lcd_tmp_buffer      0x11              ../../../RP6Lib/RP6control/RP6ControlLib.o
stopwatches         0x11              ../../../RP6Lib/RP6control/RP6ControlLib.o
externalPort        0x1               ../../../RP6Lib/RP6control/RP6ControlLib.o
delay_timer         0x1               ../../../RP6Lib/RP6control/RP6ControlLib.o
I2CTWI_readRegisters
                    0x30              ../../../RP6Lib/RP6common/RP6I2CslaveTWI.o
ms_timer            0x1               ../../../RP6Lib/RP6control/RP6ControlLib.o
uart_receive_buffer
                    0x21              ../../../RP6Lib/RP6common/RP6uart.o
sound_timer         0x2               ../../../RP6Lib/RP6control/RP6ControlLib.o

Memory Configuration

Name             Origin             Length             Attributes
text             0x00000000         0x00020000         xr
data             0x00800060         0x0000ffa0         rw !x
eeprom           0x00810000         0x00010000         rw !x
fuse             0x00820000         0x00000400         rw !x
lock             0x00830000         0x00000400         rw !x
signature        0x00840000         0x00000400         rw !x
user_signatures  0x00850000         0x00000400         rw !x
*default*        0x00000000         0xffffffff

Linker script and memory map

LOAD /usr/lib/gcc/avr/4.8.2/../../../avr/lib/avr5/crtm32.o
LOAD main.o
LOAD ../../../RP6Lib/RP6control/RP6ControlLib.o
LOAD ../../../RP6Lib/RP6common/RP6uart.o
LOAD ../../../RP6Lib/RP6common/RP6I2CslaveTWI.o
LOAD /usr/lib/gcc/avr/4.8.2/../../../avr/lib/avr5/libm.a
START GROUP
LOAD /usr/lib/gcc/avr/4.8.2/avr5/libgcc.a
LOAD /usr/lib/gcc/avr/4.8.2/../../../avr/lib/avr5/libm.a
LOAD /usr/lib/gcc/avr/4.8.2/../../../avr/lib/avr5/libc.a
END GROUP

.hash
 *(.hash)

.dynsym
 *(.dynsym)

.dynstr
 *(.dynstr)

.gnu.version
 *(.gnu.version)

.gnu.version_d
 *(.gnu.version_d)

.gnu.version_r
 *(.gnu.version_r)

.rel.init
 *(.rel.init)

.rela.init
 *(.rela.init)

.rel.text
 *(.rel.text)
 *(.rel.text.*)
 *(.rel.gnu.linkonce.t*)

.rela.text
 *(.rela.text)
 *(.rela.text.*)
 *(.rela.gnu.linkonce.t*)

.rel.fini
 *(.rel.fini)

.rela.fini
 *(.rela.fini)

.rel.rodata
 *(.rel.rodata)
 *(.rel.rodata.*)
 *(.rel.gnu.linkonce.r*)

.rela.rodata
 *(.rela.rodata)
 *(.rela.rodata.*)
 *(.rela.gnu.linkonce.r*)

.rel.data
 *(.rel.data)
 *(.rel.data.*)
 *(.rel.gnu.linkonce.d*)

.rela.data
 *(.rela.data)
 *(.rela.data.*)
 *(.rela.gnu.linkonce.d*)

.rel.ctors
 *(.rel.ctors)

.rela.ctors
 *(.rela.ctors)

.rel.dtors
 *(.rel.dtors)

.rela.dtors
 *(.rela.dtors)

.rel.got
 *(.rel.got)

.rela.got
 *(.rela.got)

.rel.bss
 *(.rel.bss)

.rela.bss
 *(.rela.bss)

.rel.plt
 *(.rel.plt)

.rela.plt
 *(.rela.plt)

.text           0x00000000      0xd18
 *(.vectors)
 .vectors       0x00000000       0x54 /usr/lib/gcc/avr/4.8.2/../../../avr/lib/avr5/crtm32.o
                0x00000000                __vectors
                0x00000000                __vector_default
 *(.vectors)
 *(.progmem.gcc*)
 *(.progmem*)
 .progmem.data  0x00000054       0x21 main.o
                0x00000076                . = ALIGN (0x2)
 *fill*         0x00000075        0x1 
                0x00000076                __trampolines_start = .
 *(.trampolines)
 .trampolines   0x00000076        0x0 linker stubs
 *(.trampolines*)
                0x00000076                __trampolines_end = .
 *(.jumptables)
 *(.jumptables*)
 *(.lowtext)
 *(.lowtext*)
                0x00000076                __ctors_start = .
 *(.ctors)
                0x00000076                __ctors_end = .
                0x00000076                __dtors_start = .
 *(.dtors)
                0x00000076                __dtors_end = .
 SORT(*)(.ctors)
 SORT(*)(.dtors)
 *(.init0)
 .init0         0x00000076        0x0 /usr/lib/gcc/avr/4.8.2/../../../avr/lib/avr5/crtm32.o
                0x00000076                __init
 *(.init0)
 *(.init1)
 *(.init1)
 *(.init2)
 .init2         0x00000076        0xc /usr/lib/gcc/avr/4.8.2/../../../avr/lib/avr5/crtm32.o
 *(.init2)
 *(.init3)
 *(.init3)
 *(.init4)
 .init4         0x00000082       0x16 /usr/lib/gcc/avr/4.8.2/avr5/libgcc.a(_copy_data.o)
                0x00000082                __do_copy_data
 .init4         0x00000098       0x10 /usr/lib/gcc/avr/4.8.2/avr5/libgcc.a(_clear_bss.o)
                0x00000098                __do_clear_bss
 *(.init4)
 *(.init5)
 *(.init5)
 *(.init6)
 *(.init6)
 *(.init7)
 *(.init7)
 *(.init8)
 *(.init8)
 *(.init9)
 .init9         0x000000a8        0x8 /usr/lib/gcc/avr/4.8.2/../../../avr/lib/avr5/crtm32.o
 *(.init9)
 *(.text)
 .text          0x000000b0        0x4 /usr/lib/gcc/avr/4.8.2/../../../avr/lib/avr5/crtm32.o
                0x000000b0                __vector_12
                0x000000b0                __bad_interrupt
                0x000000b0                __vector_6
                0x000000b0                __vector_11
                0x000000b0                __vector_17
                0x000000b0                __vector_7
                0x000000b0                __vector_5
                0x000000b0                __vector_4
                0x000000b0                __vector_9
                0x000000b0                __vector_15
                0x000000b0                __vector_8
                0x000000b0                __vector_14
                0x000000b0                __vector_16
                0x000000b0                __vector_18
                0x000000b0                __vector_20
 .text          0x000000b4        0x0 main.o
 .text          0x000000b4      0x81e ../../../RP6Lib/RP6control/RP6ControlLib.o
                0x000000b4                INT0_event_DUMMY
                0x000000b6                INT1_event_DUMMY
                0x000000b8                INT2_event_DUMMY
                0x000000ba                INT0_setEventHandler
                0x000000c4                __vector_1
                0x00000112                INT1_setEventHandler
                0x0000011c                __vector_2
                0x0000016a                INT2_setEventHandler
                0x00000174                __vector_3
                0x000001c2                readADC
                0x000001e0                writeSPI
                0x000001e8                readSPI
                0x000001f2                readWordSPI
                0x00000212                writeWordSPI
                0x00000224                writeBufferSPI
                0x0000023c                readBufferSPI
                0x00000258                SPI_EEPROM_readByte
                0x00000278                SPI_EEPROM_readBytes
                0x000002ba                SPI_EEPROM_enableWrite
                0x000002c6                SPI_EEPROM_disableWrite
                0x000002d2                SPI_EEPROM_getStatus
                0x000002e2                SPI_EEPROM_writeByte
                0x00000316                SPI_EEPROM_writeBytes
                0x00000356                outputExt
                0x00000368                setLEDs
                0x0000037a                getPressedKeyNumber
                0x000003e2                checkPressedKeyEvent
                0x00000406                checkReleasedKeyEvent
                0x0000042e                __vector_10
                0x00000580                beep
                0x0000059c                setBeeperPitch
                0x000005ba                sleep
                0x000005d0                mSleep
                0x000005ea                dischargePeakDetector
                0x000005fa                getMicrophonePeak
                0x00000626                delayCycles
                0x00000630                setLCDD
                0x00000652                write4BitLCDData
                0x0000066e                writeLCDCommand
                0x0000067c                setCursorPosLCD
                0x0000068a                initLCD
                0x00000708                clearLCD
                0x00000716                writeCharLCD
                0x00000724                writeNStringLCD_P
                0x00000742                _showScreenLCD_P
                0x0000077a                writeStringLCD
                0x00000792                writeIntegerLCD
                0x000007a6                writeStringLengthLCD
                0x000007e0                writeIntegerLengthLCD
                0x0000085e                clearPosLCD
                0x00000878                initRP6Control
 .text          0x000008d2      0x250 ../../../RP6Lib/RP6common/RP6uart.o
                0x000008d2                writeChar
                0x000008da                writeString
                0x000008f2                writeNStringP
                0x00000910                writeStringLength
                0x0000094a                writeInteger
                0x00000986                writeIntegerLength
                0x00000a04                __vector_13
                0x00000a72                readChar
                0x00000aae                readChars
                0x00000af6                getBufferLength
                0x00000b02                clearReceptionBuffer
 .text          0x00000b22      0x106 ../../../RP6Lib/RP6common/RP6I2CslaveTWI.o
                0x00000b22                I2CTWI_initSlave
                0x00000b36                __vector_19
 .text          0x00000c28        0x0 /usr/lib/gcc/avr/4.8.2/avr5/libgcc.a(_exit.o)
 .text          0x00000c28        0x0 /usr/lib/gcc/avr/4.8.2/avr5/libgcc.a(_copy_data.o)
 .text          0x00000c28        0x0 /usr/lib/gcc/avr/4.8.2/avr5/libgcc.a(_clear_bss.o)
 .text          0x00000c28        0x0 /usr/lib/gcc/avr/4.8.2/../../../avr/lib/avr5/libc.a(itoa.o)
 .text          0x00000c28        0x0 /usr/lib/gcc/avr/4.8.2/../../../avr/lib/avr5/libc.a(strrev.o)
 .text          0x00000c28        0x0 /usr/lib/gcc/avr/4.8.2/avr5/libgcc.a(_udivmodhi4.o)
                0x00000c28                . = ALIGN (0x2)
 *(.text.*)
 .text.startup  0x00000c28       0x62 main.o
                0x00000c28                main
 .text.libgcc.mul
                0x00000c8a        0x0 /usr/lib/gcc/avr/4.8.2/avr5/libgcc.a(_exit.o)
 .text.libgcc.div
                0x00000c8a        0x0 /usr/lib/gcc/avr/4.8.2/avr5/libgcc.a(_exit.o)
 .text.libgcc   0x00000c8a        0x0 /usr/lib/gcc/avr/4.8.2/avr5/libgcc.a(_exit.o)
 .text.libgcc.prologue
                0x00000c8a        0x0 /usr/lib/gcc/avr/4.8.2/avr5/libgcc.a(_exit.o)
 .text.libgcc.builtins
                0x00000c8a        0x0 /usr/lib/gcc/avr/4.8.2/avr5/libgcc.a(_exit.o)
 .text.libgcc.fmul
                0x00000c8a        0x0 /usr/lib/gcc/avr/4.8.2/avr5/libgcc.a(_exit.o)
 .text.libgcc.fixed
                0x00000c8a        0x0 /usr/lib/gcc/avr/4.8.2/avr5/libgcc.a(_exit.o)
 .text.libgcc.mul
                0x00000c8a        0x0 /usr/lib/gcc/avr/4.8.2/avr5/libgcc.a(_copy_data.o)
 .text.libgcc.div
                0x00000c8a        0x0 /usr/lib/gcc/avr/4.8.2/avr5/libgcc.a(_copy_data.o)
 .text.libgcc   0x00000c8a        0x0 /usr/lib/gcc/avr/4.8.2/avr5/libgcc.a(_copy_data.o)
 .text.libgcc.prologue
                0x00000c8a        0x0 /usr/lib/gcc/avr/4.8.2/avr5/libgcc.a(_copy_data.o)
 .text.libgcc.builtins
                0x00000c8a        0x0 /usr/lib/gcc/avr/4.8.2/avr5/libgcc.a(_copy_data.o)
 .text.libgcc.fmul
                0x00000c8a        0x0 /usr/lib/gcc/avr/4.8.2/avr5/libgcc.a(_copy_data.o)
 .text.libgcc.fixed
                0x00000c8a        0x0 /usr/lib/gcc/avr/4.8.2/avr5/libgcc.a(_copy_data.o)
 .text.libgcc.mul
                0x00000c8a        0x0 /usr/lib/gcc/avr/4.8.2/avr5/libgcc.a(_clear_bss.o)
 .text.libgcc.div
                0x00000c8a        0x0 /usr/lib/gcc/avr/4.8.2/avr5/libgcc.a(_clear_bss.o)
 .text.libgcc   0x00000c8a        0x0 /usr/lib/gcc/avr/4.8.2/avr5/libgcc.a(_clear_bss.o)
 .text.libgcc.prologue
                0x00000c8a        0x0 /usr/lib/gcc/avr/4.8.2/avr5/libgcc.a(_clear_bss.o)
 .text.libgcc.builtins
                0x00000c8a        0x0 /usr/lib/gcc/avr/4.8.2/avr5/libgcc.a(_clear_bss.o)
 .text.libgcc.fmul
                0x00000c8a        0x0 /usr/lib/gcc/avr/4.8.2/avr5/libgcc.a(_clear_bss.o)
 .text.libgcc.fixed
                0x00000c8a        0x0 /usr/lib/gcc/avr/4.8.2/avr5/libgcc.a(_clear_bss.o)
 .text.avr-libc
                0x00000c8a       0x42 /usr/lib/gcc/avr/4.8.2/../../../avr/lib/avr5/libc.a(itoa.o)
                0x00000c8a                itoa
 .text.avr-libc
                0x00000ccc       0x20 /usr/lib/gcc/avr/4.8.2/../../../avr/lib/avr5/libc.a(strrev.o)
                0x00000ccc                strrev
 .text.libgcc.mul
                0x00000cec        0x0 /usr/lib/gcc/avr/4.8.2/avr5/libgcc.a(_udivmodhi4.o)
 .text.libgcc.div
                0x00000cec       0x28 /usr/lib/gcc/avr/4.8.2/avr5/libgcc.a(_udivmodhi4.o)
                0x00000cec                __udivmodhi4
 .text.libgcc   0x00000d14        0x0 /usr/lib/gcc/avr/4.8.2/avr5/libgcc.a(_udivmodhi4.o)
 .text.libgcc.prologue
                0x00000d14        0x0 /usr/lib/gcc/avr/4.8.2/avr5/libgcc.a(_udivmodhi4.o)
 .text.libgcc.builtins
                0x00000d14        0x0 /usr/lib/gcc/avr/4.8.2/avr5/libgcc.a(_udivmodhi4.o)
 .text.libgcc.fmul
                0x00000d14        0x0 /usr/lib/gcc/avr/4.8.2/avr5/libgcc.a(_udivmodhi4.o)
 .text.libgcc.fixed
                0x00000d14        0x0 /usr/lib/gcc/avr/4.8.2/avr5/libgcc.a(_udivmodhi4.o)
                0x00000d14                . = ALIGN (0x2)
 *(.fini9)
 .fini9         0x00000d14        0x0 /usr/lib/gcc/avr/4.8.2/avr5/libgcc.a(_exit.o)
                0x00000d14                exit
                0x00000d14                _exit
 *(.fini9)
 *(.fini8)
 *(.fini8)
 *(.fini7)
 *(.fini7)
 *(.fini6)
 *(.fini6)
 *(.fini5)
 *(.fini5)
 *(.fini4)
 *(.fini4)
 *(.fini3)
 *(.fini3)
 *(.fini2)
 *(.fini2)
 *(.fini1)
 *(.fini1)
 *(.fini0)
 .fini0         0x00000d14        0x4 /usr/lib/gcc/avr/4.8.2/avr5/libgcc.a(_exit.o)
 *(.fini0)
                0x00000d18                _etext = .

.data           0x00800060       0x22 load address 0x00000d18
                0x00800060                PROVIDE (__data_start, .)
 *(.data)
 .data          0x00800060        0x0 /usr/lib/gcc/avr/4.8.2/../../../avr/lib/avr5/crtm32.o
 .data          0x00800060        0x0 main.o
 .data          0x00800060        0x6 ../../../RP6Lib/RP6control/RP6ControlLib.o
 .data          0x00800066        0x0 ../../../RP6Lib/RP6common/RP6uart.o
 .data          0x00800066        0x0 ../../../RP6Lib/RP6common/RP6I2CslaveTWI.o
 .data          0x00800066        0x0 /usr/lib/gcc/avr/4.8.2/avr5/libgcc.a(_exit.o)
 .data          0x00800066        0x0 /usr/lib/gcc/avr/4.8.2/avr5/libgcc.a(_copy_data.o)
 .data          0x00800066        0x0 /usr/lib/gcc/avr/4.8.2/avr5/libgcc.a(_clear_bss.o)
 .data          0x00800066        0x0 /usr/lib/gcc/avr/4.8.2/../../../avr/lib/avr5/libc.a(itoa.o)
 .data          0x00800066        0x0 /usr/lib/gcc/avr/4.8.2/../../../avr/lib/avr5/libc.a(strrev.o)
 .data          0x00800066        0x0 /usr/lib/gcc/avr/4.8.2/avr5/libgcc.a(_udivmodhi4.o)
 *(.data*)
 *(.rodata)
 *(.rodata*)
 .rodata.str1.1
                0x00800066       0x1c main.o
 *(.gnu.linkonce.d*)
                0x00800082                . = ALIGN (0x2)
                0x00800082                _edata = .
                0x00800082                PROVIDE (__data_end, .)

.bss            0x00800082       0x9b
                0x00800082                PROVIDE (__bss_start, .)
 *(.bss)
 .bss           0x00800082        0x0 /usr/lib/gcc/avr/4.8.2/../../../avr/lib/avr5/crtm32.o
 .bss           0x00800082        0x0 main.o
 .bss           0x00800082        0x2 ../../../RP6Lib/RP6control/RP6ControlLib.o
 .bss           0x00800084        0x6 ../../../RP6Lib/RP6common/RP6uart.o
                0x00800084                write_size
                0x00800085                read_size
                0x00800086                write_pos
                0x00800087                read_pos
 .bss           0x0080008a        0x6 ../../../RP6Lib/RP6common/RP6I2CslaveTWI.o
                0x0080008a                I2CTWI_writeBusy
                0x0080008b                I2CTWI_readBusy
                0x0080008c                I2CTWI_dataReadFromReg
                0x0080008d                I2CTWI_dataWasRead
 .bss           0x00800090        0x0 /usr/lib/gcc/avr/4.8.2/avr5/libgcc.a(_exit.o)
 .bss           0x00800090        0x0 /usr/lib/gcc/avr/4.8.2/avr5/libgcc.a(_copy_data.o)
 .bss           0x00800090        0x0 /usr/lib/gcc/avr/4.8.2/avr5/libgcc.a(_clear_bss.o)
 .bss           0x00800090        0x0 /usr/lib/gcc/avr/4.8.2/../../../avr/lib/avr5/libc.a(itoa.o)
 .bss           0x00800090        0x0 /usr/lib/gcc/avr/4.8.2/../../../avr/lib/avr5/libc.a(strrev.o)
 .bss           0x00800090        0x0 /usr/lib/gcc/avr/4.8.2/avr5/libgcc.a(_udivmodhi4.o)
 *(.bss*)
 *(COMMON)
 COMMON         0x00800090        0x2 main.o
                0x00800090                timer
 COMMON         0x00800092       0x28 ../../../RP6Lib/RP6control/RP6ControlLib.o
                0x00800092                controlStatus
                0x00800093                lcd_tmp_buffer
                0x008000a4                stopwatches
                0x008000b5                externalPort
                0x008000b6                delay_timer
                0x008000b7                ms_timer
                0x008000b8                sound_timer
 COMMON         0x008000ba       0x22 ../../../RP6Lib/RP6common/RP6uart.o
                0x008000ba                uart_status
                0x008000bb                uart_receive_buffer
 COMMON         0x008000dc       0x41 ../../../RP6Lib/RP6common/RP6I2CslaveTWI.o
                0x008000dc                I2CTWI_genCallCMD
                0x008000dd                I2CTWI_writeRegisters
                0x008000ed                I2CTWI_readRegisters
                0x0080011d                PROVIDE (__bss_end, .)
                0x00000d18                __data_load_start = LOADADDR (.data)
                0x00000d3a                __data_load_end = (__data_load_start + SIZEOF (.data))

.noinit         0x0080011d        0x0
                0x0080011d                PROVIDE (__noinit_start, .)
 *(.noinit*)
                0x0080011d                PROVIDE (__noinit_end, .)
                0x0080011d                _end = .
                0x0080011d                PROVIDE (__heap_start, .)

.eeprom         0x00810000        0x0
 *(.eeprom*)
                0x00810000                __eeprom_end = .

.fuse
 *(.fuse)
 *(.lfuse)
 *(.hfuse)
 *(.efuse)

.lock
 *(.lock*)

.signature
 *(.signature*)

.user_signatures
 *(.user_signatures*)

.stab           0x00000000      0x954
 *(.stab)
 .stab          0x00000000      0x6cc /usr/lib/gcc/avr/4.8.2/../../../avr/lib/avr5/crtm32.o
 .stab          0x000006cc      0x1b0 /usr/lib/gcc/avr/4.8.2/../../../avr/lib/avr5/libc.a(itoa.o)
                                0x1bc (size before relaxing)
 .stab          0x0000087c       0xd8 /usr/lib/gcc/avr/4.8.2/../../../avr/lib/avr5/libc.a(strrev.o)
                                 0xe4 (size before relaxing)

.stabstr        0x00000000       0xb4
 *(.stabstr)
 .stabstr       0x00000000       0xb4 /usr/lib/gcc/avr/4.8.2/../../../avr/lib/avr5/crtm32.o

.stab.excl
 *(.stab.excl)

.stab.exclstr
 *(.stab.exclstr)

.stab.index
 *(.stab.index)

.stab.indexstr
 *(.stab.indexstr)

.comment        0x00000000       0x11
 *(.comment)
 .comment       0x00000000       0x11 main.o
                                 0x12 (size before relaxing)
 .comment       0x00000000       0x12 ../../../RP6Lib/RP6control/RP6ControlLib.o
 .comment       0x00000000       0x12 ../../../RP6Lib/RP6common/RP6uart.o
 .comment       0x00000000       0x12 ../../../RP6Lib/RP6common/RP6I2CslaveTWI.o

.debug
 *(.debug)

.line
 *(.line)

.debug_srcinfo
 *(.debug_srcinfo)

.debug_sfnames
 *(.debug_sfnames)

.debug_aranges  0x00000000       0x80
 *(.debug_aranges)
 .debug_aranges
                0x00000000       0x20 main.o
 .debug_aranges
                0x00000020       0x20 ../../../RP6Lib/RP6control/RP6ControlLib.o
 .debug_aranges
                0x00000040       0x20 ../../../RP6Lib/RP6common/RP6uart.o
 .debug_aranges
                0x00000060       0x20 ../../../RP6Lib/RP6common/RP6I2CslaveTWI.o

.debug_pubnames
 *(.debug_pubnames)

.debug_info     0x00000000     0x1b27
 *(.debug_info)
 .debug_info    0x00000000      0x1e1 main.o
 .debug_info    0x000001e1     0x131d ../../../RP6Lib/RP6control/RP6ControlLib.o
 .debug_info    0x000014fe      0x4aa ../../../RP6Lib/RP6common/RP6uart.o
 .debug_info    0x000019a8      0x17f ../../../RP6Lib/RP6common/RP6I2CslaveTWI.o
 *(.gnu.linkonce.wi.*)

.debug_abbrev   0x00000000      0x792
 *(.debug_abbrev)
 .debug_abbrev  0x00000000       0xf7 main.o
 .debug_abbrev  0x000000f7      0x3fe ../../../RP6Lib/RP6control/RP6ControlLib.o
 .debug_abbrev  0x000004f5      0x1ea ../../../RP6Lib/RP6common/RP6uart.o
 .debug_abbrev  0x000006df       0xb3 ../../../RP6Lib/RP6common/RP6I2CslaveTWI.o

.debug_line     0x00000000      0x57d
 *(.debug_line)
 .debug_line    0x00000000      0x106 main.o
 .debug_line    0x00000106      0x2c4 ../../../RP6Lib/RP6control/RP6ControlLib.o
 .debug_line    0x000003ca      0x108 ../../../RP6Lib/RP6common/RP6uart.o
 .debug_line    0x000004d2       0xab ../../../RP6Lib/RP6common/RP6I2CslaveTWI.o

.debug_frame    0x00000000      0x780
 *(.debug_frame)
 .debug_frame   0x00000000       0x24 main.o
 .debug_frame   0x00000024      0x5a0 ../../../RP6Lib/RP6control/RP6ControlLib.o
 .debug_frame   0x000005c4      0x168 ../../../RP6Lib/RP6common/RP6uart.o
 .debug_frame   0x0000072c       0x54 ../../../RP6Lib/RP6common/RP6I2CslaveTWI.o

.debug_str      0x00000000      0x85b
 *(.debug_str)
 .debug_str     0x00000000      0x186 main.o
                                0x1cd (size before relaxing)
 .debug_str     0x00000186      0x500 ../../../RP6Lib/RP6control/RP6ControlLib.o
                                0x68b (size before relaxing)
 .debug_str     0x00000686       0xf3 ../../../RP6Lib/RP6common/RP6uart.o
                                0x2be (size before relaxing)
 .debug_str     0x00000779       0xe2 ../../../RP6Lib/RP6common/RP6I2CslaveTWI.o
                                0x233 (size before relaxing)

.debug_loc      0x00000000     0x157e
 *(.debug_loc)
 .debug_loc     0x00000000       0x67 main.o
 .debug_loc     0x00000067      0xfb3 ../../../RP6Lib/RP6control/RP6ControlLib.o
 .debug_loc     0x0000101a      0x4e1 ../../../RP6Lib/RP6common/RP6uart.o
 .debug_loc     0x000014fb       0x83 ../../../RP6Lib/RP6common/RP6I2CslaveTWI.o

.debug_macinfo
 *(.debug_macinfo)

.debug_pubtypes
 *(.debug_pubtypes)

.debug_ranges   0x00000000       0x10
 *(.debug_ranges)
 .debug_ranges  0x00000000       0x10 main.o

.debug_macro
 *(.debug_macro)
OUTPUT(main.elf elf32-avr)
LOAD linker stubs

Cross Reference Table

Symbol                                            File
I2CTWI_dataReadFromReg                            ../../../RP6Lib/RP6common/RP6I2CslaveTWI.o
I2CTWI_dataWasRead                                ../../../RP6Lib/RP6common/RP6I2CslaveTWI.o
I2CTWI_genCallCMD                                 ../../../RP6Lib/RP6common/RP6I2CslaveTWI.o
I2CTWI_initSlave                                  ../../../RP6Lib/RP6common/RP6I2CslaveTWI.o
                                                  main.o
I2CTWI_readBusy                                   ../../../RP6Lib/RP6common/RP6I2CslaveTWI.o
I2CTWI_readRegisters                              ../../../RP6Lib/RP6common/RP6I2CslaveTWI.o
I2CTWI_writeBusy                                  ../../../RP6Lib/RP6common/RP6I2CslaveTWI.o
I2CTWI_writeRegisters                             ../../../RP6Lib/RP6common/RP6I2CslaveTWI.o
INT0_event_DUMMY                                  ../../../RP6Lib/RP6control/RP6ControlLib.o
INT0_setEventHandler                              ../../../RP6Lib/RP6control/RP6ControlLib.o
INT1_event_DUMMY                                  ../../../RP6Lib/RP6control/RP6ControlLib.o
INT1_setEventHandler                              ../../../RP6Lib/RP6control/RP6ControlLib.o
INT2_event_DUMMY                                  ../../../RP6Lib/RP6control/RP6ControlLib.o
INT2_setEventHandler                              ../../../RP6Lib/RP6control/RP6ControlLib.o
SPI_EEPROM_disableWrite                           ../../../RP6Lib/RP6control/RP6ControlLib.o
SPI_EEPROM_enableWrite                            ../../../RP6Lib/RP6control/RP6ControlLib.o
SPI_EEPROM_getStatus                              ../../../RP6Lib/RP6control/RP6ControlLib.o
SPI_EEPROM_readByte                               ../../../RP6Lib/RP6control/RP6ControlLib.o
SPI_EEPROM_readBytes                              ../../../RP6Lib/RP6control/RP6ControlLib.o
SPI_EEPROM_writeByte                              ../../../RP6Lib/RP6control/RP6ControlLib.o
SPI_EEPROM_writeBytes                             ../../../RP6Lib/RP6control/RP6ControlLib.o
__bad_interrupt                                   /usr/lib/gcc/avr/4.8.2/../../../avr/lib/avr5/crtm32.o
__bss_end                                         /usr/lib/gcc/avr/4.8.2/avr5/libgcc.a(_clear_bss.o)
__bss_start                                       /usr/lib/gcc/avr/4.8.2/avr5/libgcc.a(_clear_bss.o)
__data_end                                        /usr/lib/gcc/avr/4.8.2/avr5/libgcc.a(_copy_data.o)
__data_load_start                                 /usr/lib/gcc/avr/4.8.2/avr5/libgcc.a(_copy_data.o)
__data_start                                      /usr/lib/gcc/avr/4.8.2/avr5/libgcc.a(_copy_data.o)
__do_clear_bss                                    /usr/lib/gcc/avr/4.8.2/avr5/libgcc.a(_clear_bss.o)
                                                  ../../../RP6Lib/RP6common/RP6I2CslaveTWI.o
                                                  ../../../RP6Lib/RP6common/RP6uart.o
                                                  ../../../RP6Lib/RP6control/RP6ControlLib.o
                                                  main.o
__do_copy_data                                    /usr/lib/gcc/avr/4.8.2/avr5/libgcc.a(_copy_data.o)
                                                  ../../../RP6Lib/RP6control/RP6ControlLib.o
                                                  main.o
__heap_end                                        /usr/lib/gcc/avr/4.8.2/../../../avr/lib/avr5/crtm32.o
__init                                            /usr/lib/gcc/avr/4.8.2/../../../avr/lib/avr5/crtm32.o
__stack                                           /usr/lib/gcc/avr/4.8.2/../../../avr/lib/avr5/crtm32.o
__udivmodhi4                                      /usr/lib/gcc/avr/4.8.2/avr5/libgcc.a(_udivmodhi4.o)
                                                  /usr/lib/gcc/avr/4.8.2/../../../avr/lib/avr5/libc.a(itoa.o)
__vector_1                                        ../../../RP6Lib/RP6control/RP6ControlLib.o
                                                  /usr/lib/gcc/avr/4.8.2/../../../avr/lib/avr5/crtm32.o
__vector_10                                       ../../../RP6Lib/RP6control/RP6ControlLib.o
                                                  /usr/lib/gcc/avr/4.8.2/../../../avr/lib/avr5/crtm32.o
__vector_11                                       /usr/lib/gcc/avr/4.8.2/../../../avr/lib/avr5/crtm32.o
__vector_12                                       /usr/lib/gcc/avr/4.8.2/../../../avr/lib/avr5/crtm32.o
__vector_13                                       ../../../RP6Lib/RP6common/RP6uart.o
                                                  /usr/lib/gcc/avr/4.8.2/../../../avr/lib/avr5/crtm32.o
__vector_14                                       /usr/lib/gcc/avr/4.8.2/../../../avr/lib/avr5/crtm32.o
__vector_15                                       /usr/lib/gcc/avr/4.8.2/../../../avr/lib/avr5/crtm32.o
__vector_16                                       /usr/lib/gcc/avr/4.8.2/../../../avr/lib/avr5/crtm32.o
__vector_17                                       /usr/lib/gcc/avr/4.8.2/../../../avr/lib/avr5/crtm32.o
__vector_18                                       /usr/lib/gcc/avr/4.8.2/../../../avr/lib/avr5/crtm32.o
__vector_19                                       ../../../RP6Lib/RP6common/RP6I2CslaveTWI.o
                                                  /usr/lib/gcc/avr/4.8.2/../../../avr/lib/avr5/crtm32.o
__vector_2                                        ../../../RP6Lib/RP6control/RP6ControlLib.o
                                                  /usr/lib/gcc/avr/4.8.2/../../../avr/lib/avr5/crtm32.o
__vector_20                                       /usr/lib/gcc/avr/4.8.2/../../../avr/lib/avr5/crtm32.o
__vector_3                                        ../../../RP6Lib/RP6control/RP6ControlLib.o
                                                  /usr/lib/gcc/avr/4.8.2/../../../avr/lib/avr5/crtm32.o
__vector_4                                        /usr/lib/gcc/avr/4.8.2/../../../avr/lib/avr5/crtm32.o
__vector_5                                        /usr/lib/gcc/avr/4.8.2/../../../avr/lib/avr5/crtm32.o
__vector_6                                        /usr/lib/gcc/avr/4.8.2/../../../avr/lib/avr5/crtm32.o
__vector_7                                        /usr/lib/gcc/avr/4.8.2/../../../avr/lib/avr5/crtm32.o
__vector_8                                        /usr/lib/gcc/avr/4.8.2/../../../avr/lib/avr5/crtm32.o
__vector_9                                        /usr/lib/gcc/avr/4.8.2/../../../avr/lib/avr5/crtm32.o
__vector_default                                  /usr/lib/gcc/avr/4.8.2/../../../avr/lib/avr5/crtm32.o
__vectors                                         /usr/lib/gcc/avr/4.8.2/../../../avr/lib/avr5/crtm32.o
_exit                                             /usr/lib/gcc/avr/4.8.2/avr5/libgcc.a(_exit.o)
_showScreenLCD_P                                  ../../../RP6Lib/RP6control/RP6ControlLib.o
beep                                              ../../../RP6Lib/RP6control/RP6ControlLib.o
checkPressedKeyEvent                              ../../../RP6Lib/RP6control/RP6ControlLib.o
checkReleasedKeyEvent                             ../../../RP6Lib/RP6control/RP6ControlLib.o
clearLCD                                          ../../../RP6Lib/RP6control/RP6ControlLib.o
clearPosLCD                                       ../../../RP6Lib/RP6control/RP6ControlLib.o
clearReceptionBuffer                              ../../../RP6Lib/RP6common/RP6uart.o
controlStatus                                     ../../../RP6Lib/RP6control/RP6ControlLib.o
delayCycles                                       ../../../RP6Lib/RP6control/RP6ControlLib.o
delay_timer                                       ../../../RP6Lib/RP6control/RP6ControlLib.o
dischargePeakDetector                             ../../../RP6Lib/RP6control/RP6ControlLib.o
exit                                              /usr/lib/gcc/avr/4.8.2/avr5/libgcc.a(_exit.o)
                                                  /usr/lib/gcc/avr/4.8.2/../../../avr/lib/avr5/crtm32.o
externalPort                                      ../../../RP6Lib/RP6control/RP6ControlLib.o
getBufferLength                                   ../../../RP6Lib/RP6common/RP6uart.o
getMicrophonePeak                                 ../../../RP6Lib/RP6control/RP6ControlLib.o
getPressedKeyNumber                               ../../../RP6Lib/RP6control/RP6ControlLib.o
initLCD                                           ../../../RP6Lib/RP6control/RP6ControlLib.o
initRP6Control                                    ../../../RP6Lib/RP6control/RP6ControlLib.o
                                                  main.o
itoa                                              /usr/lib/gcc/avr/4.8.2/../../../avr/lib/avr5/libc.a(itoa.o)
                                                  ../../../RP6Lib/RP6common/RP6uart.o
                                                  ../../../RP6Lib/RP6control/RP6ControlLib.o
lcd_tmp_buffer                                    ../../../RP6Lib/RP6control/RP6ControlLib.o
mSleep                                            ../../../RP6Lib/RP6control/RP6ControlLib.o
main                                              main.o
                                                  /usr/lib/gcc/avr/4.8.2/../../../avr/lib/avr5/crtm32.o
ms_timer                                          ../../../RP6Lib/RP6control/RP6ControlLib.o
outputExt                                         ../../../RP6Lib/RP6control/RP6ControlLib.o
readADC                                           ../../../RP6Lib/RP6control/RP6ControlLib.o
readBufferSPI                                     ../../../RP6Lib/RP6control/RP6ControlLib.o
readChar                                          ../../../RP6Lib/RP6common/RP6uart.o
readChars                                         ../../../RP6Lib/RP6common/RP6uart.o
readSPI                                           ../../../RP6Lib/RP6control/RP6ControlLib.o
readWordSPI                                       ../../../RP6Lib/RP6control/RP6ControlLib.o
read_pos                                          ../../../RP6Lib/RP6common/RP6uart.o
read_size                                         ../../../RP6Lib/RP6common/RP6uart.o
setBeeperPitch                                    ../../../RP6Lib/RP6control/RP6ControlLib.o
setCursorPosLCD                                   ../../../RP6Lib/RP6control/RP6ControlLib.o
setLCDD                                           ../../../RP6Lib/RP6control/RP6ControlLib.o
setLEDs                                           ../../../RP6Lib/RP6control/RP6ControlLib.o
sleep                                             ../../../RP6Lib/RP6control/RP6ControlLib.o
sound_timer                                       ../../../RP6Lib/RP6control/RP6ControlLib.o
stopwatches                                       ../../../RP6Lib/RP6control/RP6ControlLib.o
strrev                                            /usr/lib/gcc/avr/4.8.2/../../../avr/lib/avr5/libc.a(strrev.o)
                                                  /usr/lib/gcc/avr/4.8.2/../../../avr/lib/avr5/libc.a(itoa.o)
timer                                             ../../../RP6Lib/RP6control/RP6ControlLib.o
                                                  main.o
uart_receive_buffer                               ../../../RP6Lib/RP6common/RP6uart.o
uart_status                                       ../../../RP6Lib/RP6common/RP6uart.o
write4BitLCDData                                  ../../../RP6Lib/RP6control/RP6ControlLib.o
writeBufferSPI                                    ../../../RP6Lib/RP6control/RP6ControlLib.o
writeChar                                         ../../../RP6Lib/RP6common/RP6uart.o
writeCharLCD                                      ../../../RP6Lib/RP6control/RP6ControlLib.o
writeInteger                                      ../../../RP6Lib/RP6common/RP6uart.o
                                                  main.o
writeIntegerLCD                                   ../../../RP6Lib/RP6control/RP6ControlLib.o
writeIntegerLength                                ../../../RP6Lib/RP6common/RP6uart.o
writeIntegerLengthLCD                             ../../../RP6Lib/RP6control/RP6ControlLib.o
writeLCDCommand                                   ../../../RP6Lib/RP6control/RP6ControlLib.o
writeNStringLCD_P                                 ../../../RP6Lib/RP6control/RP6ControlLib.o
writeNStringP                                     ../../../RP6Lib/RP6common/RP6uart.o
                                                  main.o
writeSPI                                          ../../../RP6Lib/RP6control/RP6ControlLib.o
writeString                                       ../../../RP6Lib/RP6common/RP6uart.o
                                                  main.o
writeStringLCD                                    ../../../RP6Lib/RP6control/RP6ControlLib.o
writeStringLength                                 ../../../RP6Lib/RP6common/RP6uart.o
writeStringLengthLCD                              ../../../RP6Lib/RP6control/RP6ControlLib.o
writeWordSPI                                      ../../../RP6Lib/RP6control/RP6ControlLib.o
write_pos                                         ../../../RP6Lib/RP6common/RP6uart.o
write_size                                        ../../../RP6Lib/RP6common/RP6uart.o
