   1               		.file	"main.c"
   2               	__SP_H__ = 0x3e
   3               	__SP_L__ = 0x3d
   4               	__SREG__ = 0x3f
   5               	__tmp_reg__ = 0
   6               	__zero_reg__ = 1
   7               		.text
   8               	.Ltext0:
   9               		.cfi_sections	.debug_frame
  10               		.section	.rodata.str1.1,"aMS",@progbits,1
  11               	.LC0:
  12 0000 4275 7474 		.string	"Button 2 pressed "
  12      6F6E 2032 
  12      2070 7265 
  12      7373 6564 
  12      2000 
  13               	.LC1:
  14 0012 2074 696D 		.string	" times."
  14      6573 2E00 
  15               	.LC2:
  16 001a 0A00      		.string	"\n"
  17               		.section	.text.startup,"ax",@progbits
  18               	.global	main
  20               	main:
  21               	.LFB7:
  22               		.file 1 "main.c"
   1:main.c        **** #include "RP6ControlLib.h"
   2:main.c        **** #include "RP6I2CslaveTWI.h"
   3:main.c        **** 
   4:main.c        **** #define slaveAddress 12
   5:main.c        **** 
   6:main.c        **** int main(void)
   7:main.c        **** {
  23               		.loc 1 7 0
  24               		.cfi_startproc
  25               	/* prologue: function */
  26               	/* frame size = 0 */
  27               	/* stack size = 0 */
  28               	.L__stack_usage = 0
   8:main.c        **** 	initRP6Control(); 	
  29               		.loc 1 8 0
  30 0000 0E94 0000 		call initRP6Control
  31               	.LVL0:
   9:main.c        **** 	I2CTWI_initSlave(slaveAddress);
  32               		.loc 1 9 0
  33 0004 8CE0      		ldi r24,lo8(12)
  34 0006 0E94 0000 		call I2CTWI_initSlave
  35               	.LVL1:
  10:main.c        **** 
  11:main.c        **** 	uint8_t sideHit = 0;
  12:main.c        **** 	uint8_t timesPressed2 = 0;
  13:main.c        **** 	
  14:main.c        **** 	DDRC &= ~IO_PC3; 
  36               		.loc 1 14 0
  37 000a A398      		cbi 0x14,3
  15:main.c        **** 	PORTC &= ~IO_PC3; 
  38               		.loc 1 15 0
  39 000c AB98      		cbi 0x15,3
  16:main.c        **** 
  17:main.c        **** 	if(PINC & IO_PC3) // Check if PC6 is high
  40               		.loc 1 17 0
  41 000e 9B9B      		sbis 0x13,3
  42 0010 00C0      		rjmp .L2
  18:main.c        **** 		writeString_P("\n\nPC3 is HIGH!\n\n");
  43               		.loc 1 18 0
  44 0012 80E0      		ldi r24,lo8(__c.2161)
  45 0014 90E0      		ldi r25,hi8(__c.2161)
  46 0016 00C0      		rjmp .L9
  47               	.L2:
  19:main.c        **** 	else
  20:main.c        **** 		writeString_P("\n\nPC3 is LOW!\n\n");
  48               		.loc 1 20 0
  49 0018 80E0      		ldi r24,lo8(__c.2163)
  50 001a 90E0      		ldi r25,hi8(__c.2163)
  51               	.L9:
  52 001c 0E94 0000 		call writeNStringP
  53               	.LVL2:
   7:main.c        **** {
  54               		.loc 1 7 0
  55 0020 80E0      		ldi r24,0
  56 0022 90E0      		ldi r25,0
  57 0024 C0E0      		ldi r28,0
  58               	.LVL3:
  59               	.L5:
  21:main.c        **** 
  22:main.c        **** 	int lastButton3State = false;
  23:main.c        **** 
  24:main.c        **** 	while(true)
  25:main.c        **** 	{
  26:main.c        **** 		if((PINC & IO_PC3) !=  lastButton3State)
  60               		.loc 1 26 0
  61 0026 23B3      		in r18,0x13
  62 0028 2870      		andi r18,lo8(8)
  63 002a 30E0      		ldi r19,0
  64 002c 2817      		cp r18,r24
  65 002e 3907      		cpc r19,r25
  66 0030 01F0      		breq .L4
  27:main.c        **** 		{
  28:main.c        **** 			if(PINC & IO_PC3)
  67               		.loc 1 28 0
  68 0032 9B9B      		sbis 0x13,3
  69 0034 00C0      		rjmp .L4
  70               	.LVL4:
  29:main.c        **** 			{
  30:main.c        **** 				sideHit = 2;
  31:main.c        **** 				timesPressed2++;
  71               		.loc 1 31 0
  72 0036 CF5F      		subi r28,lo8(-(1))
  73               	.LVL5:
  32:main.c        **** 				writeString("Button 2 pressed ");
  74               		.loc 1 32 0
  75 0038 80E0      		ldi r24,lo8(.LC0)
  76 003a 90E0      		ldi r25,hi8(.LC0)
  77               	.LVL6:
  78 003c 0E94 0000 		call writeString
  79               	.LVL7:
  33:main.c        **** 				writeInteger(timesPressed2, DEC);
  80               		.loc 1 33 0
  81 0040 6AE0      		ldi r22,lo8(10)
  82 0042 8C2F      		mov r24,r28
  83 0044 90E0      		ldi r25,0
  84 0046 0E94 0000 		call writeInteger
  85               	.LVL8:
  34:main.c        **** 				writeString(" times.");
  86               		.loc 1 34 0
  87 004a 80E0      		ldi r24,lo8(.LC1)
  88 004c 90E0      		ldi r25,hi8(.LC1)
  89 004e 0E94 0000 		call writeString
  90               	.LVL9:
  35:main.c        **** 				writeString("\n");
  91               		.loc 1 35 0
  92 0052 80E0      		ldi r24,lo8(.LC2)
  93 0054 90E0      		ldi r25,hi8(.LC2)
  94 0056 0E94 0000 		call writeString
  95               	.LVL10:
  96               	.L4:
  36:main.c        **** 			}
  37:main.c        **** 		}	
  38:main.c        **** 
  39:main.c        **** 		lastButton3State = PINC & IO_PC3;
  97               		.loc 1 39 0
  98 005a 83B3      		in r24,0x13
  99 005c 8870      		andi r24,lo8(8)
 100 005e 90E0      		ldi r25,0
 101               	.LVL11:
  40:main.c        **** 	}	
 102               		.loc 1 40 0
 103 0060 00C0      		rjmp .L5
 104               		.cfi_endproc
 105               	.LFE7:
 107               		.section	.progmem.data,"a",@progbits
 110               	__c.2163:
 111 0000 0A0A 5043 		.string	"\n\nPC3 is LOW!\n\n"
 111      3320 6973 
 111      204C 4F57 
 111      210A 0A00 
 114               	__c.2161:
 115 0010 0A0A 5043 		.string	"\n\nPC3 is HIGH!\n\n"
 115      3320 6973 
 115      2048 4947 
 115      4821 0A0A 
 115      00
 116               		.comm	timer,2,1
 117               		.text
 118               	.Letext0:
 119               		.file 2 "/usr/lib/avr/include/stdint.h"
 120               		.file 3 "../../../RP6Lib/RP6common/RP6I2CslaveTWI.h"
 121               		.file 4 "../../../RP6Lib/RP6common/RP6uart.h"
 122               		.file 5 "../../../RP6Lib/RP6control/internal/Timer_internal.h"
 123               		.file 6 "../../../RP6Lib/RP6control/RP6_control.h"
DEFINED SYMBOLS
                            *ABS*:00000000 main.c
     /tmp/ccN5bqld.s:2      *ABS*:0000003e __SP_H__
     /tmp/ccN5bqld.s:3      *ABS*:0000003d __SP_L__
     /tmp/ccN5bqld.s:4      *ABS*:0000003f __SREG__
     /tmp/ccN5bqld.s:5      *ABS*:00000000 __tmp_reg__
     /tmp/ccN5bqld.s:6      *ABS*:00000001 __zero_reg__
     /tmp/ccN5bqld.s:20     .text.startup:00000000 main
     /tmp/ccN5bqld.s:114    .progmem.data:00000010 __c.2161
     /tmp/ccN5bqld.s:110    .progmem.data:00000000 __c.2163
                            *COM*:00000002 timer

UNDEFINED SYMBOLS
initRP6Control
I2CTWI_initSlave
writeNStringP
writeString
writeInteger
__do_copy_data
__do_clear_bss
