Archive member included because of file (symbol)

/usr/lib/gcc/avr/4.8.2/../../../avr/lib/avr5/libm.a(fixsfsi.o)
                              Crash.o (__fixsfsi)
/usr/lib/gcc/avr/4.8.2/../../../avr/lib/avr5/libm.a(fixunssfsi.o)
                              Crash.o (__fixunssfsi)
/usr/lib/gcc/avr/4.8.2/../../../avr/lib/avr5/libm.a(floatsisf.o)
                              Crash.o (__floatunsisf)
/usr/lib/gcc/avr/4.8.2/../../../avr/lib/avr5/libm.a(fp_split3.o)
                              /usr/lib/gcc/avr/4.8.2/../../../avr/lib/avr5/libm.a(fixunssfsi.o) (__fp_splitA)
/usr/lib/gcc/avr/4.8.2/../../../avr/lib/avr5/libm.a(fp_zero.o)
                              /usr/lib/gcc/avr/4.8.2/../../../avr/lib/avr5/libm.a(fixunssfsi.o) (__fp_zero)
/usr/lib/gcc/avr/4.8.2/../../../avr/lib/avr5/libm.a(mulsf3.o)
                              Crash.o (__mulsf3)
/usr/lib/gcc/avr/4.8.2/../../../avr/lib/avr5/libm.a(mulsf3x.o)
                              /usr/lib/gcc/avr/4.8.2/../../../avr/lib/avr5/libm.a(mulsf3.o) (__mulsf3x)
/usr/lib/gcc/avr/4.8.2/../../../avr/lib/avr5/libm.a(fp_inf.o)
                              /usr/lib/gcc/avr/4.8.2/../../../avr/lib/avr5/libm.a(mulsf3x.o) (__fp_inf)
/usr/lib/gcc/avr/4.8.2/../../../avr/lib/avr5/libm.a(fp_nan.o)
                              /usr/lib/gcc/avr/4.8.2/../../../avr/lib/avr5/libm.a(mulsf3x.o) (__fp_nan)
/usr/lib/gcc/avr/4.8.2/../../../avr/lib/avr5/libm.a(fp_pscA.o)
                              /usr/lib/gcc/avr/4.8.2/../../../avr/lib/avr5/libm.a(mulsf3x.o) (__fp_pscA)
/usr/lib/gcc/avr/4.8.2/../../../avr/lib/avr5/libm.a(fp_pscB.o)
                              /usr/lib/gcc/avr/4.8.2/../../../avr/lib/avr5/libm.a(mulsf3x.o) (__fp_pscB)
/usr/lib/gcc/avr/4.8.2/../../../avr/lib/avr5/libm.a(fp_round.o)
                              /usr/lib/gcc/avr/4.8.2/../../../avr/lib/avr5/libm.a(mulsf3.o) (__fp_round)
/usr/lib/gcc/avr/4.8.2/avr5/libgcc.a(_udivmodhi4.o)
                              Drive.o (__udivmodhi4)
/usr/lib/gcc/avr/4.8.2/avr5/libgcc.a(_exit.o)
                              /usr/lib/gcc/avr/4.8.2/../../../avr/lib/avr5/crtm32.o (exit)
/usr/lib/gcc/avr/4.8.2/avr5/libgcc.a(_copy_data.o)
                              main.o (__do_copy_data)
/usr/lib/gcc/avr/4.8.2/avr5/libgcc.a(_clear_bss.o)
                              main.o (__do_clear_bss)
/usr/lib/gcc/avr/4.8.2/../../../avr/lib/avr5/libc.a(itoa.o)
                              ../../../../rp6/RP6Examples_20120725f/RP6Lib/RP6control/RP6ControlLib.o (itoa)
/usr/lib/gcc/avr/4.8.2/../../../avr/lib/avr5/libc.a(strrev.o)
                              /usr/lib/gcc/avr/4.8.2/../../../avr/lib/avr5/libc.a(itoa.o) (strrev)

Allocating common symbols
Common symbol       size              file

bumper_left         0x1               ../../../../rp6/RP6Examples_20120725f/RP6Lib/RP6control_I2CMasterLib/RP6Control_I2CMasterLib.o
sensorBuf           0x18              ../../../../rp6/RP6Examples_20120725f/RP6Lib/RP6control_I2CMasterLib/RP6Control_I2CMasterLib.o
mright_des_speed    0x1               ../../../../rp6/RP6Examples_20120725f/RP6Lib/RP6control_I2CMasterLib/RP6Control_I2CMasterLib.o
interrupt_status    0x1               main.o
timer               0x2               main.o
mleft_des_speed     0x1               ../../../../rp6/RP6Examples_20120725f/RP6Lib/RP6control_I2CMasterLib/RP6Control_I2CMasterLib.o
hitSide             0x1               Crash.o
uart_status         0x1               ../../../../rp6/RP6Examples_20120725f/RP6Lib/RP6common/RP6uart.o
transmit_buffer     0xa               ../../../../rp6/RP6Examples_20120725f/RP6Lib/RP6control_I2CMasterLib/RP6Control_I2CMasterLib.o
controlStatus       0x1               ../../../../rp6/RP6Examples_20120725f/RP6Lib/RP6control/RP6ControlLib.o
drive_status        0x1               main.o
gDataArray          0x5a              MPU9250.o
crashInfoToSend     0x7               Crash.o
mleft_power         0x1               ../../../../rp6/RP6Examples_20120725f/RP6Lib/RP6control_I2CMasterLib/RP6Control_I2CMasterLib.o
mleft_speed         0x1               ../../../../rp6/RP6Examples_20120725f/RP6Lib/RP6control_I2CMasterLib/RP6Control_I2CMasterLib.o
lcd_tmp_buffer      0x11              ../../../../rp6/RP6Examples_20120725f/RP6Lib/RP6control/RP6ControlLib.o
sData               0x2               Drive.o
adc1                0x2               ../../../../rp6/RP6Examples_20120725f/RP6Lib/RP6control_I2CMasterLib/RP6Control_I2CMasterLib.o
adcLSL              0x2               ../../../../rp6/RP6Examples_20120725f/RP6Lib/RP6control_I2CMasterLib/RP6Control_I2CMasterLib.o
mright_power        0x1               ../../../../rp6/RP6Examples_20120725f/RP6Lib/RP6control_I2CMasterLib/RP6Control_I2CMasterLib.o
stopwatches         0x11              ../../../../rp6/RP6Examples_20120725f/RP6Lib/RP6control/RP6ControlLib.o
obstacle_left       0x1               ../../../../rp6/RP6Examples_20120725f/RP6Lib/RP6control_I2CMasterLib/RP6Control_I2CMasterLib.o
statusLEDs          0x1               main.o
externalPort        0x1               ../../../../rp6/RP6Examples_20120725f/RP6Lib/RP6control/RP6ControlLib.o
sDataArray          0x1e              main.o
adcLSR              0x2               ../../../../rp6/RP6Examples_20120725f/RP6Lib/RP6control_I2CMasterLib/RP6Control_I2CMasterLib.o
obstacle_right      0x1               ../../../../rp6/RP6Examples_20120725f/RP6Lib/RP6control_I2CMasterLib/RP6Control_I2CMasterLib.o
mright_dist         0x2               ../../../../rp6/RP6Examples_20120725f/RP6Lib/RP6control_I2CMasterLib/RP6Control_I2CMasterLib.o
adc0                0x2               ../../../../rp6/RP6Examples_20120725f/RP6Lib/RP6control_I2CMasterLib/RP6Control_I2CMasterLib.o
delay_timer         0x1               ../../../../rp6/RP6Examples_20120725f/RP6Lib/RP6control/RP6ControlLib.o
adcMotorCurrentRight
                    0x2               ../../../../rp6/RP6Examples_20120725f/RP6Lib/RP6control_I2CMasterLib/RP6Control_I2CMasterLib.o
ms_timer            0x1               ../../../../rp6/RP6Examples_20120725f/RP6Lib/RP6control/RP6ControlLib.o
mleft_dist          0x2               ../../../../rp6/RP6Examples_20120725f/RP6Lib/RP6control_I2CMasterLib/RP6Control_I2CMasterLib.o
mright_speed        0x1               ../../../../rp6/RP6Examples_20120725f/RP6Lib/RP6control_I2CMasterLib/RP6Control_I2CMasterLib.o
bumper_right        0x1               ../../../../rp6/RP6Examples_20120725f/RP6Lib/RP6control_I2CMasterLib/RP6Control_I2CMasterLib.o
adcBat              0x2               ../../../../rp6/RP6Examples_20120725f/RP6Lib/RP6control_I2CMasterLib/RP6Control_I2CMasterLib.o
uart_receive_buffer
                    0x21              ../../../../rp6/RP6Examples_20120725f/RP6Lib/RP6common/RP6uart.o
sound_timer         0x2               ../../../../rp6/RP6Examples_20120725f/RP6Lib/RP6control/RP6ControlLib.o
status              0x1               main.o
adcMotorCurrentLeft
                    0x2               ../../../../rp6/RP6Examples_20120725f/RP6Lib/RP6control_I2CMasterLib/RP6Control_I2CMasterLib.o
messageBuf          0x10              ../../../../rp6/RP6Examples_20120725f/RP6Lib/RP6control_I2CMasterLib/RP6Control_I2CMasterLib.o

Memory Configuration

Name             Origin             Length             Attributes
text             0x00000000         0x00020000         xr
data             0x00800060         0x0000ffa0         rw !x
eeprom           0x00810000         0x00010000         rw !x
fuse             0x00820000         0x00000400         rw !x
lock             0x00830000         0x00000400         rw !x
signature        0x00840000         0x00000400         rw !x
user_signatures  0x00850000         0x00000400         rw !x
*default*        0x00000000         0xffffffff

Linker script and memory map

LOAD /usr/lib/gcc/avr/4.8.2/../../../avr/lib/avr5/crtm32.o
LOAD main.o
LOAD Drive.o
LOAD MPU9250.o
LOAD Crash.o
LOAD ../../../../rp6/RP6Examples_20120725f/RP6Lib/RP6control/RP6ControlLib.o
LOAD ../../../../rp6/RP6Examples_20120725f/RP6Lib/RP6common/RP6uart.o
LOAD ../../../../rp6/RP6Examples_20120725f/RP6Lib/RP6common/RP6I2CmasterTWI.o
LOAD ../../../../rp6/RP6Examples_20120725f/RP6Lib/RP6control_I2CMasterLib/RP6Control_I2CMasterLib.o
LOAD /usr/lib/gcc/avr/4.8.2/../../../avr/lib/avr5/libm.a
START GROUP
LOAD /usr/lib/gcc/avr/4.8.2/avr5/libgcc.a
LOAD /usr/lib/gcc/avr/4.8.2/../../../avr/lib/avr5/libm.a
LOAD /usr/lib/gcc/avr/4.8.2/../../../avr/lib/avr5/libc.a
END GROUP

.hash
 *(.hash)

.dynsym
 *(.dynsym)

.dynstr
 *(.dynstr)

.gnu.version
 *(.gnu.version)

.gnu.version_d
 *(.gnu.version_d)

.gnu.version_r
 *(.gnu.version_r)

.rel.init
 *(.rel.init)

.rela.init
 *(.rela.init)

.rel.text
 *(.rel.text)
 *(.rel.text.*)
 *(.rel.gnu.linkonce.t*)

.rela.text
 *(.rela.text)
 *(.rela.text.*)
 *(.rela.gnu.linkonce.t*)

.rel.fini
 *(.rel.fini)

.rela.fini
 *(.rela.fini)

.rel.rodata
 *(.rel.rodata)
 *(.rel.rodata.*)
 *(.rel.gnu.linkonce.r*)

.rela.rodata
 *(.rela.rodata)
 *(.rela.rodata.*)
 *(.rela.gnu.linkonce.r*)

.rel.data
 *(.rel.data)
 *(.rel.data.*)
 *(.rel.gnu.linkonce.d*)

.rela.data
 *(.rela.data)
 *(.rela.data.*)
 *(.rela.gnu.linkonce.d*)

.rel.ctors
 *(.rel.ctors)

.rela.ctors
 *(.rela.ctors)

.rel.dtors
 *(.rel.dtors)

.rela.dtors
 *(.rela.dtors)

.rel.got
 *(.rel.got)

.rela.got
 *(.rela.got)

.rel.bss
 *(.rel.bss)

.rela.bss
 *(.rela.bss)

.rel.plt
 *(.rel.plt)

.rela.plt
 *(.rela.plt)

.text           0x00000000     0x2180
 *(.vectors)
 .vectors       0x00000000       0x54 /usr/lib/gcc/avr/4.8.2/../../../avr/lib/avr5/crtm32.o
                0x00000000                __vectors
                0x00000000                __vector_default
 *(.vectors)
 *(.progmem.gcc*)
 *(.progmem*)
 .progmem.data  0x00000054       0x80 main.o
                0x000000d4                . = ALIGN (0x2)
                0x000000d4                __trampolines_start = .
 *(.trampolines)
 .trampolines   0x000000d4        0x0 linker stubs
 *(.trampolines*)
                0x000000d4                __trampolines_end = .
 *(.jumptables)
 *(.jumptables*)
 *(.lowtext)
 *(.lowtext*)
                0x000000d4                __ctors_start = .
 *(.ctors)
                0x000000d4                __ctors_end = .
                0x000000d4                __dtors_start = .
 *(.dtors)
                0x000000d4                __dtors_end = .
 SORT(*)(.ctors)
 SORT(*)(.dtors)
 *(.init0)
 .init0         0x000000d4        0x0 /usr/lib/gcc/avr/4.8.2/../../../avr/lib/avr5/crtm32.o
                0x000000d4                __init
 *(.init0)
 *(.init1)
 *(.init1)
 *(.init2)
 .init2         0x000000d4        0xc /usr/lib/gcc/avr/4.8.2/../../../avr/lib/avr5/crtm32.o
 *(.init2)
 *(.init3)
 *(.init3)
 *(.init4)
 .init4         0x000000e0       0x16 /usr/lib/gcc/avr/4.8.2/avr5/libgcc.a(_copy_data.o)
                0x000000e0                __do_copy_data
 .init4         0x000000f6       0x10 /usr/lib/gcc/avr/4.8.2/avr5/libgcc.a(_clear_bss.o)
                0x000000f6                __do_clear_bss
 *(.init4)
 *(.init5)
 *(.init5)
 *(.init6)
 *(.init6)
 *(.init7)
 *(.init7)
 *(.init8)
 *(.init8)
 *(.init9)
 .init9         0x00000106        0x8 /usr/lib/gcc/avr/4.8.2/../../../avr/lib/avr5/crtm32.o
 *(.init9)
 *(.text)
 .text          0x0000010e        0x4 /usr/lib/gcc/avr/4.8.2/../../../avr/lib/avr5/crtm32.o
                0x0000010e                __vector_12
                0x0000010e                __bad_interrupt
                0x0000010e                __vector_6
                0x0000010e                __vector_11
                0x0000010e                __vector_17
                0x0000010e                __vector_7
                0x0000010e                __vector_5
                0x0000010e                __vector_4
                0x0000010e                __vector_9
                0x0000010e                __vector_15
                0x0000010e                __vector_8
                0x0000010e                __vector_14
                0x0000010e                __vector_16
                0x0000010e                __vector_18
                0x0000010e                __vector_20
 .text          0x00000112      0x1d2 main.o
                0x00000112                I2C_transmissionError
                0x00000130                watchDogRequest
                0x00000160                writeButtonPressOnLCD
                0x000001a6                task_checkButtonChanged
 .text          0x000002e4      0x128 Drive.o
                0x000002e4                saveSpeedData
                0x00000312                calculateAverageLeftSpeed
                0x0000033a                calculateAverageRightSpeed
                0x00000362                writeSpeed
 .text          0x0000040c      0x258 MPU9250.o
                0x0000040c                initMPU9250
                0x00000416                getGyroData
                0x00000488                saveGyroData
                0x00000542                writeGyro
 .text          0x00000664      0x276 Crash.o
                0x00000664                assignCrashInfo
                0x000007fe                sendCrashInfo
                0x0000086c                buttenChanged
 .text          0x000008da      0x81e ../../../../rp6/RP6Examples_20120725f/RP6Lib/RP6control/RP6ControlLib.o
                0x000008da                INT0_event_DUMMY
                0x000008dc                INT1_event_DUMMY
                0x000008de                INT2_event_DUMMY
                0x000008e0                INT0_setEventHandler
                0x000008ea                __vector_1
                0x00000938                INT1_setEventHandler
                0x00000942                __vector_2
                0x00000990                INT2_setEventHandler
                0x0000099a                __vector_3
                0x000009e8                readADC
                0x00000a06                writeSPI
                0x00000a0e                readSPI
                0x00000a18                readWordSPI
                0x00000a38                writeWordSPI
                0x00000a4a                writeBufferSPI
                0x00000a62                readBufferSPI
                0x00000a7e                SPI_EEPROM_readByte
                0x00000a9e                SPI_EEPROM_readBytes
                0x00000ae0                SPI_EEPROM_enableWrite
                0x00000aec                SPI_EEPROM_disableWrite
                0x00000af8                SPI_EEPROM_getStatus
                0x00000b08                SPI_EEPROM_writeByte
                0x00000b3c                SPI_EEPROM_writeBytes
                0x00000b7c                outputExt
                0x00000b8e                setLEDs
                0x00000ba0                getPressedKeyNumber
                0x00000c08                checkPressedKeyEvent
                0x00000c2c                checkReleasedKeyEvent
                0x00000c54                __vector_10
                0x00000da6                beep
                0x00000dc2                setBeeperPitch
                0x00000de0                sleep
                0x00000df6                mSleep
                0x00000e10                dischargePeakDetector
                0x00000e20                getMicrophonePeak
                0x00000e4c                delayCycles
                0x00000e56                setLCDD
                0x00000e78                write4BitLCDData
                0x00000e94                writeLCDCommand
                0x00000ea2                setCursorPosLCD
                0x00000eb0                initLCD
                0x00000f2e                clearLCD
                0x00000f3c                writeCharLCD
                0x00000f4a                writeNStringLCD_P
                0x00000f68                _showScreenLCD_P
                0x00000fa0                writeStringLCD
                0x00000fb8                writeIntegerLCD
                0x00000fcc                writeStringLengthLCD
                0x00001006                writeIntegerLengthLCD
                0x00001084                clearPosLCD
                0x0000109e                initRP6Control
 .text          0x000010f8      0x250 ../../../../rp6/RP6Examples_20120725f/RP6Lib/RP6common/RP6uart.o
                0x000010f8                writeChar
                0x00001100                writeString
                0x00001118                writeNStringP
                0x00001136                writeStringLength
                0x00001170                writeInteger
                0x000011ac                writeIntegerLength
                0x0000122a                __vector_13
                0x00001298                readChar
                0x000012d4                readChars
                0x0000131c                getBufferLength
                0x00001328                clearReceptionBuffer
 .text          0x00001348      0x5c0 ../../../../rp6/RP6Examples_20120725f/RP6Lib/RP6common/RP6I2CmasterTWI.o
                0x00001348                I2CTWI_requestedDataReady_DUMMY
                0x0000134a                I2CTWI_transmissionError_DUMMY
                0x0000134c                __I2CTWI_initMaster
                0x00001368                I2CTWI_setRequestedDataReadyHandler
                0x00001372                I2CTWI_setTransmissionErrorHandler
                0x0000137c                I2CTWI_delay
                0x0000139e                I2CTWI_getReceivedData
                0x000013c4                I2CTWI_getState
                0x000013d0                task_I2CTWI
                0x00001494                I2CTWI_requestDataFromDevice
                0x000014e4                I2CTWI_requestRegisterFromDevice
                0x0000153e                I2CTWI_readRegisters
                0x000015d0                I2CTWI_readBytes
                0x00001648                I2CTWI_readByte
                0x000016a2                I2CTWI_transmitByte
                0x000016de                I2CTWI_transmit2Bytes
                0x00001724                I2CTWI_transmit3Bytes
                0x00001774                I2CTWI_transmit4Bytes
                0x000017cc                I2CTWI_transmitBytes
                0x0000182a                __vector_19
 .text          0x00001908      0x46e ../../../../rp6/RP6Examples_20120725f/RP6Lib/RP6control_I2CMasterLib/RP6Control_I2CMasterLib.o
                0x00001908                BUMPERS_stateChanged_DUMMY
                0x0000190a                MOTIONCONTROL_stateChanged_DUMMY
                0x0000190c                IRCOMM_RC5dataReady_DUMMY
                0x0000190e                ACS_stateChanged_DUMMY
                0x00001910                BATTERY_lowVoltage_DUMMY
                0x00001912                WDT_request_DUMMY
                0x00001914                I2C_request_DUMMY
                0x00001916                initI2C_RP6Lib
                0x00001924                BUMPERS_setStateChangedHandler
                0x0000192e                MOTIONCONTROL_setStateChangedHandler
                0x00001938                IRCOMM_setRC5DataReadyHandler
                0x00001942                ACS_setStateChangedHandler
                0x0000194c                BATTERY_setLowVoltageHandler
                0x00001956                WDT_setRequestHandler
                0x00001960                I2C_setTransmissionErrorHandler
                0x0000196a                getAllSensors
                0x00001a94                getLightSensors
                0x00001ad8                task_checkINT0
                0x00001af8                checkRP6Status
                0x00001c22                I2C_requestedDataReady
                0x00001c26                waitForTransmitComplete
                0x00001c5c                moveAtSpeed
                0x00001c84                changeDirection
                0x00001ca6                stop
                0x00001cb4                rotate
                0x00001d0a                move
                0x00001d60                updateStatusLEDs
                0x00001d6e                setRP6LEDs
 .text          0x00001d76        0x0 /usr/lib/gcc/avr/4.8.2/../../../avr/lib/avr5/libm.a(fixsfsi.o)
 .text          0x00001d76        0x0 /usr/lib/gcc/avr/4.8.2/../../../avr/lib/avr5/libm.a(fixunssfsi.o)
 .text          0x00001d76        0x0 /usr/lib/gcc/avr/4.8.2/../../../avr/lib/avr5/libm.a(floatsisf.o)
 .text          0x00001d76        0x0 /usr/lib/gcc/avr/4.8.2/../../../avr/lib/avr5/libm.a(fp_split3.o)
 .text          0x00001d76        0x0 /usr/lib/gcc/avr/4.8.2/../../../avr/lib/avr5/libm.a(fp_zero.o)
 .text          0x00001d76        0x0 /usr/lib/gcc/avr/4.8.2/../../../avr/lib/avr5/libm.a(mulsf3.o)
 .text          0x00001d76        0x0 /usr/lib/gcc/avr/4.8.2/../../../avr/lib/avr5/libm.a(mulsf3x.o)
 .text          0x00001d76        0x0 /usr/lib/gcc/avr/4.8.2/../../../avr/lib/avr5/libm.a(fp_inf.o)
 .text          0x00001d76        0x0 /usr/lib/gcc/avr/4.8.2/../../../avr/lib/avr5/libm.a(fp_nan.o)
 .text          0x00001d76        0x0 /usr/lib/gcc/avr/4.8.2/../../../avr/lib/avr5/libm.a(fp_pscA.o)
 .text          0x00001d76        0x0 /usr/lib/gcc/avr/4.8.2/../../../avr/lib/avr5/libm.a(fp_pscB.o)
 .text          0x00001d76        0x0 /usr/lib/gcc/avr/4.8.2/../../../avr/lib/avr5/libm.a(fp_round.o)
 .text          0x00001d76        0x0 /usr/lib/gcc/avr/4.8.2/avr5/libgcc.a(_udivmodhi4.o)
 .text          0x00001d76        0x0 /usr/lib/gcc/avr/4.8.2/avr5/libgcc.a(_exit.o)
 .text          0x00001d76        0x0 /usr/lib/gcc/avr/4.8.2/avr5/libgcc.a(_copy_data.o)
 .text          0x00001d76        0x0 /usr/lib/gcc/avr/4.8.2/avr5/libgcc.a(_clear_bss.o)
 .text          0x00001d76        0x0 /usr/lib/gcc/avr/4.8.2/../../../avr/lib/avr5/libc.a(itoa.o)
 .text          0x00001d76        0x0 /usr/lib/gcc/avr/4.8.2/../../../avr/lib/avr5/libc.a(strrev.o)
                0x00001d76                . = ALIGN (0x2)
 *(.text.*)
 .text.startup  0x00001d76      0x138 main.o
                0x00001d76                main
 .text.avr-libc.fplib
                0x00001eae        0xa /usr/lib/gcc/avr/4.8.2/../../../avr/lib/avr5/libm.a(fixsfsi.o)
                0x00001eae                __fixsfsi
 .text.avr-libc.fplib
                0x00001eb8       0x58 /usr/lib/gcc/avr/4.8.2/../../../avr/lib/avr5/libm.a(fixunssfsi.o)
                0x00001eb8                __fixunssfsi
 .text.avr-libc.fplib
                0x00001f10       0x7a /usr/lib/gcc/avr/4.8.2/../../../avr/lib/avr5/libm.a(floatsisf.o)
                0x00001f10                __floatunsisf
                0x00001f14                __floatsisf
 .text.avr-libc.fplib
                0x00001f8a       0x44 /usr/lib/gcc/avr/4.8.2/../../../avr/lib/avr5/libm.a(fp_split3.o)
                0x00001f8a                __fp_split3
                0x00001f9a                __fp_splitA
 .text.avr-libc.fplib
                0x00001fce        0xe /usr/lib/gcc/avr/4.8.2/../../../avr/lib/avr5/libm.a(fp_zero.o)
                0x00001fce                __fp_zero
                0x00001fd0                __fp_szero
 .text.avr-libc.fplib
                0x00001fdc        0x4 /usr/lib/gcc/avr/4.8.2/../../../avr/lib/avr5/libm.a(mulsf3.o)
                0x00001fdc                __mulsf3
 .text.avr-libc.fplib
                0x00001fe0       0xc2 /usr/lib/gcc/avr/4.8.2/../../../avr/lib/avr5/libm.a(mulsf3x.o)
                0x00001ff4                __mulsf3x
                0x00001ff8                __mulsf3_pse
 .text.avr-libc.fplib
                0x000020a2        0xc /usr/lib/gcc/avr/4.8.2/../../../avr/lib/avr5/libm.a(fp_inf.o)
                0x000020a2                __fp_inf
 .text.avr-libc.fplib
                0x000020ae        0x6 /usr/lib/gcc/avr/4.8.2/../../../avr/lib/avr5/libm.a(fp_nan.o)
                0x000020ae                __fp_nan
 .text.avr-libc.fplib
                0x000020b4        0xe /usr/lib/gcc/avr/4.8.2/../../../avr/lib/avr5/libm.a(fp_pscA.o)
                0x000020b4                __fp_pscA
 .text.avr-libc.fplib
                0x000020c2        0xe /usr/lib/gcc/avr/4.8.2/../../../avr/lib/avr5/libm.a(fp_pscB.o)
                0x000020c2                __fp_pscB
 .text.avr-libc.fplib
                0x000020d0       0x22 /usr/lib/gcc/avr/4.8.2/../../../avr/lib/avr5/libm.a(fp_round.o)
                0x000020d0                __fp_round
 .text.libgcc.mul
                0x000020f2        0x0 /usr/lib/gcc/avr/4.8.2/avr5/libgcc.a(_udivmodhi4.o)
 .text.libgcc.div
                0x000020f2       0x28 /usr/lib/gcc/avr/4.8.2/avr5/libgcc.a(_udivmodhi4.o)
                0x000020f2                __udivmodhi4
 .text.libgcc   0x0000211a        0x0 /usr/lib/gcc/avr/4.8.2/avr5/libgcc.a(_udivmodhi4.o)
 .text.libgcc.prologue
                0x0000211a        0x0 /usr/lib/gcc/avr/4.8.2/avr5/libgcc.a(_udivmodhi4.o)
 .text.libgcc.builtins
                0x0000211a        0x0 /usr/lib/gcc/avr/4.8.2/avr5/libgcc.a(_udivmodhi4.o)
 .text.libgcc.fmul
                0x0000211a        0x0 /usr/lib/gcc/avr/4.8.2/avr5/libgcc.a(_udivmodhi4.o)
 .text.libgcc.fixed
                0x0000211a        0x0 /usr/lib/gcc/avr/4.8.2/avr5/libgcc.a(_udivmodhi4.o)
 .text.libgcc.mul
                0x0000211a        0x0 /usr/lib/gcc/avr/4.8.2/avr5/libgcc.a(_exit.o)
 .text.libgcc.div
                0x0000211a        0x0 /usr/lib/gcc/avr/4.8.2/avr5/libgcc.a(_exit.o)
 .text.libgcc   0x0000211a        0x0 /usr/lib/gcc/avr/4.8.2/avr5/libgcc.a(_exit.o)
 .text.libgcc.prologue
                0x0000211a        0x0 /usr/lib/gcc/avr/4.8.2/avr5/libgcc.a(_exit.o)
 .text.libgcc.builtins
                0x0000211a        0x0 /usr/lib/gcc/avr/4.8.2/avr5/libgcc.a(_exit.o)
 .text.libgcc.fmul
                0x0000211a        0x0 /usr/lib/gcc/avr/4.8.2/avr5/libgcc.a(_exit.o)
 .text.libgcc.fixed
                0x0000211a        0x0 /usr/lib/gcc/avr/4.8.2/avr5/libgcc.a(_exit.o)
 .text.libgcc.mul
                0x0000211a        0x0 /usr/lib/gcc/avr/4.8.2/avr5/libgcc.a(_copy_data.o)
 .text.libgcc.div
                0x0000211a        0x0 /usr/lib/gcc/avr/4.8.2/avr5/libgcc.a(_copy_data.o)
 .text.libgcc   0x0000211a        0x0 /usr/lib/gcc/avr/4.8.2/avr5/libgcc.a(_copy_data.o)
 .text.libgcc.prologue
                0x0000211a        0x0 /usr/lib/gcc/avr/4.8.2/avr5/libgcc.a(_copy_data.o)
 .text.libgcc.builtins
                0x0000211a        0x0 /usr/lib/gcc/avr/4.8.2/avr5/libgcc.a(_copy_data.o)
 .text.libgcc.fmul
                0x0000211a        0x0 /usr/lib/gcc/avr/4.8.2/avr5/libgcc.a(_copy_data.o)
 .text.libgcc.fixed
                0x0000211a        0x0 /usr/lib/gcc/avr/4.8.2/avr5/libgcc.a(_copy_data.o)
 .text.libgcc.mul
                0x0000211a        0x0 /usr/lib/gcc/avr/4.8.2/avr5/libgcc.a(_clear_bss.o)
 .text.libgcc.div
                0x0000211a        0x0 /usr/lib/gcc/avr/4.8.2/avr5/libgcc.a(_clear_bss.o)
 .text.libgcc   0x0000211a        0x0 /usr/lib/gcc/avr/4.8.2/avr5/libgcc.a(_clear_bss.o)
 .text.libgcc.prologue
                0x0000211a        0x0 /usr/lib/gcc/avr/4.8.2/avr5/libgcc.a(_clear_bss.o)
 .text.libgcc.builtins
                0x0000211a        0x0 /usr/lib/gcc/avr/4.8.2/avr5/libgcc.a(_clear_bss.o)
 .text.libgcc.fmul
                0x0000211a        0x0 /usr/lib/gcc/avr/4.8.2/avr5/libgcc.a(_clear_bss.o)
 .text.libgcc.fixed
                0x0000211a        0x0 /usr/lib/gcc/avr/4.8.2/avr5/libgcc.a(_clear_bss.o)
 .text.avr-libc
                0x0000211a       0x42 /usr/lib/gcc/avr/4.8.2/../../../avr/lib/avr5/libc.a(itoa.o)
                0x0000211a                itoa
 .text.avr-libc
                0x0000215c       0x20 /usr/lib/gcc/avr/4.8.2/../../../avr/lib/avr5/libc.a(strrev.o)
                0x0000215c                strrev
                0x0000217c                . = ALIGN (0x2)
 *(.fini9)
 .fini9         0x0000217c        0x0 /usr/lib/gcc/avr/4.8.2/avr5/libgcc.a(_exit.o)
                0x0000217c                exit
                0x0000217c                _exit
 *(.fini9)
 *(.fini8)
 *(.fini8)
 *(.fini7)
 *(.fini7)
 *(.fini6)
 *(.fini6)
 *(.fini5)
 *(.fini5)
 *(.fini4)
 *(.fini4)
 *(.fini3)
 *(.fini3)
 *(.fini2)
 *(.fini2)
 *(.fini1)
 *(.fini1)
 *(.fini0)
 .fini0         0x0000217c        0x4 /usr/lib/gcc/avr/4.8.2/avr5/libgcc.a(_exit.o)
 *(.fini0)
                0x00002180                _etext = .

.data           0x00800060      0x15c load address 0x00002180
                0x00800060                PROVIDE (__data_start, .)
 *(.data)
 .data          0x00800060        0x0 /usr/lib/gcc/avr/4.8.2/../../../avr/lib/avr5/crtm32.o
 .data          0x00800060        0x0 main.o
 .data          0x00800060        0x1 Drive.o
                0x00800060                speedArraySize
 .data          0x00800061        0x1 MPU9250.o
                0x00800061                gyroArraySize
 .data          0x00800062        0x0 Crash.o
 .data          0x00800062        0x6 ../../../../rp6/RP6Examples_20120725f/RP6Lib/RP6control/RP6ControlLib.o
 .data          0x00800068        0x0 ../../../../rp6/RP6Examples_20120725f/RP6Lib/RP6common/RP6uart.o
 .data          0x00800068        0x4 ../../../../rp6/RP6Examples_20120725f/RP6Lib/RP6common/RP6I2CmasterTWI.o
 .data          0x0080006c        0xe ../../../../rp6/RP6Examples_20120725f/RP6Lib/RP6control_I2CMasterLib/RP6Control_I2CMasterLib.o
 .data          0x0080007a        0x0 /usr/lib/gcc/avr/4.8.2/../../../avr/lib/avr5/libm.a(fixsfsi.o)
 .data          0x0080007a        0x0 /usr/lib/gcc/avr/4.8.2/../../../avr/lib/avr5/libm.a(fixunssfsi.o)
 .data          0x0080007a        0x0 /usr/lib/gcc/avr/4.8.2/../../../avr/lib/avr5/libm.a(floatsisf.o)
 .data          0x0080007a        0x0 /usr/lib/gcc/avr/4.8.2/../../../avr/lib/avr5/libm.a(fp_split3.o)
 .data          0x0080007a        0x0 /usr/lib/gcc/avr/4.8.2/../../../avr/lib/avr5/libm.a(fp_zero.o)
 .data          0x0080007a        0x0 /usr/lib/gcc/avr/4.8.2/../../../avr/lib/avr5/libm.a(mulsf3.o)
 .data          0x0080007a        0x0 /usr/lib/gcc/avr/4.8.2/../../../avr/lib/avr5/libm.a(mulsf3x.o)
 .data          0x0080007a        0x0 /usr/lib/gcc/avr/4.8.2/../../../avr/lib/avr5/libm.a(fp_inf.o)
 .data          0x0080007a        0x0 /usr/lib/gcc/avr/4.8.2/../../../avr/lib/avr5/libm.a(fp_nan.o)
 .data          0x0080007a        0x0 /usr/lib/gcc/avr/4.8.2/../../../avr/lib/avr5/libm.a(fp_pscA.o)
 .data          0x0080007a        0x0 /usr/lib/gcc/avr/4.8.2/../../../avr/lib/avr5/libm.a(fp_pscB.o)
 .data          0x0080007a        0x0 /usr/lib/gcc/avr/4.8.2/../../../avr/lib/avr5/libm.a(fp_round.o)
 .data          0x0080007a        0x0 /usr/lib/gcc/avr/4.8.2/avr5/libgcc.a(_udivmodhi4.o)
 .data          0x0080007a        0x0 /usr/lib/gcc/avr/4.8.2/avr5/libgcc.a(_exit.o)
 .data          0x0080007a        0x0 /usr/lib/gcc/avr/4.8.2/avr5/libgcc.a(_copy_data.o)
 .data          0x0080007a        0x0 /usr/lib/gcc/avr/4.8.2/avr5/libgcc.a(_clear_bss.o)
 .data          0x0080007a        0x0 /usr/lib/gcc/avr/4.8.2/../../../avr/lib/avr5/libc.a(itoa.o)
 .data          0x0080007a        0x0 /usr/lib/gcc/avr/4.8.2/../../../avr/lib/avr5/libc.a(strrev.o)
 *(.data*)
 *(.rodata)
 *(.rodata*)
 .rodata.str1.1
                0x0080007a       0x57 main.o
                                 0x59 (size before relaxing)
 .rodata.str1.1
                0x008000d1       0x2a Drive.o
                                 0x31 (size before relaxing)
 .rodata.str1.1
                0x008000fb       0x17 MPU9250.o
                                 0x2f (size before relaxing)
 .rodata.str1.1
                0x00800112       0xaa Crash.o
 *(.gnu.linkonce.d*)
                0x008001bc                . = ALIGN (0x2)
                0x008001bc                _edata = .
                0x008001bc                PROVIDE (__data_end, .)

.bss            0x008001bc      0x183
                0x008001bc                PROVIDE (__bss_start, .)
 *(.bss)
 .bss           0x008001bc        0x0 /usr/lib/gcc/avr/4.8.2/../../../avr/lib/avr5/crtm32.o
 .bss           0x008001bc        0xb main.o
                0x008001bc                timesPressed5
                0x008001bd                timesPressed3
                0x008001be                timesPressed2
                0x008001bf                sideHit
                0x008001c0                lastButton5State
                0x008001c2                lastButton3State
                0x008001c4                lastButton2State
 .bss           0x008001c7        0x1 Drive.o
                0x008001c7                speedArrayIndexToWriteTo
 .bss           0x008001c8        0x2 MPU9250.o
                0x008001c8                doneReadingGyro
                0x008001c9                gyroArrayIndexToWriteTo
 .bss           0x008001ca        0x2 Crash.o
                0x008001ca                crashInfoWasSend
                0x008001cb                pressed
 .bss           0x008001cc        0x2 ../../../../rp6/RP6Examples_20120725f/RP6Lib/RP6control/RP6ControlLib.o
 .bss           0x008001ce        0x6 ../../../../rp6/RP6Examples_20120725f/RP6Lib/RP6common/RP6uart.o
                0x008001ce                write_size
                0x008001cf                read_size
                0x008001d0                write_pos
                0x008001d1                read_pos
 .bss           0x008001d4       0x4a ../../../../rp6/RP6Examples_20120725f/RP6Lib/RP6common/RP6I2CmasterTWI.o
                0x008001d4                TWI_operation
                0x008001d5                I2CTWI_requestID
                0x008001d7                I2CTWI_request_size
                0x008001d8                I2CTWI_request_reg
                0x008001d9                I2CTWI_request_adr
                0x008001da                TWI_TWSR_state
                0x008001db                TWI_statusReg
 .bss           0x0080021e        0x1 ../../../../rp6/RP6Examples_20120725f/RP6Lib/RP6control_I2CMasterLib/RP6Control_I2CMasterLib.o
                0x0080021e                block
 .bss           0x0080021f        0x0 /usr/lib/gcc/avr/4.8.2/../../../avr/lib/avr5/libm.a(fixsfsi.o)
 .bss           0x0080021f        0x0 /usr/lib/gcc/avr/4.8.2/../../../avr/lib/avr5/libm.a(fixunssfsi.o)
 .bss           0x0080021f        0x0 /usr/lib/gcc/avr/4.8.2/../../../avr/lib/avr5/libm.a(floatsisf.o)
 .bss           0x0080021f        0x0 /usr/lib/gcc/avr/4.8.2/../../../avr/lib/avr5/libm.a(fp_split3.o)
 .bss           0x0080021f        0x0 /usr/lib/gcc/avr/4.8.2/../../../avr/lib/avr5/libm.a(fp_zero.o)
 .bss           0x0080021f        0x0 /usr/lib/gcc/avr/4.8.2/../../../avr/lib/avr5/libm.a(mulsf3.o)
 .bss           0x0080021f        0x0 /usr/lib/gcc/avr/4.8.2/../../../avr/lib/avr5/libm.a(mulsf3x.o)
 .bss           0x0080021f        0x0 /usr/lib/gcc/avr/4.8.2/../../../avr/lib/avr5/libm.a(fp_inf.o)
 .bss           0x0080021f        0x0 /usr/lib/gcc/avr/4.8.2/../../../avr/lib/avr5/libm.a(fp_nan.o)
 .bss           0x0080021f        0x0 /usr/lib/gcc/avr/4.8.2/../../../avr/lib/avr5/libm.a(fp_pscA.o)
 .bss           0x0080021f        0x0 /usr/lib/gcc/avr/4.8.2/../../../avr/lib/avr5/libm.a(fp_pscB.o)
 .bss           0x0080021f        0x0 /usr/lib/gcc/avr/4.8.2/../../../avr/lib/avr5/libm.a(fp_round.o)
 .bss           0x0080021f        0x0 /usr/lib/gcc/avr/4.8.2/avr5/libgcc.a(_udivmodhi4.o)
 .bss           0x0080021f        0x0 /usr/lib/gcc/avr/4.8.2/avr5/libgcc.a(_exit.o)
 .bss           0x0080021f        0x0 /usr/lib/gcc/avr/4.8.2/avr5/libgcc.a(_copy_data.o)
 .bss           0x0080021f        0x0 /usr/lib/gcc/avr/4.8.2/avr5/libgcc.a(_clear_bss.o)
 .bss           0x0080021f        0x0 /usr/lib/gcc/avr/4.8.2/../../../avr/lib/avr5/libc.a(itoa.o)
 .bss           0x0080021f        0x0 /usr/lib/gcc/avr/4.8.2/../../../avr/lib/avr5/libc.a(strrev.o)
 *(.bss*)
 *(COMMON)
 COMMON         0x0080021f       0x24 main.o
                0x0080021f                interrupt_status
                0x00800220                timer
                0x00800222                drive_status
                0x00800223                statusLEDs
                0x00800224                sDataArray
                0x00800242                status
 COMMON         0x00800243        0x2 Drive.o
                0x00800243                sData
 COMMON         0x00800245       0x5a MPU9250.o
                0x00800245                gDataArray
 COMMON         0x0080029f        0x8 Crash.o
                0x0080029f                hitSide
                0x008002a0                crashInfoToSend
 COMMON         0x008002a7       0x28 ../../../../rp6/RP6Examples_20120725f/RP6Lib/RP6control/RP6ControlLib.o
                0x008002a7                controlStatus
                0x008002a8                lcd_tmp_buffer
                0x008002b9                stopwatches
                0x008002ca                externalPort
                0x008002cb                delay_timer
                0x008002cc                ms_timer
                0x008002cd                sound_timer
 COMMON         0x008002cf       0x22 ../../../../rp6/RP6Examples_20120725f/RP6Lib/RP6common/RP6uart.o
                0x008002cf                uart_status
                0x008002d0                uart_receive_buffer
 COMMON         0x008002f1       0x4e ../../../../rp6/RP6Examples_20120725f/RP6Lib/RP6control_I2CMasterLib/RP6Control_I2CMasterLib.o
                0x008002f1                bumper_left
                0x008002f2                sensorBuf
                0x0080030a                mright_des_speed
                0x0080030b                mleft_des_speed
                0x0080030c                transmit_buffer
                0x00800316                mleft_power
                0x00800317                mleft_speed
                0x00800318                adc1
                0x0080031a                adcLSL
                0x0080031c                mright_power
                0x0080031d                obstacle_left
                0x0080031e                adcLSR
                0x00800320                obstacle_right
                0x00800321                mright_dist
                0x00800323                adc0
                0x00800325                adcMotorCurrentRight
                0x00800327                mleft_dist
                0x00800329                mright_speed
                0x0080032a                bumper_right
                0x0080032b                adcBat
                0x0080032d                adcMotorCurrentLeft
                0x0080032f                messageBuf
                0x0080033f                PROVIDE (__bss_end, .)
                0x00002180                __data_load_start = LOADADDR (.data)
                0x000022dc                __data_load_end = (__data_load_start + SIZEOF (.data))

.noinit         0x0080033f        0x0
                0x0080033f                PROVIDE (__noinit_start, .)
 *(.noinit*)
                0x0080033f                PROVIDE (__noinit_end, .)
                0x0080033f                _end = .
                0x0080033f                PROVIDE (__heap_start, .)

.eeprom         0x00810000        0x0
 *(.eeprom*)
                0x00810000                __eeprom_end = .

.fuse
 *(.fuse)
 *(.lfuse)
 *(.hfuse)
 *(.efuse)

.lock
 *(.lock*)

.signature
 *(.signature*)

.user_signatures
 *(.user_signatures*)

.stab           0x00000000     0x1968
 *(.stab)
 .stab          0x00000000      0x6cc /usr/lib/gcc/avr/4.8.2/../../../avr/lib/avr5/crtm32.o
 .stab          0x000006cc       0x6c /usr/lib/gcc/avr/4.8.2/../../../avr/lib/avr5/libm.a(fixsfsi.o)
                                 0x78 (size before relaxing)
 .stab          0x00000738      0x240 /usr/lib/gcc/avr/4.8.2/../../../avr/lib/avr5/libm.a(fixunssfsi.o)
                                0x24c (size before relaxing)
 .stab          0x00000978      0x318 /usr/lib/gcc/avr/4.8.2/../../../avr/lib/avr5/libm.a(floatsisf.o)
                                0x324 (size before relaxing)
 .stab          0x00000c90      0x1d4 /usr/lib/gcc/avr/4.8.2/../../../avr/lib/avr5/libm.a(fp_split3.o)
                                0x1e0 (size before relaxing)
 .stab          0x00000e64       0x90 /usr/lib/gcc/avr/4.8.2/../../../avr/lib/avr5/libm.a(fp_zero.o)
                                 0x9c (size before relaxing)
 .stab          0x00000ef4       0x48 /usr/lib/gcc/avr/4.8.2/../../../avr/lib/avr5/libm.a(mulsf3.o)
                                 0x54 (size before relaxing)
 .stab          0x00000f3c      0x4d4 /usr/lib/gcc/avr/4.8.2/../../../avr/lib/avr5/libm.a(mulsf3x.o)
                                0x4e0 (size before relaxing)
 .stab          0x00001410       0x78 /usr/lib/gcc/avr/4.8.2/../../../avr/lib/avr5/libm.a(fp_inf.o)
                                 0x84 (size before relaxing)
 .stab          0x00001488       0x54 /usr/lib/gcc/avr/4.8.2/../../../avr/lib/avr5/libm.a(fp_nan.o)
                                 0x60 (size before relaxing)
 .stab          0x000014dc       0x84 /usr/lib/gcc/avr/4.8.2/../../../avr/lib/avr5/libm.a(fp_pscA.o)
                                 0x90 (size before relaxing)
 .stab          0x00001560       0x84 /usr/lib/gcc/avr/4.8.2/../../../avr/lib/avr5/libm.a(fp_pscB.o)
                                 0x90 (size before relaxing)
 .stab          0x000015e4       0xfc /usr/lib/gcc/avr/4.8.2/../../../avr/lib/avr5/libm.a(fp_round.o)
                                0x108 (size before relaxing)
 .stab          0x000016e0      0x1b0 /usr/lib/gcc/avr/4.8.2/../../../avr/lib/avr5/libc.a(itoa.o)
                                0x1bc (size before relaxing)
 .stab          0x00001890       0xd8 /usr/lib/gcc/avr/4.8.2/../../../avr/lib/avr5/libc.a(strrev.o)
                                 0xe4 (size before relaxing)

.stabstr        0x00000000      0x2e1
 *(.stabstr)
 .stabstr       0x00000000      0x2e1 /usr/lib/gcc/avr/4.8.2/../../../avr/lib/avr5/crtm32.o

.stab.excl
 *(.stab.excl)

.stab.exclstr
 *(.stab.exclstr)

.stab.index
 *(.stab.index)

.stab.indexstr
 *(.stab.indexstr)

.comment        0x00000000       0x11
 *(.comment)
 .comment       0x00000000       0x11 main.o
                                 0x12 (size before relaxing)
 .comment       0x00000000       0x12 Drive.o
 .comment       0x00000000       0x12 MPU9250.o
 .comment       0x00000000       0x12 Crash.o
 .comment       0x00000000       0x12 ../../../../rp6/RP6Examples_20120725f/RP6Lib/RP6control/RP6ControlLib.o
 .comment       0x00000000       0x12 ../../../../rp6/RP6Examples_20120725f/RP6Lib/RP6common/RP6uart.o
 .comment       0x00000000       0x12 ../../../../rp6/RP6Examples_20120725f/RP6Lib/RP6common/RP6I2CmasterTWI.o
 .comment       0x00000000       0x12 ../../../../rp6/RP6Examples_20120725f/RP6Lib/RP6control_I2CMasterLib/RP6Control_I2CMasterLib.o

.debug
 *(.debug)

.line
 *(.line)

.debug_srcinfo
 *(.debug_srcinfo)

.debug_sfnames
 *(.debug_sfnames)

.debug_aranges  0x00000000      0x108
 *(.debug_aranges)
 .debug_aranges
                0x00000000       0x28 main.o
 .debug_aranges
                0x00000028       0x20 Drive.o
 .debug_aranges
                0x00000048       0x20 MPU9250.o
 .debug_aranges
                0x00000068       0x20 Crash.o
 .debug_aranges
                0x00000088       0x20 ../../../../rp6/RP6Examples_20120725f/RP6Lib/RP6control/RP6ControlLib.o
 .debug_aranges
                0x000000a8       0x20 ../../../../rp6/RP6Examples_20120725f/RP6Lib/RP6common/RP6uart.o
 .debug_aranges
                0x000000c8       0x20 ../../../../rp6/RP6Examples_20120725f/RP6Lib/RP6common/RP6I2CmasterTWI.o
 .debug_aranges
                0x000000e8       0x20 ../../../../rp6/RP6Examples_20120725f/RP6Lib/RP6control_I2CMasterLib/RP6Control_I2CMasterLib.o

.debug_pubnames
 *(.debug_pubnames)

.debug_info     0x00000000     0x50be
 *(.debug_info)
 .debug_info    0x00000000      0xd83 main.o
 .debug_info    0x00000d83      0x3e5 Drive.o
 .debug_info    0x00001168      0x695 MPU9250.o
 .debug_info    0x000017fd      0x9cc Crash.o
 .debug_info    0x000021c9     0x131d ../../../../rp6/RP6Examples_20120725f/RP6Lib/RP6control/RP6ControlLib.o
 .debug_info    0x000034e6      0x4aa ../../../../rp6/RP6Examples_20120725f/RP6Lib/RP6common/RP6uart.o
 .debug_info    0x00003990      0x812 ../../../../rp6/RP6Examples_20120725f/RP6Lib/RP6common/RP6I2CmasterTWI.o
 .debug_info    0x000041a2      0xf1c ../../../../rp6/RP6Examples_20120725f/RP6Lib/RP6control_I2CMasterLib/RP6Control_I2CMasterLib.o
 *(.gnu.linkonce.wi.*)

.debug_abbrev   0x00000000     0x1276
 *(.debug_abbrev)
 .debug_abbrev  0x00000000      0x25f main.o
 .debug_abbrev  0x0000025f      0x194 Drive.o
 .debug_abbrev  0x000003f3      0x18f MPU9250.o
 .debug_abbrev  0x00000582      0x1c7 Crash.o
 .debug_abbrev  0x00000749      0x3fe ../../../../rp6/RP6Examples_20120725f/RP6Lib/RP6control/RP6ControlLib.o
 .debug_abbrev  0x00000b47      0x1ea ../../../../rp6/RP6Examples_20120725f/RP6Lib/RP6common/RP6uart.o
 .debug_abbrev  0x00000d31      0x29b ../../../../rp6/RP6Examples_20120725f/RP6Lib/RP6common/RP6I2CmasterTWI.o
 .debug_abbrev  0x00000fcc      0x2aa ../../../../rp6/RP6Examples_20120725f/RP6Lib/RP6control_I2CMasterLib/RP6Control_I2CMasterLib.o

.debug_line     0x00000000     0x1120
 *(.debug_line)
 .debug_line    0x00000000      0x2de main.o
 .debug_line    0x000002de      0x120 Drive.o
 .debug_line    0x000003fe      0x18b MPU9250.o
 .debug_line    0x00000589      0x1e9 Crash.o
 .debug_line    0x00000772      0x2fe ../../../../rp6/RP6Examples_20120725f/RP6Lib/RP6control/RP6ControlLib.o
 .debug_line    0x00000a70      0x125 ../../../../rp6/RP6Examples_20120725f/RP6Lib/RP6common/RP6uart.o
 .debug_line    0x00000b95      0x263 ../../../../rp6/RP6Examples_20120725f/RP6Lib/RP6common/RP6I2CmasterTWI.o
 .debug_line    0x00000df8      0x328 ../../../../rp6/RP6Examples_20120725f/RP6Lib/RP6control_I2CMasterLib/RP6Control_I2CMasterLib.o

.debug_frame    0x00000000      0xdb8
 *(.debug_frame)
 .debug_frame   0x00000000       0x94 main.o
 .debug_frame   0x00000094       0x74 Drive.o
 .debug_frame   0x00000108       0x98 MPU9250.o
 .debug_frame   0x000001a0       0x80 Crash.o
 .debug_frame   0x00000220      0x5a0 ../../../../rp6/RP6Examples_20120725f/RP6Lib/RP6control/RP6ControlLib.o
 .debug_frame   0x000007c0      0x168 ../../../../rp6/RP6Examples_20120725f/RP6Lib/RP6common/RP6uart.o
 .debug_frame   0x00000928      0x274 ../../../../rp6/RP6Examples_20120725f/RP6Lib/RP6common/RP6I2CmasterTWI.o
 .debug_frame   0x00000b9c      0x21c ../../../../rp6/RP6Examples_20120725f/RP6Lib/RP6control_I2CMasterLib/RP6Control_I2CMasterLib.o

.debug_str      0x00000000     0x146c
 *(.debug_str)
 .debug_str     0x00000000      0x601 main.o
                                0x65e (size before relaxing)
 .debug_str     0x00000601       0x98 Drive.o
                                0x246 (size before relaxing)
 .debug_str     0x00000699       0x9b MPU9250.o
                                0x2e0 (size before relaxing)
 .debug_str     0x00000734       0x94 Crash.o
                                0x4a1 (size before relaxing)
 .debug_str     0x000007c8      0x43f ../../../../rp6/RP6Examples_20120725f/RP6Lib/RP6control/RP6ControlLib.o
                                0x6a5 (size before relaxing)
 .debug_str     0x00000c07      0x106 ../../../../rp6/RP6Examples_20120725f/RP6Lib/RP6common/RP6uart.o
                                0x2d8 (size before relaxing)
 .debug_str     0x00000d0d      0x2e0 ../../../../rp6/RP6Examples_20120725f/RP6Lib/RP6common/RP6I2CmasterTWI.o
                                0x4ee (size before relaxing)
 .debug_str     0x00000fed      0x47f ../../../../rp6/RP6Examples_20120725f/RP6Lib/RP6control_I2CMasterLib/RP6Control_I2CMasterLib.o
                                0x947 (size before relaxing)

.debug_loc      0x00000000     0x273b
 *(.debug_loc)
 .debug_loc     0x00000000      0x144 main.o
 .debug_loc     0x00000144      0x173 Drive.o
 .debug_loc     0x000002b7      0x157 MPU9250.o
 .debug_loc     0x0000040e      0x11e Crash.o
 .debug_loc     0x0000052c      0xfb3 ../../../../rp6/RP6Examples_20120725f/RP6Lib/RP6control/RP6ControlLib.o
 .debug_loc     0x000014df      0x4e1 ../../../../rp6/RP6Examples_20120725f/RP6Lib/RP6common/RP6uart.o
 .debug_loc     0x000019c0      0xa13 ../../../../rp6/RP6Examples_20120725f/RP6Lib/RP6common/RP6I2CmasterTWI.o
 .debug_loc     0x000023d3      0x368 ../../../../rp6/RP6Examples_20120725f/RP6Lib/RP6control_I2CMasterLib/RP6Control_I2CMasterLib.o

.debug_macinfo
 *(.debug_macinfo)

.debug_pubtypes
 *(.debug_pubtypes)

.debug_ranges   0x00000000       0x48
 *(.debug_ranges)
 .debug_ranges  0x00000000       0x18 main.o
 .debug_ranges  0x00000018       0x30 Drive.o

.debug_macro
 *(.debug_macro)
OUTPUT(main.elf elf32-avr)
LOAD linker stubs

Cross Reference Table

Symbol                                            File
ACS_setStateChangedHandler                        ../../../../rp6/RP6Examples_20120725f/RP6Lib/RP6control_I2CMasterLib/RP6Control_I2CMasterLib.o
ACS_stateChanged_DUMMY                            ../../../../rp6/RP6Examples_20120725f/RP6Lib/RP6control_I2CMasterLib/RP6Control_I2CMasterLib.o
BATTERY_lowVoltage_DUMMY                          ../../../../rp6/RP6Examples_20120725f/RP6Lib/RP6control_I2CMasterLib/RP6Control_I2CMasterLib.o
BATTERY_setLowVoltageHandler                      ../../../../rp6/RP6Examples_20120725f/RP6Lib/RP6control_I2CMasterLib/RP6Control_I2CMasterLib.o
BUMPERS_setStateChangedHandler                    ../../../../rp6/RP6Examples_20120725f/RP6Lib/RP6control_I2CMasterLib/RP6Control_I2CMasterLib.o
                                                  main.o
BUMPERS_stateChanged_DUMMY                        ../../../../rp6/RP6Examples_20120725f/RP6Lib/RP6control_I2CMasterLib/RP6Control_I2CMasterLib.o
I2CTWI_delay                                      ../../../../rp6/RP6Examples_20120725f/RP6Lib/RP6common/RP6I2CmasterTWI.o
I2CTWI_getReceivedData                            ../../../../rp6/RP6Examples_20120725f/RP6Lib/RP6common/RP6I2CmasterTWI.o
                                                  ../../../../rp6/RP6Examples_20120725f/RP6Lib/RP6control_I2CMasterLib/RP6Control_I2CMasterLib.o
I2CTWI_getState                                   ../../../../rp6/RP6Examples_20120725f/RP6Lib/RP6common/RP6I2CmasterTWI.o
I2CTWI_readByte                                   ../../../../rp6/RP6Examples_20120725f/RP6Lib/RP6common/RP6I2CmasterTWI.o
                                                  MPU9250.o
I2CTWI_readBytes                                  ../../../../rp6/RP6Examples_20120725f/RP6Lib/RP6common/RP6I2CmasterTWI.o
                                                  ../../../../rp6/RP6Examples_20120725f/RP6Lib/RP6control_I2CMasterLib/RP6Control_I2CMasterLib.o
I2CTWI_readRegisters                              ../../../../rp6/RP6Examples_20120725f/RP6Lib/RP6common/RP6I2CmasterTWI.o
                                                  ../../../../rp6/RP6Examples_20120725f/RP6Lib/RP6control_I2CMasterLib/RP6Control_I2CMasterLib.o
I2CTWI_requestDataFromDevice                      ../../../../rp6/RP6Examples_20120725f/RP6Lib/RP6common/RP6I2CmasterTWI.o
I2CTWI_requestID                                  ../../../../rp6/RP6Examples_20120725f/RP6Lib/RP6common/RP6I2CmasterTWI.o
I2CTWI_requestRegisterFromDevice                  ../../../../rp6/RP6Examples_20120725f/RP6Lib/RP6common/RP6I2CmasterTWI.o
                                                  ../../../../rp6/RP6Examples_20120725f/RP6Lib/RP6control_I2CMasterLib/RP6Control_I2CMasterLib.o
I2CTWI_request_adr                                ../../../../rp6/RP6Examples_20120725f/RP6Lib/RP6common/RP6I2CmasterTWI.o
I2CTWI_request_reg                                ../../../../rp6/RP6Examples_20120725f/RP6Lib/RP6common/RP6I2CmasterTWI.o
I2CTWI_request_size                               ../../../../rp6/RP6Examples_20120725f/RP6Lib/RP6common/RP6I2CmasterTWI.o
I2CTWI_requestedDataReady_DUMMY                   ../../../../rp6/RP6Examples_20120725f/RP6Lib/RP6common/RP6I2CmasterTWI.o
I2CTWI_setRequestedDataReadyHandler               ../../../../rp6/RP6Examples_20120725f/RP6Lib/RP6common/RP6I2CmasterTWI.o
                                                  ../../../../rp6/RP6Examples_20120725f/RP6Lib/RP6control_I2CMasterLib/RP6Control_I2CMasterLib.o
I2CTWI_setTransmissionErrorHandler                ../../../../rp6/RP6Examples_20120725f/RP6Lib/RP6common/RP6I2CmasterTWI.o
                                                  main.o
I2CTWI_transmissionError_DUMMY                    ../../../../rp6/RP6Examples_20120725f/RP6Lib/RP6common/RP6I2CmasterTWI.o
I2CTWI_transmit2Bytes                             ../../../../rp6/RP6Examples_20120725f/RP6Lib/RP6common/RP6I2CmasterTWI.o
                                                  ../../../../rp6/RP6Examples_20120725f/RP6Lib/RP6control_I2CMasterLib/RP6Control_I2CMasterLib.o
                                                  Crash.o
                                                  MPU9250.o
I2CTWI_transmit3Bytes                             ../../../../rp6/RP6Examples_20120725f/RP6Lib/RP6common/RP6I2CmasterTWI.o
                                                  ../../../../rp6/RP6Examples_20120725f/RP6Lib/RP6control_I2CMasterLib/RP6Control_I2CMasterLib.o
                                                  Crash.o
                                                  main.o
I2CTWI_transmit4Bytes                             ../../../../rp6/RP6Examples_20120725f/RP6Lib/RP6common/RP6I2CmasterTWI.o
                                                  ../../../../rp6/RP6Examples_20120725f/RP6Lib/RP6control_I2CMasterLib/RP6Control_I2CMasterLib.o
I2CTWI_transmitByte                               ../../../../rp6/RP6Examples_20120725f/RP6Lib/RP6common/RP6I2CmasterTWI.o
                                                  ../../../../rp6/RP6Examples_20120725f/RP6Lib/RP6control_I2CMasterLib/RP6Control_I2CMasterLib.o
                                                  MPU9250.o
I2CTWI_transmitBytes                              ../../../../rp6/RP6Examples_20120725f/RP6Lib/RP6common/RP6I2CmasterTWI.o
                                                  ../../../../rp6/RP6Examples_20120725f/RP6Lib/RP6control_I2CMasterLib/RP6Control_I2CMasterLib.o
I2C_request_DUMMY                                 ../../../../rp6/RP6Examples_20120725f/RP6Lib/RP6control_I2CMasterLib/RP6Control_I2CMasterLib.o
I2C_requestedDataReady                            ../../../../rp6/RP6Examples_20120725f/RP6Lib/RP6control_I2CMasterLib/RP6Control_I2CMasterLib.o
I2C_setTransmissionErrorHandler                   ../../../../rp6/RP6Examples_20120725f/RP6Lib/RP6control_I2CMasterLib/RP6Control_I2CMasterLib.o
I2C_transmissionError                             main.o
INT0_event_DUMMY                                  ../../../../rp6/RP6Examples_20120725f/RP6Lib/RP6control/RP6ControlLib.o
INT0_setEventHandler                              ../../../../rp6/RP6Examples_20120725f/RP6Lib/RP6control/RP6ControlLib.o
INT1_event_DUMMY                                  ../../../../rp6/RP6Examples_20120725f/RP6Lib/RP6control/RP6ControlLib.o
INT1_setEventHandler                              ../../../../rp6/RP6Examples_20120725f/RP6Lib/RP6control/RP6ControlLib.o
INT2_event_DUMMY                                  ../../../../rp6/RP6Examples_20120725f/RP6Lib/RP6control/RP6ControlLib.o
INT2_setEventHandler                              ../../../../rp6/RP6Examples_20120725f/RP6Lib/RP6control/RP6ControlLib.o
IRCOMM_RC5dataReady_DUMMY                         ../../../../rp6/RP6Examples_20120725f/RP6Lib/RP6control_I2CMasterLib/RP6Control_I2CMasterLib.o
IRCOMM_setRC5DataReadyHandler                     ../../../../rp6/RP6Examples_20120725f/RP6Lib/RP6control_I2CMasterLib/RP6Control_I2CMasterLib.o
MOTIONCONTROL_setStateChangedHandler              ../../../../rp6/RP6Examples_20120725f/RP6Lib/RP6control_I2CMasterLib/RP6Control_I2CMasterLib.o
MOTIONCONTROL_stateChanged_DUMMY                  ../../../../rp6/RP6Examples_20120725f/RP6Lib/RP6control_I2CMasterLib/RP6Control_I2CMasterLib.o
SPI_EEPROM_disableWrite                           ../../../../rp6/RP6Examples_20120725f/RP6Lib/RP6control/RP6ControlLib.o
SPI_EEPROM_enableWrite                            ../../../../rp6/RP6Examples_20120725f/RP6Lib/RP6control/RP6ControlLib.o
SPI_EEPROM_getStatus                              ../../../../rp6/RP6Examples_20120725f/RP6Lib/RP6control/RP6ControlLib.o
SPI_EEPROM_readByte                               ../../../../rp6/RP6Examples_20120725f/RP6Lib/RP6control/RP6ControlLib.o
SPI_EEPROM_readBytes                              ../../../../rp6/RP6Examples_20120725f/RP6Lib/RP6control/RP6ControlLib.o
SPI_EEPROM_writeByte                              ../../../../rp6/RP6Examples_20120725f/RP6Lib/RP6control/RP6ControlLib.o
SPI_EEPROM_writeBytes                             ../../../../rp6/RP6Examples_20120725f/RP6Lib/RP6control/RP6ControlLib.o
TWI_TWSR_state                                    ../../../../rp6/RP6Examples_20120725f/RP6Lib/RP6common/RP6I2CmasterTWI.o
TWI_operation                                     ../../../../rp6/RP6Examples_20120725f/RP6Lib/RP6common/RP6I2CmasterTWI.o
                                                  ../../../../rp6/RP6Examples_20120725f/RP6Lib/RP6control_I2CMasterLib/RP6Control_I2CMasterLib.o
TWI_statusReg                                     ../../../../rp6/RP6Examples_20120725f/RP6Lib/RP6common/RP6I2CmasterTWI.o
WDT_request_DUMMY                                 ../../../../rp6/RP6Examples_20120725f/RP6Lib/RP6control_I2CMasterLib/RP6Control_I2CMasterLib.o
WDT_setRequestHandler                             ../../../../rp6/RP6Examples_20120725f/RP6Lib/RP6control_I2CMasterLib/RP6Control_I2CMasterLib.o
                                                  main.o
__I2CTWI_initMaster                               ../../../../rp6/RP6Examples_20120725f/RP6Lib/RP6common/RP6I2CmasterTWI.o
                                                  ../../../../rp6/RP6Examples_20120725f/RP6Lib/RP6control_I2CMasterLib/RP6Control_I2CMasterLib.o
__bad_interrupt                                   /usr/lib/gcc/avr/4.8.2/../../../avr/lib/avr5/crtm32.o
__bss_end                                         /usr/lib/gcc/avr/4.8.2/avr5/libgcc.a(_clear_bss.o)
__bss_start                                       /usr/lib/gcc/avr/4.8.2/avr5/libgcc.a(_clear_bss.o)
__data_end                                        /usr/lib/gcc/avr/4.8.2/avr5/libgcc.a(_copy_data.o)
__data_load_start                                 /usr/lib/gcc/avr/4.8.2/avr5/libgcc.a(_copy_data.o)
__data_start                                      /usr/lib/gcc/avr/4.8.2/avr5/libgcc.a(_copy_data.o)
__do_clear_bss                                    /usr/lib/gcc/avr/4.8.2/avr5/libgcc.a(_clear_bss.o)
                                                  ../../../../rp6/RP6Examples_20120725f/RP6Lib/RP6control_I2CMasterLib/RP6Control_I2CMasterLib.o
                                                  ../../../../rp6/RP6Examples_20120725f/RP6Lib/RP6common/RP6I2CmasterTWI.o
                                                  ../../../../rp6/RP6Examples_20120725f/RP6Lib/RP6common/RP6uart.o
                                                  ../../../../rp6/RP6Examples_20120725f/RP6Lib/RP6control/RP6ControlLib.o
                                                  Crash.o
                                                  MPU9250.o
                                                  Drive.o
                                                  main.o
__do_copy_data                                    /usr/lib/gcc/avr/4.8.2/avr5/libgcc.a(_copy_data.o)
                                                  ../../../../rp6/RP6Examples_20120725f/RP6Lib/RP6control_I2CMasterLib/RP6Control_I2CMasterLib.o
                                                  ../../../../rp6/RP6Examples_20120725f/RP6Lib/RP6common/RP6I2CmasterTWI.o
                                                  ../../../../rp6/RP6Examples_20120725f/RP6Lib/RP6control/RP6ControlLib.o
                                                  Crash.o
                                                  MPU9250.o
                                                  Drive.o
                                                  main.o
__fixsfsi                                         /usr/lib/gcc/avr/4.8.2/../../../avr/lib/avr5/libm.a(fixsfsi.o)
                                                  Crash.o
__fixunssfsi                                      /usr/lib/gcc/avr/4.8.2/../../../avr/lib/avr5/libm.a(fixunssfsi.o)
                                                  /usr/lib/gcc/avr/4.8.2/../../../avr/lib/avr5/libm.a(fixsfsi.o)
                                                  Crash.o
__floatsisf                                       /usr/lib/gcc/avr/4.8.2/../../../avr/lib/avr5/libm.a(floatsisf.o)
__floatunsisf                                     /usr/lib/gcc/avr/4.8.2/../../../avr/lib/avr5/libm.a(floatsisf.o)
                                                  Crash.o
__fp_inf                                          /usr/lib/gcc/avr/4.8.2/../../../avr/lib/avr5/libm.a(fp_inf.o)
                                                  /usr/lib/gcc/avr/4.8.2/../../../avr/lib/avr5/libm.a(mulsf3x.o)
__fp_nan                                          /usr/lib/gcc/avr/4.8.2/../../../avr/lib/avr5/libm.a(fp_nan.o)
                                                  /usr/lib/gcc/avr/4.8.2/../../../avr/lib/avr5/libm.a(mulsf3x.o)
__fp_pscA                                         /usr/lib/gcc/avr/4.8.2/../../../avr/lib/avr5/libm.a(fp_pscA.o)
                                                  /usr/lib/gcc/avr/4.8.2/../../../avr/lib/avr5/libm.a(mulsf3x.o)
__fp_pscB                                         /usr/lib/gcc/avr/4.8.2/../../../avr/lib/avr5/libm.a(fp_pscB.o)
                                                  /usr/lib/gcc/avr/4.8.2/../../../avr/lib/avr5/libm.a(mulsf3x.o)
__fp_round                                        /usr/lib/gcc/avr/4.8.2/../../../avr/lib/avr5/libm.a(fp_round.o)
                                                  /usr/lib/gcc/avr/4.8.2/../../../avr/lib/avr5/libm.a(mulsf3.o)
__fp_split3                                       /usr/lib/gcc/avr/4.8.2/../../../avr/lib/avr5/libm.a(fp_split3.o)
                                                  /usr/lib/gcc/avr/4.8.2/../../../avr/lib/avr5/libm.a(mulsf3x.o)
__fp_splitA                                       /usr/lib/gcc/avr/4.8.2/../../../avr/lib/avr5/libm.a(fp_split3.o)
                                                  /usr/lib/gcc/avr/4.8.2/../../../avr/lib/avr5/libm.a(fixunssfsi.o)
__fp_szero                                        /usr/lib/gcc/avr/4.8.2/../../../avr/lib/avr5/libm.a(fp_zero.o)
                                                  /usr/lib/gcc/avr/4.8.2/../../../avr/lib/avr5/libm.a(mulsf3x.o)
                                                  /usr/lib/gcc/avr/4.8.2/../../../avr/lib/avr5/libm.a(fixsfsi.o)
__fp_zero                                         /usr/lib/gcc/avr/4.8.2/../../../avr/lib/avr5/libm.a(fp_zero.o)
                                                  /usr/lib/gcc/avr/4.8.2/../../../avr/lib/avr5/libm.a(fixunssfsi.o)
__heap_end                                        /usr/lib/gcc/avr/4.8.2/../../../avr/lib/avr5/crtm32.o
__init                                            /usr/lib/gcc/avr/4.8.2/../../../avr/lib/avr5/crtm32.o
__mulsf3                                          /usr/lib/gcc/avr/4.8.2/../../../avr/lib/avr5/libm.a(mulsf3.o)
                                                  Crash.o
__mulsf3_pse                                      /usr/lib/gcc/avr/4.8.2/../../../avr/lib/avr5/libm.a(mulsf3x.o)
__mulsf3x                                         /usr/lib/gcc/avr/4.8.2/../../../avr/lib/avr5/libm.a(mulsf3x.o)
                                                  /usr/lib/gcc/avr/4.8.2/../../../avr/lib/avr5/libm.a(mulsf3.o)
__stack                                           /usr/lib/gcc/avr/4.8.2/../../../avr/lib/avr5/crtm32.o
__udivmodhi4                                      /usr/lib/gcc/avr/4.8.2/avr5/libgcc.a(_udivmodhi4.o)
                                                  /usr/lib/gcc/avr/4.8.2/../../../avr/lib/avr5/libc.a(itoa.o)
                                                  Drive.o
__vector_1                                        ../../../../rp6/RP6Examples_20120725f/RP6Lib/RP6control/RP6ControlLib.o
                                                  /usr/lib/gcc/avr/4.8.2/../../../avr/lib/avr5/crtm32.o
__vector_10                                       ../../../../rp6/RP6Examples_20120725f/RP6Lib/RP6control/RP6ControlLib.o
                                                  /usr/lib/gcc/avr/4.8.2/../../../avr/lib/avr5/crtm32.o
__vector_11                                       /usr/lib/gcc/avr/4.8.2/../../../avr/lib/avr5/crtm32.o
__vector_12                                       /usr/lib/gcc/avr/4.8.2/../../../avr/lib/avr5/crtm32.o
__vector_13                                       ../../../../rp6/RP6Examples_20120725f/RP6Lib/RP6common/RP6uart.o
                                                  /usr/lib/gcc/avr/4.8.2/../../../avr/lib/avr5/crtm32.o
__vector_14                                       /usr/lib/gcc/avr/4.8.2/../../../avr/lib/avr5/crtm32.o
__vector_15                                       /usr/lib/gcc/avr/4.8.2/../../../avr/lib/avr5/crtm32.o
__vector_16                                       /usr/lib/gcc/avr/4.8.2/../../../avr/lib/avr5/crtm32.o
__vector_17                                       /usr/lib/gcc/avr/4.8.2/../../../avr/lib/avr5/crtm32.o
__vector_18                                       /usr/lib/gcc/avr/4.8.2/../../../avr/lib/avr5/crtm32.o
__vector_19                                       ../../../../rp6/RP6Examples_20120725f/RP6Lib/RP6common/RP6I2CmasterTWI.o
                                                  /usr/lib/gcc/avr/4.8.2/../../../avr/lib/avr5/crtm32.o
__vector_2                                        ../../../../rp6/RP6Examples_20120725f/RP6Lib/RP6control/RP6ControlLib.o
                                                  /usr/lib/gcc/avr/4.8.2/../../../avr/lib/avr5/crtm32.o
__vector_20                                       /usr/lib/gcc/avr/4.8.2/../../../avr/lib/avr5/crtm32.o
__vector_3                                        ../../../../rp6/RP6Examples_20120725f/RP6Lib/RP6control/RP6ControlLib.o
                                                  /usr/lib/gcc/avr/4.8.2/../../../avr/lib/avr5/crtm32.o
__vector_4                                        /usr/lib/gcc/avr/4.8.2/../../../avr/lib/avr5/crtm32.o
__vector_5                                        /usr/lib/gcc/avr/4.8.2/../../../avr/lib/avr5/crtm32.o
__vector_6                                        /usr/lib/gcc/avr/4.8.2/../../../avr/lib/avr5/crtm32.o
__vector_7                                        /usr/lib/gcc/avr/4.8.2/../../../avr/lib/avr5/crtm32.o
__vector_8                                        /usr/lib/gcc/avr/4.8.2/../../../avr/lib/avr5/crtm32.o
__vector_9                                        /usr/lib/gcc/avr/4.8.2/../../../avr/lib/avr5/crtm32.o
__vector_default                                  /usr/lib/gcc/avr/4.8.2/../../../avr/lib/avr5/crtm32.o
__vectors                                         /usr/lib/gcc/avr/4.8.2/../../../avr/lib/avr5/crtm32.o
_exit                                             /usr/lib/gcc/avr/4.8.2/avr5/libgcc.a(_exit.o)
_showScreenLCD_P                                  ../../../../rp6/RP6Examples_20120725f/RP6Lib/RP6control/RP6ControlLib.o
adc0                                              ../../../../rp6/RP6Examples_20120725f/RP6Lib/RP6control_I2CMasterLib/RP6Control_I2CMasterLib.o
adc1                                              ../../../../rp6/RP6Examples_20120725f/RP6Lib/RP6control_I2CMasterLib/RP6Control_I2CMasterLib.o
adcBat                                            ../../../../rp6/RP6Examples_20120725f/RP6Lib/RP6control_I2CMasterLib/RP6Control_I2CMasterLib.o
adcLSL                                            ../../../../rp6/RP6Examples_20120725f/RP6Lib/RP6control_I2CMasterLib/RP6Control_I2CMasterLib.o
adcLSR                                            ../../../../rp6/RP6Examples_20120725f/RP6Lib/RP6control_I2CMasterLib/RP6Control_I2CMasterLib.o
adcMotorCurrentLeft                               ../../../../rp6/RP6Examples_20120725f/RP6Lib/RP6control_I2CMasterLib/RP6Control_I2CMasterLib.o
adcMotorCurrentRight                              ../../../../rp6/RP6Examples_20120725f/RP6Lib/RP6control_I2CMasterLib/RP6Control_I2CMasterLib.o
assignCrashInfo                                   Crash.o
                                                  main.o
beep                                              ../../../../rp6/RP6Examples_20120725f/RP6Lib/RP6control/RP6ControlLib.o
block                                             ../../../../rp6/RP6Examples_20120725f/RP6Lib/RP6control_I2CMasterLib/RP6Control_I2CMasterLib.o
bumper_left                                       ../../../../rp6/RP6Examples_20120725f/RP6Lib/RP6control_I2CMasterLib/RP6Control_I2CMasterLib.o
                                                  Crash.o
bumper_right                                      ../../../../rp6/RP6Examples_20120725f/RP6Lib/RP6control_I2CMasterLib/RP6Control_I2CMasterLib.o
                                                  Crash.o
buttenChanged                                     Crash.o
                                                  main.o
calculateAverageLeftSpeed                         Drive.o
                                                  Crash.o
calculateAverageRightSpeed                        Drive.o
                                                  Crash.o
changeDirection                                   ../../../../rp6/RP6Examples_20120725f/RP6Lib/RP6control_I2CMasterLib/RP6Control_I2CMasterLib.o
                                                  main.o
checkPressedKeyEvent                              ../../../../rp6/RP6Examples_20120725f/RP6Lib/RP6control/RP6ControlLib.o
checkRP6Status                                    ../../../../rp6/RP6Examples_20120725f/RP6Lib/RP6control_I2CMasterLib/RP6Control_I2CMasterLib.o
checkReleasedKeyEvent                             ../../../../rp6/RP6Examples_20120725f/RP6Lib/RP6control/RP6ControlLib.o
clearLCD                                          ../../../../rp6/RP6Examples_20120725f/RP6Lib/RP6control/RP6ControlLib.o
                                                  main.o
clearPosLCD                                       ../../../../rp6/RP6Examples_20120725f/RP6Lib/RP6control/RP6ControlLib.o
                                                  main.o
clearReceptionBuffer                              ../../../../rp6/RP6Examples_20120725f/RP6Lib/RP6common/RP6uart.o
controlStatus                                     ../../../../rp6/RP6Examples_20120725f/RP6Lib/RP6control/RP6ControlLib.o
crashInfoToSend                                   Crash.o
crashInfoWasSend                                  Crash.o
                                                  main.o
delayCycles                                       ../../../../rp6/RP6Examples_20120725f/RP6Lib/RP6control/RP6ControlLib.o
delay_timer                                       ../../../../rp6/RP6Examples_20120725f/RP6Lib/RP6control/RP6ControlLib.o
dischargePeakDetector                             ../../../../rp6/RP6Examples_20120725f/RP6Lib/RP6control/RP6ControlLib.o
doneReadingGyro                                   MPU9250.o
drive_status                                      ../../../../rp6/RP6Examples_20120725f/RP6Lib/RP6control_I2CMasterLib/RP6Control_I2CMasterLib.o
                                                  Crash.o
                                                  main.o
exit                                              /usr/lib/gcc/avr/4.8.2/avr5/libgcc.a(_exit.o)
                                                  /usr/lib/gcc/avr/4.8.2/../../../avr/lib/avr5/crtm32.o
externalPort                                      ../../../../rp6/RP6Examples_20120725f/RP6Lib/RP6control/RP6ControlLib.o
gDataArray                                        Crash.o
                                                  MPU9250.o
getAllSensors                                     ../../../../rp6/RP6Examples_20120725f/RP6Lib/RP6control_I2CMasterLib/RP6Control_I2CMasterLib.o
                                                  main.o
getBufferLength                                   ../../../../rp6/RP6Examples_20120725f/RP6Lib/RP6common/RP6uart.o
getGyroData                                       MPU9250.o
getLightSensors                                   ../../../../rp6/RP6Examples_20120725f/RP6Lib/RP6control_I2CMasterLib/RP6Control_I2CMasterLib.o
getMicrophonePeak                                 ../../../../rp6/RP6Examples_20120725f/RP6Lib/RP6control/RP6ControlLib.o
getPressedKeyNumber                               ../../../../rp6/RP6Examples_20120725f/RP6Lib/RP6control/RP6ControlLib.o
gyroArrayIndexToWriteTo                           MPU9250.o
gyroArraySize                                     MPU9250.o
hitSide                                           Crash.o
initI2C_RP6Lib                                    ../../../../rp6/RP6Examples_20120725f/RP6Lib/RP6control_I2CMasterLib/RP6Control_I2CMasterLib.o
                                                  main.o
initLCD                                           ../../../../rp6/RP6Examples_20120725f/RP6Lib/RP6control/RP6ControlLib.o
initMPU9250                                       MPU9250.o
                                                  main.o
initRP6Control                                    ../../../../rp6/RP6Examples_20120725f/RP6Lib/RP6control/RP6ControlLib.o
                                                  main.o
interrupt_status                                  ../../../../rp6/RP6Examples_20120725f/RP6Lib/RP6control_I2CMasterLib/RP6Control_I2CMasterLib.o
                                                  Crash.o
                                                  main.o
itoa                                              /usr/lib/gcc/avr/4.8.2/../../../avr/lib/avr5/libc.a(itoa.o)
                                                  ../../../../rp6/RP6Examples_20120725f/RP6Lib/RP6common/RP6uart.o
                                                  ../../../../rp6/RP6Examples_20120725f/RP6Lib/RP6control/RP6ControlLib.o
lastButton2State                                  main.o
lastButton3State                                  main.o
lastButton5State                                  main.o
lcd_tmp_buffer                                    ../../../../rp6/RP6Examples_20120725f/RP6Lib/RP6control/RP6ControlLib.o
mSleep                                            ../../../../rp6/RP6Examples_20120725f/RP6Lib/RP6control/RP6ControlLib.o
                                                  ../../../../rp6/RP6Examples_20120725f/RP6Lib/RP6control_I2CMasterLib/RP6Control_I2CMasterLib.o
main                                              main.o
                                                  /usr/lib/gcc/avr/4.8.2/../../../avr/lib/avr5/crtm32.o
messageBuf                                        ../../../../rp6/RP6Examples_20120725f/RP6Lib/RP6control_I2CMasterLib/RP6Control_I2CMasterLib.o
mleft_des_speed                                   ../../../../rp6/RP6Examples_20120725f/RP6Lib/RP6control_I2CMasterLib/RP6Control_I2CMasterLib.o
mleft_dist                                        ../../../../rp6/RP6Examples_20120725f/RP6Lib/RP6control_I2CMasterLib/RP6Control_I2CMasterLib.o
mleft_power                                       ../../../../rp6/RP6Examples_20120725f/RP6Lib/RP6control_I2CMasterLib/RP6Control_I2CMasterLib.o
mleft_speed                                       ../../../../rp6/RP6Examples_20120725f/RP6Lib/RP6control_I2CMasterLib/RP6Control_I2CMasterLib.o
                                                  main.o
move                                              ../../../../rp6/RP6Examples_20120725f/RP6Lib/RP6control_I2CMasterLib/RP6Control_I2CMasterLib.o
moveAtSpeed                                       ../../../../rp6/RP6Examples_20120725f/RP6Lib/RP6control_I2CMasterLib/RP6Control_I2CMasterLib.o
                                                  main.o
mright_des_speed                                  ../../../../rp6/RP6Examples_20120725f/RP6Lib/RP6control_I2CMasterLib/RP6Control_I2CMasterLib.o
mright_dist                                       ../../../../rp6/RP6Examples_20120725f/RP6Lib/RP6control_I2CMasterLib/RP6Control_I2CMasterLib.o
mright_power                                      ../../../../rp6/RP6Examples_20120725f/RP6Lib/RP6control_I2CMasterLib/RP6Control_I2CMasterLib.o
mright_speed                                      ../../../../rp6/RP6Examples_20120725f/RP6Lib/RP6control_I2CMasterLib/RP6Control_I2CMasterLib.o
                                                  main.o
ms_timer                                          ../../../../rp6/RP6Examples_20120725f/RP6Lib/RP6control/RP6ControlLib.o
obstacle_left                                     ../../../../rp6/RP6Examples_20120725f/RP6Lib/RP6control_I2CMasterLib/RP6Control_I2CMasterLib.o
obstacle_right                                    ../../../../rp6/RP6Examples_20120725f/RP6Lib/RP6control_I2CMasterLib/RP6Control_I2CMasterLib.o
outputExt                                         ../../../../rp6/RP6Examples_20120725f/RP6Lib/RP6control/RP6ControlLib.o
pressed                                           Crash.o
                                                  main.o
readADC                                           ../../../../rp6/RP6Examples_20120725f/RP6Lib/RP6control/RP6ControlLib.o
readBufferSPI                                     ../../../../rp6/RP6Examples_20120725f/RP6Lib/RP6control/RP6ControlLib.o
readChar                                          ../../../../rp6/RP6Examples_20120725f/RP6Lib/RP6common/RP6uart.o
readChars                                         ../../../../rp6/RP6Examples_20120725f/RP6Lib/RP6common/RP6uart.o
readSPI                                           ../../../../rp6/RP6Examples_20120725f/RP6Lib/RP6control/RP6ControlLib.o
readWordSPI                                       ../../../../rp6/RP6Examples_20120725f/RP6Lib/RP6control/RP6ControlLib.o
read_pos                                          ../../../../rp6/RP6Examples_20120725f/RP6Lib/RP6common/RP6uart.o
read_size                                         ../../../../rp6/RP6Examples_20120725f/RP6Lib/RP6common/RP6uart.o
rotate                                            ../../../../rp6/RP6Examples_20120725f/RP6Lib/RP6control_I2CMasterLib/RP6Control_I2CMasterLib.o
sData                                             Drive.o
sDataArray                                        Crash.o
                                                  Drive.o
                                                  main.o
saveGyroData                                      MPU9250.o
                                                  main.o
saveSpeedData                                     Drive.o
                                                  main.o
sendCrashInfo                                     Crash.o
                                                  main.o
sensorBuf                                         ../../../../rp6/RP6Examples_20120725f/RP6Lib/RP6control_I2CMasterLib/RP6Control_I2CMasterLib.o
setBeeperPitch                                    ../../../../rp6/RP6Examples_20120725f/RP6Lib/RP6control/RP6ControlLib.o
setCursorPosLCD                                   ../../../../rp6/RP6Examples_20120725f/RP6Lib/RP6control/RP6ControlLib.o
                                                  main.o
setLCDD                                           ../../../../rp6/RP6Examples_20120725f/RP6Lib/RP6control/RP6ControlLib.o
setLEDs                                           ../../../../rp6/RP6Examples_20120725f/RP6Lib/RP6control/RP6ControlLib.o
                                                  main.o
setRP6LEDs                                        ../../../../rp6/RP6Examples_20120725f/RP6Lib/RP6control_I2CMasterLib/RP6Control_I2CMasterLib.o
                                                  Crash.o
sideHit                                           main.o
sleep                                             ../../../../rp6/RP6Examples_20120725f/RP6Lib/RP6control/RP6ControlLib.o
sound_timer                                       ../../../../rp6/RP6Examples_20120725f/RP6Lib/RP6control/RP6ControlLib.o
speedArrayIndexToWriteTo                          Drive.o
speedArraySize                                    Drive.o
status                                            ../../../../rp6/RP6Examples_20120725f/RP6Lib/RP6control_I2CMasterLib/RP6Control_I2CMasterLib.o
                                                  Crash.o
                                                  main.o
statusLEDs                                        ../../../../rp6/RP6Examples_20120725f/RP6Lib/RP6control_I2CMasterLib/RP6Control_I2CMasterLib.o
                                                  Crash.o
                                                  main.o
stop                                              ../../../../rp6/RP6Examples_20120725f/RP6Lib/RP6control_I2CMasterLib/RP6Control_I2CMasterLib.o
                                                  main.o
stopwatches                                       ../../../../rp6/RP6Examples_20120725f/RP6Lib/RP6control/RP6ControlLib.o
                                                  MPU9250.o
                                                  main.o
strrev                                            /usr/lib/gcc/avr/4.8.2/../../../avr/lib/avr5/libc.a(strrev.o)
                                                  /usr/lib/gcc/avr/4.8.2/../../../avr/lib/avr5/libc.a(itoa.o)
task_I2CTWI                                       ../../../../rp6/RP6Examples_20120725f/RP6Lib/RP6common/RP6I2CmasterTWI.o
                                                  ../../../../rp6/RP6Examples_20120725f/RP6Lib/RP6control_I2CMasterLib/RP6Control_I2CMasterLib.o
                                                  main.o
task_checkButtonChanged                           main.o
task_checkINT0                                    ../../../../rp6/RP6Examples_20120725f/RP6Lib/RP6control_I2CMasterLib/RP6Control_I2CMasterLib.o
                                                  main.o
timer                                             ../../../../rp6/RP6Examples_20120725f/RP6Lib/RP6control_I2CMasterLib/RP6Control_I2CMasterLib.o
                                                  ../../../../rp6/RP6Examples_20120725f/RP6Lib/RP6control/RP6ControlLib.o
                                                  Crash.o
                                                  main.o
timesPressed2                                     main.o
timesPressed3                                     main.o
timesPressed5                                     main.o
transmit_buffer                                   ../../../../rp6/RP6Examples_20120725f/RP6Lib/RP6control_I2CMasterLib/RP6Control_I2CMasterLib.o
uart_receive_buffer                               ../../../../rp6/RP6Examples_20120725f/RP6Lib/RP6common/RP6uart.o
uart_status                                       ../../../../rp6/RP6Examples_20120725f/RP6Lib/RP6common/RP6uart.o
updateStatusLEDs                                  ../../../../rp6/RP6Examples_20120725f/RP6Lib/RP6control_I2CMasterLib/RP6Control_I2CMasterLib.o
waitForTransmitComplete                           ../../../../rp6/RP6Examples_20120725f/RP6Lib/RP6control_I2CMasterLib/RP6Control_I2CMasterLib.o
watchDogRequest                                   main.o
write4BitLCDData                                  ../../../../rp6/RP6Examples_20120725f/RP6Lib/RP6control/RP6ControlLib.o
writeBufferSPI                                    ../../../../rp6/RP6Examples_20120725f/RP6Lib/RP6control/RP6ControlLib.o
writeButtonPressOnLCD                             main.o
writeChar                                         ../../../../rp6/RP6Examples_20120725f/RP6Lib/RP6common/RP6uart.o
                                                  Crash.o
                                                  MPU9250.o
                                                  Drive.o
                                                  main.o
writeCharLCD                                      ../../../../rp6/RP6Examples_20120725f/RP6Lib/RP6control/RP6ControlLib.o
writeGyro                                         MPU9250.o
                                                  Crash.o
writeInteger                                      ../../../../rp6/RP6Examples_20120725f/RP6Lib/RP6common/RP6uart.o
                                                  Crash.o
                                                  MPU9250.o
                                                  Drive.o
                                                  main.o
writeIntegerLCD                                   ../../../../rp6/RP6Examples_20120725f/RP6Lib/RP6control/RP6ControlLib.o
                                                  main.o
writeIntegerLength                                ../../../../rp6/RP6Examples_20120725f/RP6Lib/RP6common/RP6uart.o
writeIntegerLengthLCD                             ../../../../rp6/RP6Examples_20120725f/RP6Lib/RP6control/RP6ControlLib.o
writeLCDCommand                                   ../../../../rp6/RP6Examples_20120725f/RP6Lib/RP6control/RP6ControlLib.o
writeNStringLCD_P                                 ../../../../rp6/RP6Examples_20120725f/RP6Lib/RP6control/RP6ControlLib.o
                                                  main.o
writeNStringP                                     ../../../../rp6/RP6Examples_20120725f/RP6Lib/RP6common/RP6uart.o
                                                  main.o
writeSPI                                          ../../../../rp6/RP6Examples_20120725f/RP6Lib/RP6control/RP6ControlLib.o
writeSpeed                                        Drive.o
                                                  Crash.o
writeString                                       ../../../../rp6/RP6Examples_20120725f/RP6Lib/RP6common/RP6uart.o
                                                  Crash.o
                                                  MPU9250.o
                                                  Drive.o
                                                  main.o
writeStringLCD                                    ../../../../rp6/RP6Examples_20120725f/RP6Lib/RP6control/RP6ControlLib.o
                                                  main.o
writeStringLength                                 ../../../../rp6/RP6Examples_20120725f/RP6Lib/RP6common/RP6uart.o
writeStringLengthLCD                              ../../../../rp6/RP6Examples_20120725f/RP6Lib/RP6control/RP6ControlLib.o
writeWordSPI                                      ../../../../rp6/RP6Examples_20120725f/RP6Lib/RP6control/RP6ControlLib.o
write_pos                                         ../../../../rp6/RP6Examples_20120725f/RP6Lib/RP6common/RP6uart.o
write_size                                        ../../../../rp6/RP6Examples_20120725f/RP6Lib/RP6common/RP6uart.o
